Archive member included to satisfy reference by file (symbol)

/usr/lib/gcc/arm-none-eabi/6.3.1/../../../arm-none-eabi/lib/libc_nano.a(lib_a-atexit.o)
                              /usr/lib/gcc/arm-none-eabi/6.3.1/../../../arm-none-eabi/lib/crt0.o (atexit)
/usr/lib/gcc/arm-none-eabi/6.3.1/../../../arm-none-eabi/lib/libc_nano.a(lib_a-exit.o)
                              /usr/lib/gcc/arm-none-eabi/6.3.1/../../../arm-none-eabi/lib/crt0.o (exit)
/usr/lib/gcc/arm-none-eabi/6.3.1/../../../arm-none-eabi/lib/libc_nano.a(lib_a-fini.o)
                              /usr/lib/gcc/arm-none-eabi/6.3.1/../../../arm-none-eabi/lib/crt0.o (__libc_fini_array)
/usr/lib/gcc/arm-none-eabi/6.3.1/../../../arm-none-eabi/lib/libc_nano.a(lib_a-impure.o)
                              /usr/lib/gcc/arm-none-eabi/6.3.1/../../../arm-none-eabi/lib/libc_nano.a(lib_a-exit.o) (_global_impure_ptr)
/usr/lib/gcc/arm-none-eabi/6.3.1/../../../arm-none-eabi/lib/libc_nano.a(lib_a-init.o)
                              /usr/lib/gcc/arm-none-eabi/6.3.1/../../../arm-none-eabi/lib/crt0.o (__libc_init_array)
/usr/lib/gcc/arm-none-eabi/6.3.1/../../../arm-none-eabi/lib/libc_nano.a(lib_a-memcpy-stub.o)
                              build/queue.o (memcpy)
/usr/lib/gcc/arm-none-eabi/6.3.1/../../../arm-none-eabi/lib/libc_nano.a(lib_a-memset.o)
                              /usr/lib/gcc/arm-none-eabi/6.3.1/../../../arm-none-eabi/lib/crt0.o (memset)
/usr/lib/gcc/arm-none-eabi/6.3.1/../../../arm-none-eabi/lib/libc_nano.a(lib_a-__atexit.o)
                              /usr/lib/gcc/arm-none-eabi/6.3.1/../../../arm-none-eabi/lib/libc_nano.a(lib_a-atexit.o) (__register_exitproc)
/usr/lib/gcc/arm-none-eabi/6.3.1/../../../arm-none-eabi/lib/libc_nano.a(lib_a-__call_atexit.o)
                              /usr/lib/gcc/arm-none-eabi/6.3.1/../../../arm-none-eabi/lib/libc_nano.a(lib_a-__atexit.o) (__call_exitprocs)
/usr/lib/gcc/arm-none-eabi/6.3.1/../../../arm-none-eabi/lib/libnosys.a(_exit.o)
                              /usr/lib/gcc/arm-none-eabi/6.3.1/../../../arm-none-eabi/lib/libc_nano.a(lib_a-exit.o) (_exit)

Allocating common symbols
Common symbol       size              file

defaultTaskHandle   0x4               build/freertos.o
hdma_usart2_rx      0x44              build/usart.o
htim4               0x40              build/tim.o
hdma_usart3_rx      0x44              build/usart.o
huart3              0x40              build/usart.o
uwTick              0x4               build/stm32f1xx_hal.o
xQueueRegistry      0x40              build/queue.o
pFlash              0x20              build/stm32f1xx_hal_flash.o
htim5               0x40              build/tim.o
htim3               0x40              build/tim.o
hadc1               0x30              build/adc.o
hdma_usart1_rx      0x44              build/usart.o
huart1              0x40              build/usart.o
hdma_adc1           0x44              build/adc.o
htim1               0x40              build/stm32f1xx_hal_timebase_TIM.o
hspi1               0x58              build/spi.o
huart2              0x40              build/usart.o

Discarded input sections

 .text          0x0000000000000000        0x0 /usr/lib/gcc/arm-none-eabi/6.3.1/thumb/v7-m/crti.o
 .data          0x0000000000000000        0x0 /usr/lib/gcc/arm-none-eabi/6.3.1/thumb/v7-m/crti.o
 .bss           0x0000000000000000        0x0 /usr/lib/gcc/arm-none-eabi/6.3.1/thumb/v7-m/crti.o
 .data          0x0000000000000000        0x4 /usr/lib/gcc/arm-none-eabi/6.3.1/thumb/v7-m/crtbegin.o
 .text          0x0000000000000000      0x104 /usr/lib/gcc/arm-none-eabi/6.3.1/../../../arm-none-eabi/lib/crt0.o
 .data          0x0000000000000000        0x0 /usr/lib/gcc/arm-none-eabi/6.3.1/../../../arm-none-eabi/lib/crt0.o
 .bss           0x0000000000000000        0x0 /usr/lib/gcc/arm-none-eabi/6.3.1/../../../arm-none-eabi/lib/crt0.o
 .ARM.extab     0x0000000000000000        0x0 /usr/lib/gcc/arm-none-eabi/6.3.1/../../../arm-none-eabi/lib/crt0.o
 .ARM.exidx     0x0000000000000000        0x8 /usr/lib/gcc/arm-none-eabi/6.3.1/../../../arm-none-eabi/lib/crt0.o
 .debug_line    0x0000000000000000       0x92 /usr/lib/gcc/arm-none-eabi/6.3.1/../../../arm-none-eabi/lib/crt0.o
 .debug_info    0x0000000000000000       0x92 /usr/lib/gcc/arm-none-eabi/6.3.1/../../../arm-none-eabi/lib/crt0.o
 .debug_abbrev  0x0000000000000000       0x14 /usr/lib/gcc/arm-none-eabi/6.3.1/../../../arm-none-eabi/lib/crt0.o
 .debug_aranges
                0x0000000000000000       0x20 /usr/lib/gcc/arm-none-eabi/6.3.1/../../../arm-none-eabi/lib/crt0.o
 .ARM.attributes
                0x0000000000000000       0x14 /usr/lib/gcc/arm-none-eabi/6.3.1/../../../arm-none-eabi/lib/crt0.o
 .text          0x0000000000000000        0x0 build/main.o
 .data          0x0000000000000000        0x0 build/main.o
 .bss           0x0000000000000000        0x0 build/main.o
 .text          0x0000000000000000        0x0 build/gpio.o
 .data          0x0000000000000000        0x0 build/gpio.o
[...]
Memory Configuration

Name             Origin             Length             Attributes
RAM              0x0000000020000000 0x000000000000c000 xrw
FLASH            0x0000000008000000 0x0000000000040000 xr
*default*        0x0000000000000000 0xffffffffffffffff

Linker script and memory map

LOAD /usr/lib/gcc/arm-none-eabi/6.3.1/thumb/v7-m/crti.o
LOAD /usr/lib/gcc/arm-none-eabi/6.3.1/thumb/v7-m/crtbegin.o
LOAD /usr/lib/gcc/arm-none-eabi/6.3.1/../../../arm-none-eabi/lib/crt0.o
LOAD build/main.o
LOAD build/gpio.o
LOAD build/adc.o
LOAD build/dma.o
LOAD build/freertos.o
LOAD build/spi.o
LOAD build/tim.o
LOAD build/usart.o
LOAD build/stm32f1xx_it.o
LOAD build/stm32f1xx_hal_msp.o
LOAD build/stm32f1xx_hal_timebase_TIM.o
LOAD build/stm32f1xx_hal_gpio_ex.o
LOAD build/stm32f1xx_hal_adc.o
LOAD build/stm32f1xx_hal_adc_ex.o
LOAD build/stm32f1xx_hal_spi.o
LOAD build/stm32f1xx_hal_spi_ex.o
LOAD build/stm32f1xx_hal_tim.o
LOAD build/stm32f1xx_hal_tim_ex.o
LOAD build/stm32f1xx_hal_uart.o
LOAD build/stm32f1xx_hal.o
LOAD build/stm32f1xx_hal_rcc.o
LOAD build/stm32f1xx_hal_rcc_ex.o
LOAD build/stm32f1xx_hal_gpio.o
LOAD build/stm32f1xx_hal_dma.o
LOAD build/stm32f1xx_hal_cortex.o
LOAD build/stm32f1xx_hal_pwr.o
LOAD build/stm32f1xx_hal_flash.o
LOAD build/stm32f1xx_hal_flash_ex.o
LOAD build/system_stm32f1xx.o
LOAD build/heap_4.o
LOAD build/port.o
LOAD build/queue.o
LOAD build/croutine.o
LOAD build/event_groups.o
LOAD build/timers.o
LOAD build/tasks.o
LOAD build/list.o
LOAD build/cmsis_os.o
LOAD build/startup_stm32f103xe.o
LOAD /usr/lib/gcc/arm-none-eabi/6.3.1/../../../arm-none-eabi/lib/libc_nano.a
LOAD /usr/lib/gcc/arm-none-eabi/6.3.1/../../../arm-none-eabi/lib/libm.a
LOAD /usr/lib/gcc/arm-none-eabi/6.3.1/../../../arm-none-eabi/lib/libnosys.a
START GROUP
LOAD /usr/lib/gcc/arm-none-eabi/6.3.1/thumb/v7-m/libgcc.a
LOAD /usr/lib/gcc/arm-none-eabi/6.3.1/../../../arm-none-eabi/lib/libc_nano.a
END GROUP
START GROUP
LOAD /usr/lib/gcc/arm-none-eabi/6.3.1/thumb/v7-m/libgcc.a
LOAD /usr/lib/gcc/arm-none-eabi/6.3.1/../../../arm-none-eabi/lib/libc_nano.a
END GROUP
LOAD /usr/lib/gcc/arm-none-eabi/6.3.1/thumb/v7-m/crtend.o
LOAD /usr/lib/gcc/arm-none-eabi/6.3.1/thumb/v7-m/crtn.o
                0x000000002000c000                _estack = 0x2000c000
                0x0000000000000200                _Min_Heap_Size = 0x200
                0x0000000000000400                _Min_Stack_Size = 0x400

.isr_vector     0x0000000008000000      0x1e4
                0x0000000008000000                . = ALIGN (0x4)
 *(.isr_vector)
 .isr_vector    0x0000000008000000      0x1e4 build/startup_stm32f103xe.o
                0x0000000008000000                g_pfnVectors
                0x00000000080001e4                . = ALIGN (0x4)

.text           0x00000000080001f0     0x376c
                0x00000000080001f0                . = ALIGN (0x4)
 *(.text)
 .text          0x00000000080001f0       0xa4 /usr/lib/gcc/arm-none-eabi/6.3.1/thumb/v7-m/crtbegin.o
 .text          0x0000000008000294       0x80 /usr/lib/gcc/arm-none-eabi/6.3.1/../../../arm-none-eabi/lib/libc_nano.a(lib_a-init.o)
                0x0000000008000294                __libc_init_array
 *(.text*)
 .text.MX_NVIC_Init
                0x0000000008000314       0xa4 build/main.o
 .text.HAL_TIM_PeriodElapsedCallback
                0x00000000080003b8       0x18 build/main.o
                0x00000000080003b8                HAL_TIM_PeriodElapsedCallback
 .text._Error_Handler
                0x00000000080003d0        0x2 build/main.o
                0x00000000080003d0                _Error_Handler
 *fill*         0x00000000080003d2        0x2 
 .text.SystemClock_Config
                0x00000000080003d4       0xa0 build/main.o
                0x00000000080003d4                SystemClock_Config
 .text.main     0x0000000008000474       0x40 build/main.o
                0x0000000008000474                main
 .text.MX_GPIO_Init
                0x00000000080004b4       0xc8 build/gpio.o
                0x00000000080004b4                MX_GPIO_Init
 .text.MX_ADC1_Init
                0x000000000800057c       0x80 build/adc.o
                0x000000000800057c                MX_ADC1_Init
 .text.HAL_ADC_MspInit
                0x00000000080005fc       0x84 build/adc.o
                0x00000000080005fc                HAL_ADC_MspInit
 .text.MX_DMA_Init
                0x0000000008000680       0x20 build/dma.o
                0x0000000008000680                MX_DMA_Init
 .text.StartDefaultTask
                0x00000000080006a0        0xa build/freertos.o
                0x00000000080006a0                StartDefaultTask
 *fill*         0x00000000080006aa        0x2 
 .text.MX_FREERTOS_Init
                0x00000000080006ac       0x28 build/freertos.o
                0x00000000080006ac                MX_FREERTOS_Init
 .text.MX_SPI1_Init
                0x00000000080006d4       0x48 build/spi.o
                0x00000000080006d4                MX_SPI1_Init
 .text.HAL_SPI_MspInit
                0x000000000800071c       0x58 build/spi.o
                0x000000000800071c                HAL_SPI_MspInit
 .text.MX_TIM4_Init
                0x0000000008000774       0x70 build/tim.o
                0x0000000008000774                MX_TIM4_Init
 .text.MX_TIM5_Init
                0x00000000080007e4       0x70 build/tim.o
                0x00000000080007e4                MX_TIM5_Init
 .text.HAL_TIM_Base_MspInit
                0x0000000008000854       0x6c build/tim.o
                0x0000000008000854                HAL_TIM_Base_MspInit
 .text.HAL_TIM_MspPostInit
                0x00000000080008c0       0x44 build/tim.o
                0x00000000080008c0                HAL_TIM_MspPostInit
 .text.MX_TIM3_Init
                0x0000000008000904       0xa8 build/tim.o
                0x0000000008000904                MX_TIM3_Init
 .text.MX_USART1_UART_Init
                0x00000000080009ac       0x3c build/usart.o
                0x00000000080009ac                MX_USART1_UART_Init
 .text.MX_USART2_UART_Init
                0x00000000080009e8       0x3c build/usart.o
                0x00000000080009e8                MX_USART2_UART_Init
 .text.MX_USART3_UART_Init
                0x0000000008000a24       0x3c build/usart.o
                0x0000000008000a24                MX_USART3_UART_Init
 .text.HAL_UART_MspInit
                0x0000000008000a60      0x198 build/usart.o
                0x0000000008000a60                HAL_UART_MspInit
 .text.NMI_Handler
                0x0000000008000bf8        0x2 build/stm32f1xx_it.o
                0x0000000008000bf8                NMI_Handler
 .text.HardFault_Handler
                0x0000000008000bfa        0x2 build/stm32f1xx_it.o
                0x0000000008000bfa                HardFault_Handler
 .text.MemManage_Handler
                0x0000000008000bfc        0x2 build/stm32f1xx_it.o
                0x0000000008000bfc                MemManage_Handler
 .text.BusFault_Handler
                0x0000000008000bfe        0x2 build/stm32f1xx_it.o
                0x0000000008000bfe                BusFault_Handler
 .text.UsageFault_Handler
                0x0000000008000c00        0x2 build/stm32f1xx_it.o
                0x0000000008000c00                UsageFault_Handler
 .text.DebugMon_Handler
                0x0000000008000c02        0x2 build/stm32f1xx_it.o
                0x0000000008000c02                DebugMon_Handler
 .text.SysTick_Handler
                0x0000000008000c04        0x8 build/stm32f1xx_it.o
                0x0000000008000c04                SysTick_Handler
 .text.EXTI4_IRQHandler
                0x0000000008000c0c        0xa build/stm32f1xx_it.o
                0x0000000008000c0c                EXTI4_IRQHandler
 *fill*         0x0000000008000c16        0x2 
 .text.DMA1_Channel1_IRQHandler
                0x0000000008000c18       0x10 build/stm32f1xx_it.o
                0x0000000008000c18                DMA1_Channel1_IRQHandler
 .text.DMA1_Channel3_IRQHandler
                0x0000000008000c28       0x10 build/stm32f1xx_it.o
                0x0000000008000c28                DMA1_Channel3_IRQHandler
 .text.DMA1_Channel5_IRQHandler
                0x0000000008000c38       0x10 build/stm32f1xx_it.o
                0x0000000008000c38                DMA1_Channel5_IRQHandler
 .text.DMA1_Channel6_IRQHandler
                0x0000000008000c48       0x10 build/stm32f1xx_it.o
                0x0000000008000c48                DMA1_Channel6_IRQHandler
 .text.TIM1_UP_IRQHandler
                0x0000000008000c58       0x10 build/stm32f1xx_it.o
                0x0000000008000c58                TIM1_UP_IRQHandler
 .text.TIM4_IRQHandler
                0x0000000008000c68       0x10 build/stm32f1xx_it.o
                0x0000000008000c68                TIM4_IRQHandler
 .text.USART1_IRQHandler
                0x0000000008000c78       0x10 build/stm32f1xx_it.o
                0x0000000008000c78                USART1_IRQHandler
 .text.USART2_IRQHandler
                0x0000000008000c88       0x10 build/stm32f1xx_it.o
                0x0000000008000c88                USART2_IRQHandler
 .text.USART3_IRQHandler
                0x0000000008000c98       0x10 build/stm32f1xx_it.o
                0x0000000008000c98                USART3_IRQHandler
 .text.TIM5_IRQHandler
                0x0000000008000ca8       0x10 build/stm32f1xx_it.o
                0x0000000008000ca8                TIM5_IRQHandler
 .text.HAL_MspInit
                0x0000000008000cb8       0xa0 build/stm32f1xx_hal_msp.o
                0x0000000008000cb8                HAL_MspInit
 .text.HAL_InitTick
                0x0000000008000d58       0x78 build/stm32f1xx_hal_timebase_TIM.o
                0x0000000008000d58                HAL_InitTick
 .text.HAL_ADC_ConfigChannel
                0x0000000008000dd0      0x138 build/stm32f1xx_hal_adc.o
                0x0000000008000dd0                HAL_ADC_ConfigChannel
 .text.ADC_ConversionStop_Disable
                0x0000000008000f08       0x4c build/stm32f1xx_hal_adc.o
                0x0000000008000f08                ADC_ConversionStop_Disable
 .text.HAL_ADC_Init
                0x0000000008000f54      0x12c build/stm32f1xx_hal_adc.o
                0x0000000008000f54                HAL_ADC_Init
 .text.HAL_SPI_Init
                0x0000000008001080       0x82 build/stm32f1xx_hal_spi_ex.o
                0x0000000008001080                HAL_SPI_Init
 *fill*         0x0000000008001102        0x2 
 .text.TIM_OC1_SetConfig
                0x0000000008001104       0x6c build/stm32f1xx_hal_tim.o
 .text.TIM_OC3_SetConfig
                0x0000000008001170       0x74 build/stm32f1xx_hal_tim.o
 .text.TIM_OC4_SetConfig
                0x00000000080011e4       0x50 build/stm32f1xx_hal_tim.o
 .text.TIM_TI1_ConfigInputStage
                0x0000000008001234       0x24 build/stm32f1xx_hal_tim.o
 .text.TIM_TI2_ConfigInputStage
                0x0000000008001258       0x26 build/stm32f1xx_hal_tim.o
 .text.TIM_ITRx_SetConfig
                0x000000000800127e       0x10 build/stm32f1xx_hal_tim.o
 .text.TIM_ETR_SetConfig
                0x000000000800128e       0x16 build/stm32f1xx_hal_tim.o
 .text.HAL_TIM_Base_Start_IT
                0x00000000080012a4       0x18 build/stm32f1xx_hal_tim.o
                0x00000000080012a4                HAL_TIM_Base_Start_IT
 .text.HAL_TIM_PWM_MspInit
                0x00000000080012bc        0x2 build/stm32f1xx_hal_tim.o
                0x00000000080012bc                HAL_TIM_PWM_MspInit
 .text.HAL_TIM_ConfigClockSource
                0x00000000080012be      0x108 build/stm32f1xx_hal_tim.o
                0x00000000080012be                HAL_TIM_ConfigClockSource
 .text.HAL_TIM_OC_DelayElapsedCallback
                0x00000000080013c6        0x2 build/stm32f1xx_hal_tim.o
                0x00000000080013c6                HAL_TIM_OC_DelayElapsedCallback
 .text.HAL_TIM_IC_CaptureCallback
                0x00000000080013c8        0x2 build/stm32f1xx_hal_tim.o
                0x00000000080013c8                HAL_TIM_IC_CaptureCallback
 .text.HAL_TIM_PWM_PulseFinishedCallback
                0x00000000080013ca        0x2 build/stm32f1xx_hal_tim.o
                0x00000000080013ca                HAL_TIM_PWM_PulseFinishedCallback
 .text.HAL_TIM_TriggerCallback
                0x00000000080013cc        0x2 build/stm32f1xx_hal_tim.o
                0x00000000080013cc                HAL_TIM_TriggerCallback
 .text.HAL_TIM_IRQHandler
                0x00000000080013ce      0x17a build/stm32f1xx_hal_tim.o
                0x00000000080013ce                HAL_TIM_IRQHandler
 .text.TIM_Base_SetConfig
                0x0000000008001548       0x9c build/stm32f1xx_hal_tim.o
                0x0000000008001548                TIM_Base_SetConfig
 .text.HAL_TIM_Base_Init
                0x00000000080015e4       0x32 build/stm32f1xx_hal_tim.o
                0x00000000080015e4                HAL_TIM_Base_Init
 .text.HAL_TIM_PWM_Init
                0x0000000008001616       0x32 build/stm32f1xx_hal_tim.o
                0x0000000008001616                HAL_TIM_PWM_Init
 .text.TIM_OC2_SetConfig
                0x0000000008001648       0x74 build/stm32f1xx_hal_tim.o
                0x0000000008001648                TIM_OC2_SetConfig
 .text.HAL_TIM_PWM_ConfigChannel
                0x00000000080016bc       0xdc build/stm32f1xx_hal_tim.o
                0x00000000080016bc                HAL_TIM_PWM_ConfigChannel
 .text.HAL_TIMEx_MasterConfigSynchronization
                0x0000000008001798       0x52 build/stm32f1xx_hal_tim_ex.o
                0x0000000008001798                HAL_TIMEx_MasterConfigSynchronization
 .text.HAL_TIMEx_CommutationCallback
                0x00000000080017ea        0x2 build/stm32f1xx_hal_tim_ex.o
                0x00000000080017ea                HAL_TIMEx_CommutationCallback
 .text.HAL_TIMEx_BreakCallback
                0x00000000080017ec        0x2 build/stm32f1xx_hal_tim_ex.o
                0x00000000080017ec                HAL_TIMEx_BreakCallback
 .text.UART_EndRxTransfer
                0x00000000080017ee       0x1c build/stm32f1xx_hal_uart.o
 .text.UART_Transmit_IT
                0x000000000800180a       0x6a build/stm32f1xx_hal_uart.o
 .text.UART_SetConfig
                0x0000000008001874      0x1b0 build/stm32f1xx_hal_uart.o
 .text.HAL_UART_Init
                0x0000000008001a24       0x5e build/stm32f1xx_hal_uart.o
                0x0000000008001a24                HAL_UART_Init
 .text.HAL_UART_TxCpltCallback
                0x0000000008001a82        0x2 build/stm32f1xx_hal_uart.o
                0x0000000008001a82                HAL_UART_TxCpltCallback
 .text.UART_EndTransmit_IT
                0x0000000008001a84       0x1a build/stm32f1xx_hal_uart.o
 .text.HAL_UART_RxCpltCallback
                0x0000000008001a9e        0x2 build/stm32f1xx_hal_uart.o
                0x0000000008001a9e                HAL_UART_RxCpltCallback
 .text.UART_Receive_IT
                0x0000000008001aa0       0x9e build/stm32f1xx_hal_uart.o
 .text.HAL_UART_ErrorCallback
                0x0000000008001b3e        0x2 build/stm32f1xx_hal_uart.o
                0x0000000008001b3e                HAL_UART_ErrorCallback
 .text.HAL_UART_IRQHandler
                0x0000000008001b40      0x120 build/stm32f1xx_hal_uart.o
                0x0000000008001b40                HAL_UART_IRQHandler
 .text.UART_DMAAbortOnError
                0x0000000008001c60       0x10 build/stm32f1xx_hal_uart.o
 .text.HAL_Init
                0x0000000008001c70       0x24 build/stm32f1xx_hal.o
                0x0000000008001c70                HAL_Init
 .text.HAL_IncTick
                0x0000000008001c94       0x18 build/stm32f1xx_hal.o
                0x0000000008001c94                HAL_IncTick
 .text.HAL_GetTick
                0x0000000008001cac        0xc build/stm32f1xx_hal.o
                0x0000000008001cac                HAL_GetTick
 .text.RCC_Delay
                0x0000000008001cb8       0x2c build/stm32f1xx_hal_rcc.o
 .text.HAL_RCC_OscConfig
                0x0000000008001ce4      0x3e0 build/stm32f1xx_hal_rcc.o
                0x0000000008001ce4                HAL_RCC_OscConfig
 .text.HAL_RCC_GetSysClockFreq
                0x00000000080020c4       0x6c build/stm32f1xx_hal_rcc.o
                0x00000000080020c4                HAL_RCC_GetSysClockFreq
 .text.HAL_RCC_ClockConfig
                0x0000000008002130      0x178 build/stm32f1xx_hal_rcc.o
                0x0000000008002130                HAL_RCC_ClockConfig
 .text.HAL_RCC_GetHCLKFreq
                0x00000000080022a8        0xc build/stm32f1xx_hal_rcc.o
                0x00000000080022a8                HAL_RCC_GetHCLKFreq
 .text.HAL_RCC_GetPCLK1Freq
                0x00000000080022b4       0x20 build/stm32f1xx_hal_rcc.o
                0x00000000080022b4                HAL_RCC_GetPCLK1Freq
 .text.HAL_RCC_GetPCLK2Freq
                0x00000000080022d4       0x20 build/stm32f1xx_hal_rcc.o
                0x00000000080022d4                HAL_RCC_GetPCLK2Freq
 .text.HAL_RCC_GetClockConfig
                0x00000000080022f4       0x3c build/stm32f1xx_hal_rcc.o
                0x00000000080022f4                HAL_RCC_GetClockConfig
 .text.HAL_RCCEx_PeriphCLKConfig
                0x0000000008002330      0x114 build/stm32f1xx_hal_rcc_ex.o
                0x0000000008002330                HAL_RCCEx_PeriphCLKConfig
 .text.HAL_GPIO_Init
                0x0000000008002444      0x1fc build/stm32f1xx_hal_gpio.o
                0x0000000008002444                HAL_GPIO_Init
 .text.HAL_GPIO_WritePin
                0x0000000008002640        0xc build/stm32f1xx_hal_gpio.o
                0x0000000008002640                HAL_GPIO_WritePin
 .text.HAL_GPIO_EXTI_Callback
                0x000000000800264c        0x2 build/stm32f1xx_hal_gpio.o
                0x000000000800264c                HAL_GPIO_EXTI_Callback
 *fill*         0x000000000800264e        0x2 
 .text.HAL_GPIO_EXTI_IRQHandler
                0x0000000008002650       0x1c build/stm32f1xx_hal_gpio.o
                0x0000000008002650                HAL_GPIO_EXTI_IRQHandler
 .text.HAL_DMA_Init
                0x000000000800266c       0xa0 build/stm32f1xx_hal_dma.o
                0x000000000800266c                HAL_DMA_Init
 .text.HAL_DMA_Abort_IT
                0x000000000800270c      0x15c build/stm32f1xx_hal_dma.o
                0x000000000800270c                HAL_DMA_Abort_IT
 .text.HAL_DMA_IRQHandler
                0x0000000008002868      0x2d0 build/stm32f1xx_hal_dma.o
                0x0000000008002868                HAL_DMA_IRQHandler
 .text.HAL_NVIC_SetPriorityGrouping
                0x0000000008002b38       0x24 build/stm32f1xx_hal_cortex.o
                0x0000000008002b38                HAL_NVIC_SetPriorityGrouping
 .text.HAL_NVIC_SetPriority
                0x0000000008002b5c       0x64 build/stm32f1xx_hal_cortex.o
                0x0000000008002b5c                HAL_NVIC_SetPriority
 .text.HAL_NVIC_EnableIRQ
                0x0000000008002bc0       0x18 build/stm32f1xx_hal_cortex.o
                0x0000000008002bc0                HAL_NVIC_EnableIRQ
 .text.HAL_SYSTICK_Config
                0x0000000008002bd8       0x2c build/stm32f1xx_hal_cortex.o
                0x0000000008002bd8                HAL_SYSTICK_Config
 .text.HAL_SYSTICK_CLKSourceConfig
                0x0000000008002c04       0x20 build/stm32f1xx_hal_cortex.o
                0x0000000008002c04                HAL_SYSTICK_CLKSourceConfig
 .text.SystemInit
                0x0000000008002c24       0x4c build/system_stm32f1xx.o
                0x0000000008002c24                SystemInit
 .text.prvHeapInit
                0x0000000008002c70       0x64 build/heap_4.o
 .text.prvInsertBlockIntoFreeList
                0x0000000008002cd4       0x54 build/heap_4.o
 .text.pvPortMalloc
                0x0000000008002d28      0x108 build/heap_4.o
                0x0000000008002d28                pvPortMalloc
 .text.vPortFree
                0x0000000008002e30       0x70 build/heap_4.o
                0x0000000008002e30                vPortFree
 .text.prvTaskExitError
                0x0000000008002ea0       0x34 build/port.o
 .text.prvPortStartFirstTask
                0x0000000008002ed4       0x20 build/port.o
 .text.pxPortInitialiseStack
                0x0000000008002ef4       0x24 build/port.o
                0x0000000008002ef4                pxPortInitialiseStack
 *fill*         0x0000000008002f18        0x8 
 .text.SVC_Handler
                0x0000000008002f20       0x24 build/port.o
                0x0000000008002f20                SVC_Handler
 .text.vPortEnterCritical
                0x0000000008002f44       0x44 build/port.o
                0x0000000008002f44                vPortEnterCritical
 .text.vPortExitCritical
                0x0000000008002f88       0x2c build/port.o
                0x0000000008002f88                vPortExitCritical
 *fill*         0x0000000008002fb4        0xc 
 .text.PendSV_Handler
                0x0000000008002fc0       0x44 build/port.o
                0x0000000008002fc0                PendSV_Handler
 .text.xPortSysTickHandler
                0x0000000008003004       0x2c build/port.o
                0x0000000008003004                xPortSysTickHandler
 .text.vPortSetupTimerInterrupt
                0x0000000008003030       0x2c build/port.o
                0x0000000008003030                vPortSetupTimerInterrupt
 .text.xPortStartScheduler
                0x000000000800305c       0x98 build/port.o
                0x000000000800305c                xPortStartScheduler
 .text.prvResetNextTaskUnblockTime
                0x00000000080030f4       0x34 build/tasks.o
 .text.prvDeleteTCB
                0x0000000008003128       0x12 build/tasks.o
 .text.prvInitialiseNewTask
                0x000000000800313a       0x80 build/tasks.o
 *fill*         0x00000000080031ba        0x2 
 .text.prvInitialiseTaskLists
                0x00000000080031bc       0x68 build/tasks.o
 .text.prvAddNewTaskToReadyList
                0x0000000008003224       0xa8 build/tasks.o
 .text.prvAddCurrentTaskToDelayedList
                0x00000000080032cc       0x98 build/tasks.o
 .text.xTaskCreate
                0x0000000008003364       0x62 build/tasks.o
                0x0000000008003364                xTaskCreate
 *fill*         0x00000000080033c6        0x2 
 .text.vTaskStartScheduler
                0x00000000080033c8       0x7c build/tasks.o
                0x00000000080033c8                vTaskStartScheduler
 .text.vTaskSuspendAll
                0x0000000008003444       0x10 build/tasks.o
                0x0000000008003444                vTaskSuspendAll
 .text.xTaskIncrementTick
                0x0000000008003454      0x120 build/tasks.o
                0x0000000008003454                xTaskIncrementTick
 .text.xTaskResumeAll
                0x0000000008003574       0xfc build/tasks.o
                0x0000000008003574                xTaskResumeAll
 .text.vTaskDelay
                0x0000000008003670       0x50 build/tasks.o
                0x0000000008003670                vTaskDelay
 .text.prvCheckTasksWaitingTermination
                0x00000000080036c0       0x5c build/tasks.o
 .text.prvIdleTask
                0x000000000800371c       0x28 build/tasks.o
 .text.vTaskSwitchContext
                0x0000000008003744       0x98 build/tasks.o
                0x0000000008003744                vTaskSwitchContext
 .text.xTaskGetSchedulerState
                0x00000000080037dc       0x20 build/tasks.o
                0x00000000080037dc                xTaskGetSchedulerState
 .text.vListInitialise
                0x00000000080037fc       0x16 build/list.o
                0x00000000080037fc                vListInitialise
 .text.vListInitialiseItem
                0x0000000008003812        0x6 build/list.o
                0x0000000008003812                vListInitialiseItem
 .text.vListInsertEnd
                0x0000000008003818       0x18 build/list.o
                0x0000000008003818                vListInsertEnd
 .text.vListInsert
                0x0000000008003830       0x34 build/list.o
                0x0000000008003830                vListInsert
 .text.uxListRemove
                0x0000000008003864       0x26 build/list.o
                0x0000000008003864                uxListRemove
 .text.makeFreeRtosPriority
                0x000000000800388a        0xc build/cmsis_os.o
 .text.osKernelStart
                0x0000000008003896        0xa build/cmsis_os.o
                0x0000000008003896                osKernelStart
 .text.osThreadCreate
                0x00000000080038a0       0x34 build/cmsis_os.o
                0x00000000080038a0                osThreadCreate
 .text.osDelay  0x00000000080038d4       0x12 build/cmsis_os.o
                0x00000000080038d4                osDelay
 .text.osSystickHandler
                0x00000000080038e6       0x10 build/cmsis_os.o
                0x00000000080038e6                osSystickHandler
 *fill*         0x00000000080038f6        0x2 
 .text.Reset_Handler
                0x00000000080038f8       0x48 build/startup_stm32f103xe.o
                0x00000000080038f8                Reset_Handler
 .text.Default_Handler
                0x0000000008003940        0x2 build/startup_stm32f103xe.o
                0x0000000008003940                RTC_Alarm_IRQHandler
                0x0000000008003940                EXTI2_IRQHandler
                0x0000000008003940                TIM8_TRG_COM_IRQHandler
                0x0000000008003940                TIM8_CC_IRQHandler
                0x0000000008003940                TIM1_CC_IRQHandler
                0x0000000008003940                TIM6_IRQHandler
                0x0000000008003940                PVD_IRQHandler
                0x0000000008003940                SDIO_IRQHandler
                0x0000000008003940                EXTI3_IRQHandler
                0x0000000008003940                EXTI0_IRQHandler
                0x0000000008003940                I2C2_EV_IRQHandler
                0x0000000008003940                ADC1_2_IRQHandler
                0x0000000008003940                SPI1_IRQHandler
                0x0000000008003940                TAMPER_IRQHandler
                0x0000000008003940                TIM8_UP_IRQHandler
                0x0000000008003940                DMA2_Channel2_IRQHandler
                0x0000000008003940                DMA1_Channel4_IRQHandler
                0x0000000008003940                RTC_IRQHandler
                0x0000000008003940                DMA1_Channel7_IRQHandler
                0x0000000008003940                CAN1_RX1_IRQHandler
                0x0000000008003940                UART5_IRQHandler
                0x0000000008003940                ADC3_IRQHandler
                0x0000000008003940                DMA2_Channel1_IRQHandler
                0x0000000008003940                I2C1_EV_IRQHandler
                0x0000000008003940                UART4_IRQHandler
                0x0000000008003940                TIM3_IRQHandler
                0x0000000008003940                RCC_IRQHandler
                0x0000000008003940                TIM1_TRG_COM_IRQHandler
                0x0000000008003940                Default_Handler
                0x0000000008003940                EXTI15_10_IRQHandler
                0x0000000008003940                TIM7_IRQHandler
                0x0000000008003940                EXTI9_5_IRQHandler
                0x0000000008003940                SPI2_IRQHandler
                0x0000000008003940                USB_LP_CAN1_RX0_IRQHandler
                0x0000000008003940                USB_HP_CAN1_TX_IRQHandler
                0x0000000008003940                FSMC_IRQHandler
                0x0000000008003940                WWDG_IRQHandler
                0x0000000008003940                TIM2_IRQHandler
                0x0000000008003940                TIM1_BRK_IRQHandler
                0x0000000008003940                EXTI1_IRQHandler
                0x0000000008003940                DMA2_Channel4_5_IRQHandler
                0x0000000008003940                I2C2_ER_IRQHandler
                0x0000000008003940                DMA1_Channel2_IRQHandler
                0x0000000008003940                TIM8_BRK_IRQHandler
                0x0000000008003940                CAN1_SCE_IRQHandler
                0x0000000008003940                FLASH_IRQHandler
                0x0000000008003940                SPI3_IRQHandler
                0x0000000008003940                I2C1_ER_IRQHandler
                0x0000000008003940                USBWakeUp_IRQHandler
                0x0000000008003940                DMA2_Channel3_IRQHandler
 *(.glue_7)
 .glue_7        0x0000000008003942        0x0 linker stubs
 *(.glue_7t)
 .glue_7t       0x0000000008003942        0x0 linker stubs
 *(.eh_frame)
 *fill*         0x0000000008003942        0x2 
 .eh_frame      0x0000000008003944        0x0 /usr/lib/gcc/arm-none-eabi/6.3.1/thumb/v7-m/crtbegin.o
 *(.init)
 .init          0x0000000008003944        0x4 /usr/lib/gcc/arm-none-eabi/6.3.1/thumb/v7-m/crti.o
                0x0000000008003944                _init
 .init          0x0000000008003948        0x8 /usr/lib/gcc/arm-none-eabi/6.3.1/thumb/v7-m/crtn.o
 *(.fini)
 .fini          0x0000000008003950        0x4 /usr/lib/gcc/arm-none-eabi/6.3.1/thumb/v7-m/crti.o
                0x0000000008003950                _fini
 .fini          0x0000000008003954        0x8 /usr/lib/gcc/arm-none-eabi/6.3.1/thumb/v7-m/crtn.o
                0x000000000800395c                . = ALIGN (0x4)
                0x000000000800395c                _etext = .

.vfp11_veneer   0x000000000800395c        0x0
 .vfp11_veneer  0x000000000800395c        0x0 linker stubs

.v4_bx          0x000000000800395c        0x0
 .v4_bx         0x000000000800395c        0x0 linker stubs

.iplt           0x000000000800395c        0x0
 .iplt          0x000000000800395c        0x0 /usr/lib/gcc/arm-none-eabi/6.3.1/thumb/v7-m/crtbegin.o

.rodata         0x000000000800395c       0xa8
                0x000000000800395c                . = ALIGN (0x4)
 *(.rodata)
 .rodata        0x000000000800395c       0x14 build/freertos.o
 .rodata        0x0000000008003970       0x12 build/stm32f1xx_hal_rcc.o
 *(.rodata*)
 *fill*         0x0000000008003982        0x2 
 .rodata.SystemClock_Config.str1.4
                0x0000000008003984       0x10 build/main.o
 .rodata.MX_ADC1_Init.str1.4
                0x0000000008003994        0xf build/adc.o
 *fill*         0x00000000080039a3        0x1 
 .rodata.str1.4
                0x00000000080039a4        0xc build/freertos.o
 .rodata.MX_SPI1_Init.str1.4
                0x00000000080039b0        0xf build/spi.o
 *fill*         0x00000000080039bf        0x1 
 .rodata.MX_TIM4_Init.str1.4
                0x00000000080039c0        0xf build/tim.o
 *fill*         0x00000000080039cf        0x1 
 .rodata.MX_USART1_UART_Init.str1.4
                0x00000000080039d0       0x11 build/usart.o
 *fill*         0x00000000080039e1        0x3 
 .rodata.AHBPrescTable
                0x00000000080039e4       0x10 build/system_stm32f1xx.o
                0x00000000080039e4                AHBPrescTable
 .rodata.APBPrescTable
                0x00000000080039f4        0x8 build/system_stm32f1xx.o
                0x00000000080039f4                APBPrescTable
 .rodata.vTaskStartScheduler.str1.4
                0x00000000080039fc        0x8 build/tasks.o
                                          0x5 (size before relaxing)
                0x0000000008003a04                . = ALIGN (0x4)

.rel.dyn        0x0000000008003a04        0x0
 .rel.iplt      0x0000000008003a04        0x0 /usr/lib/gcc/arm-none-eabi/6.3.1/thumb/v7-m/crtbegin.o

.ARM.extab
 *(.ARM.extab* .gnu.linkonce.armextab.*)

.ARM            0x0000000008003a04        0x0
                0x0000000008003a04                __exidx_start = .
 *(.ARM.exidx*)
                0x0000000008003a04                __exidx_end = .

.preinit_array  0x0000000008003a04        0x0
                0x0000000008003a04                PROVIDE (__preinit_array_start, .)
 *(.preinit_array*)
                0x0000000008003a04                PROVIDE (__preinit_array_end, .)

.init_array     0x0000000008003a04        0x4
                0x0000000008003a04                PROVIDE (__init_array_start, .)
 *(SORT(.init_array.*))
 *(.init_array*)
 .init_array    0x0000000008003a04        0x4 /usr/lib/gcc/arm-none-eabi/6.3.1/thumb/v7-m/crtbegin.o
                0x0000000008003a08                PROVIDE (__init_array_end, .)

.fini_array     0x0000000008003a08        0x4
                0x0000000008003a08                PROVIDE (__fini_array_start, .)
 *(SORT(.fini_array.*))
 *(.fini_array*)
 .fini_array    0x0000000008003a08        0x4 /usr/lib/gcc/arm-none-eabi/6.3.1/thumb/v7-m/crtbegin.o
                0x0000000008003a0c                PROVIDE (__fini_array_end, .)
                0x0000000008003a0c                _sidata = LOADADDR (.data)

.data           0x0000000020000000        0xc load address 0x0000000008003a0c
                0x0000000020000000                . = ALIGN (0x4)
                0x0000000020000000                _sdata = .
 *(.data)
 *(.data*)
 .data.uwTickFreq
                0x0000000020000000        0x1 build/stm32f1xx_hal.o
                0x0000000020000000                uwTickFreq
 *fill*         0x0000000020000001        0x3 
 .data.SystemCoreClock
                0x0000000020000004        0x4 build/system_stm32f1xx.o
                0x0000000020000004                SystemCoreClock
 .data.uxCriticalNesting
                0x0000000020000008        0x4 build/port.o
                0x000000002000000c                . = ALIGN (0x4)
                0x000000002000000c                _edata = .

.jcr            0x000000002000000c        0x0 load address 0x0000000008003a18
 .jcr           0x000000002000000c        0x0 /usr/lib/gcc/arm-none-eabi/6.3.1/thumb/v7-m/crtbegin.o

.tm_clone_table
                0x000000002000000c        0x0 load address 0x0000000008003a18
 .tm_clone_table
                0x000000002000000c        0x0 /usr/lib/gcc/arm-none-eabi/6.3.1/thumb/v7-m/crtbegin.o
 .tm_clone_table
                0x000000002000000c        0x0 /usr/lib/gcc/arm-none-eabi/6.3.1/thumb/v7-m/crtend.o

.igot.plt       0x000000002000000c        0x0 load address 0x0000000008003a18
 .igot.plt      0x000000002000000c        0x0 /usr/lib/gcc/arm-none-eabi/6.3.1/thumb/v7-m/crtbegin.o
                0x000000002000000c                . = ALIGN (0x4)

.bss            0x000000002000000c     0x10c8 load address 0x0000000008003a18
                0x000000002000000c                _sbss = .
                0x000000002000000c                __bss_start__ = _sbss
 *(.bss)
 .bss           0x000000002000000c       0x1c /usr/lib/gcc/arm-none-eabi/6.3.1/thumb/v7-m/crtbegin.o
 *(.bss*)
 .bss.pxEnd     0x0000000020000028        0x4 build/heap_4.o
 .bss.ucHeap    0x000000002000002c      0xc00 build/heap_4.o
 .bss.xBlockAllocatedBit
                0x0000000020000c2c        0x4 build/heap_4.o
 .bss.xFreeBytesRemaining
                0x0000000020000c30        0x4 build/heap_4.o
 .bss.xMinimumEverFreeBytesRemaining
                0x0000000020000c34        0x4 build/heap_4.o
 .bss.xStart    0x0000000020000c38        0x8 build/heap_4.o
 .bss.ucMaxSysCallPriority
                0x0000000020000c40        0x1 build/port.o
 *fill*         0x0000000020000c41        0x3 
 .bss.ulMaxPRIGROUPValue
                0x0000000020000c44        0x4 build/port.o
 .bss.pxCurrentTCB
                0x0000000020000c48        0x4 build/tasks.o
                0x0000000020000c48                pxCurrentTCB
 .bss.pxDelayedTaskList
                0x0000000020000c4c        0x4 build/tasks.o
 .bss.pxOverflowDelayedTaskList
                0x0000000020000c50        0x4 build/tasks.o
 .bss.pxReadyTasksLists
                0x0000000020000c54       0x8c build/tasks.o
 .bss.uxCurrentNumberOfTasks
                0x0000000020000ce0        0x4 build/tasks.o
 .bss.uxDeletedTasksWaitingCleanUp
                0x0000000020000ce4        0x4 build/tasks.o
 .bss.uxPendedTicks
                0x0000000020000ce8        0x4 build/tasks.o
 .bss.uxSchedulerSuspended
                0x0000000020000cec        0x4 build/tasks.o
 .bss.uxTaskNumber
                0x0000000020000cf0        0x4 build/tasks.o
 .bss.uxTopReadyPriority
                0x0000000020000cf4        0x4 build/tasks.o
 .bss.xDelayedTaskList1
                0x0000000020000cf8       0x14 build/tasks.o
 .bss.xDelayedTaskList2
                0x0000000020000d0c       0x14 build/tasks.o
 .bss.xIdleTaskHandle
                0x0000000020000d20        0x4 build/tasks.o
 .bss.xNextTaskUnblockTime
                0x0000000020000d24        0x4 build/tasks.o
 .bss.xNumOfOverflows
                0x0000000020000d28        0x4 build/tasks.o
 .bss.xPendingReadyList
                0x0000000020000d2c       0x14 build/tasks.o
 .bss.xSchedulerRunning
                0x0000000020000d40        0x4 build/tasks.o
 .bss.xSuspendedTaskList
                0x0000000020000d44       0x14 build/tasks.o
 .bss.xTasksWaitingTermination
                0x0000000020000d58       0x14 build/tasks.o
 .bss.xTickCount
                0x0000000020000d6c        0x4 build/tasks.o
 .bss.xYieldPending
                0x0000000020000d70        0x4 build/tasks.o
 *(COMMON)
 COMMON         0x0000000020000d74       0x74 build/adc.o
                0x0000000020000d74                hadc1
                0x0000000020000da4                hdma_adc1
 COMMON         0x0000000020000de8        0x4 build/freertos.o
                0x0000000020000de8                defaultTaskHandle
 COMMON         0x0000000020000dec       0x58 build/spi.o
                0x0000000020000dec                hspi1
 COMMON         0x0000000020000e44       0xc0 build/tim.o
                0x0000000020000e44                htim4
                0x0000000020000e84                htim5
                0x0000000020000ec4                htim3
 COMMON         0x0000000020000f04      0x18c build/usart.o
                0x0000000020000f04                hdma_usart2_rx
                0x0000000020000f48                hdma_usart3_rx
                0x0000000020000f8c                huart3
                0x0000000020000fcc                hdma_usart1_rx
                0x0000000020001010                huart1
                0x0000000020001050                huart2
 COMMON         0x0000000020001090       0x40 build/stm32f1xx_hal_timebase_TIM.o
                0x0000000020001090                htim1
 COMMON         0x00000000200010d0        0x4 build/stm32f1xx_hal.o
                0x00000000200010d0                uwTick
                0x00000000200010d4                . = ALIGN (0x4)
                0x00000000200010d4                _ebss = .
                0x00000000200010d4                __bss_end__ = _ebss

._user_heap_stack
                0x00000000200010d4      0x604 load address 0x0000000008003a18
                0x00000000200010d8                . = ALIGN (0x8)
 *fill*         0x00000000200010d4        0x4 
                [!provide]                        PROVIDE (end, .)
                [!provide]                        PROVIDE (_end, .)
                0x00000000200012d8                . = (. + _Min_Heap_Size)
 *fill*         0x00000000200010d8      0x200 
                0x00000000200016d8                . = (. + _Min_Stack_Size)
 *fill*         0x00000000200012d8      0x400 
                0x00000000200016d8                . = ALIGN (0x8)

/DISCARD/
 libc.a(*)
 libm.a(*)
 libgcc.a(*)

.ARM.attributes
                0x0000000000000000       0x2b
 *(.ARM.attributes)
 .ARM.attributes
                0x0000000000000000       0x1d /usr/lib/gcc/arm-none-eabi/6.3.1/thumb/v7-m/crti.o
 .ARM.attributes
                0x000000000000001d       0x2d /usr/lib/gcc/arm-none-eabi/6.3.1/thumb/v7-m/crtbegin.o
 .ARM.attributes
                0x000000000000004a       0x33 build/main.o
 .ARM.attributes
                0x000000000000007d       0x33 build/gpio.o
 .ARM.attributes
                0x00000000000000b0       0x33 build/adc.o
 .ARM.attributes
                0x00000000000000e3       0x33 build/dma.o
 .ARM.attributes
                0x0000000000000116       0x33 build/freertos.o
 .ARM.attributes
                0x0000000000000149       0x33 build/spi.o
 .ARM.attributes
                0x000000000000017c       0x33 build/tim.o
 .ARM.attributes
                0x00000000000001af       0x33 build/usart.o
 .ARM.attributes
                0x00000000000001e2       0x33 build/stm32f1xx_it.o
 .ARM.attributes
                0x0000000000000215       0x33 build/stm32f1xx_hal_msp.o
 .ARM.attributes
                0x0000000000000248       0x33 build/stm32f1xx_hal_timebase_TIM.o
 .ARM.attributes
                0x000000000000027b       0x33 build/stm32f1xx_hal_adc.o
 .ARM.attributes
                0x00000000000002ae       0x33 build/stm32f1xx_hal_spi_ex.o
 .ARM.attributes
                0x00000000000002e1       0x33 build/stm32f1xx_hal_tim.o
 .ARM.attributes
                0x0000000000000314       0x33 build/stm32f1xx_hal_tim_ex.o
 .ARM.attributes
                0x0000000000000347       0x33 build/stm32f1xx_hal_uart.o
 .ARM.attributes
                0x000000000000037a       0x33 build/stm32f1xx_hal.o
 .ARM.attributes
                0x00000000000003ad       0x33 build/stm32f1xx_hal_rcc.o
 .ARM.attributes
                0x00000000000003e0       0x33 build/stm32f1xx_hal_rcc_ex.o
 .ARM.attributes
                0x0000000000000413       0x33 build/stm32f1xx_hal_gpio.o
 .ARM.attributes
                0x0000000000000446       0x33 build/stm32f1xx_hal_dma.o
 .ARM.attributes
                0x0000000000000479       0x33 build/stm32f1xx_hal_cortex.o
 .ARM.attributes
                0x00000000000004ac       0x33 build/system_stm32f1xx.o
 .ARM.attributes
                0x00000000000004df       0x33 build/heap_4.o
 .ARM.attributes
                0x0000000000000512       0x33 build/port.o
 .ARM.attributes
                0x0000000000000545       0x33 build/tasks.o
 .ARM.attributes
                0x0000000000000578       0x33 build/list.o
 .ARM.attributes
                0x00000000000005ab       0x33 build/cmsis_os.o
 .ARM.attributes
                0x00000000000005de       0x21 build/startup_stm32f103xe.o
 .ARM.attributes
                0x00000000000005ff       0x30 /usr/lib/gcc/arm-none-eabi/6.3.1/../../../arm-none-eabi/lib/libc_nano.a(lib_a-init.o)
 .ARM.attributes
                0x000000000000062f       0x2d /usr/lib/gcc/arm-none-eabi/6.3.1/thumb/v7-m/crtend.o
 .ARM.attributes
                0x000000000000065c       0x1d /usr/lib/gcc/arm-none-eabi/6.3.1/thumb/v7-m/crtn.o
OUTPUT(build/Pro.elf elf32-littlearm)

.comment        0x0000000000000000       0x5c
 .comment       0x0000000000000000       0x31 /usr/lib/gcc/arm-none-eabi/6.3.1/thumb/v7-m/crtbegin.o
                                         0x32 (size before relaxing)
 .comment       0x0000000000000031       0x32 build/main.o
 .comment       0x0000000000000031       0x32 build/gpio.o
 .comment       0x0000000000000031       0x32 build/adc.o
 .comment       0x0000000000000031       0x32 build/dma.o
 .comment       0x0000000000000031       0x32 build/freertos.o
 .comment       0x0000000000000031       0x32 build/spi.o
 .comment       0x0000000000000031       0x32 build/tim.o
 .comment       0x0000000000000031       0x32 build/usart.o
 .comment       0x0000000000000031       0x32 build/stm32f1xx_it.o
 .comment       0x0000000000000031       0x32 build/stm32f1xx_hal_msp.o
 .comment       0x0000000000000031       0x32 build/stm32f1xx_hal_timebase_TIM.o
 .comment       0x0000000000000031       0x32 build/stm32f1xx_hal_adc.o
 .comment       0x0000000000000031       0x32 build/stm32f1xx_hal_spi_ex.o
 .comment       0x0000000000000031       0x32 build/stm32f1xx_hal_tim.o
 .comment       0x0000000000000031       0x32 build/stm32f1xx_hal_tim_ex.o
 .comment       0x0000000000000031       0x32 build/stm32f1xx_hal_uart.o
 .comment       0x0000000000000031       0x32 build/stm32f1xx_hal.o
 .comment       0x0000000000000031       0x32 build/stm32f1xx_hal_rcc.o
 .comment       0x0000000000000031       0x32 build/stm32f1xx_hal_rcc_ex.o
 .comment       0x0000000000000031       0x32 build/stm32f1xx_hal_gpio.o
 .comment       0x0000000000000031       0x32 build/stm32f1xx_hal_dma.o
 .comment       0x0000000000000031       0x32 build/stm32f1xx_hal_cortex.o
 .comment       0x0000000000000031       0x32 build/system_stm32f1xx.o
 .comment       0x0000000000000031       0x32 build/heap_4.o
 .comment       0x0000000000000031       0x32 build/port.o
 .comment       0x0000000000000031       0x32 build/tasks.o
 .comment       0x0000000000000031       0x32 build/list.o
 .comment       0x0000000000000031       0x32 build/cmsis_os.o
 .comment       0x0000000000000031       0x2b /usr/lib/gcc/arm-none-eabi/6.3.1/../../../arm-none-eabi/lib/libc_nano.a(lib_a-init.o)
                                         0x2c (size before relaxing)
 .comment       0x000000000000005c       0x32 /usr/lib/gcc/arm-none-eabi/6.3.1/thumb/v7-m/crtend.o

.debug_info     0x0000000000000000    0x2498d
 .debug_info    0x0000000000000000     0x1f13 build/main.o
 .debug_info    0x0000000000001f13      0xcfa build/gpio.o
 .debug_info    0x0000000000002c0d     0x12b6 build/adc.o
 .debug_info    0x0000000000003ec3      0xaf2 build/dma.o
 .debug_info    0x00000000000049b5      0x243 build/freertos.o
 .debug_info    0x0000000000004bf8     0x120d build/spi.o
 .debug_info    0x0000000000005e05     0x18e6 build/tim.o
 .debug_info    0x00000000000076eb     0x1638 build/usart.o
 .debug_info    0x0000000000008d23     0x1443 build/stm32f1xx_it.o
 .debug_info    0x000000000000a166      0xe4f build/stm32f1xx_hal_msp.o
 .debug_info    0x000000000000afb5     0x1389 build/stm32f1xx_hal_timebase_TIM.o
 .debug_info    0x000000000000c33e     0x17fa build/stm32f1xx_hal_adc.o
 .debug_info    0x000000000000db38      0xf86 build/stm32f1xx_hal_spi_ex.o
 .debug_info    0x000000000000eabe     0x39db build/stm32f1xx_hal_tim.o
 .debug_info    0x0000000000012499     0x1ccd build/stm32f1xx_hal_tim_ex.o
 .debug_info    0x0000000000014166     0x20b0 build/stm32f1xx_hal_uart.o
 .debug_info    0x0000000000016216     0x117c build/stm32f1xx_hal.o
 .debug_info    0x0000000000017392     0x136e build/stm32f1xx_hal_rcc.o
 .debug_info    0x0000000000018700      0xdab build/stm32f1xx_hal_rcc_ex.o
 .debug_info    0x00000000000194ab      0xfbf build/stm32f1xx_hal_gpio.o
 .debug_info    0x000000000001a46a     0x1157 build/stm32f1xx_hal_dma.o
 .debug_info    0x000000000001b5c1     0x164f build/stm32f1xx_hal_cortex.o
 .debug_info    0x000000000001cc10      0xd32 build/system_stm32f1xx.o
 .debug_info    0x000000000001d942      0xd6a build/heap_4.o
 .debug_info    0x000000000001e6ac      0x509 build/port.o
 .debug_info    0x000000000001ebb5     0x2b21 build/tasks.o
 .debug_info    0x00000000000216d6      0xbcb build/list.o
 .debug_info    0x00000000000222a1     0x2572 build/cmsis_os.o
 .debug_info    0x0000000000024813       0x6a build/startup_stm32f103xe.o
 .debug_info    0x000000000002487d      0x110 /usr/lib/gcc/arm-none-eabi/6.3.1/../../../arm-none-eabi/lib/libc_nano.a(lib_a-init.o)

.debug_abbrev   0x0000000000000000     0x495c
 .debug_abbrev  0x0000000000000000      0x2b2 build/main.o
 .debug_abbrev  0x00000000000002b2      0x202 build/gpio.o
 .debug_abbrev  0x00000000000004b4      0x24c build/adc.o
 .debug_abbrev  0x0000000000000700      0x1b0 build/dma.o
 .debug_abbrev  0x00000000000008b0      0x134 build/freertos.o
 .debug_abbrev  0x00000000000009e4      0x230 build/spi.o
 .debug_abbrev  0x0000000000000c14      0x26f build/tim.o
 .debug_abbrev  0x0000000000000e83      0x27e build/usart.o
 .debug_abbrev  0x0000000000001101      0x239 build/stm32f1xx_it.o
 .debug_abbrev  0x000000000000133a      0x20b build/stm32f1xx_hal_msp.o
 .debug_abbrev  0x0000000000001545      0x26e build/stm32f1xx_hal_timebase_TIM.o
 .debug_abbrev  0x00000000000017b3      0x2a4 build/stm32f1xx_hal_adc.o
 .debug_abbrev  0x0000000000001a57      0x1e0 build/stm32f1xx_hal_spi_ex.o
 .debug_abbrev  0x0000000000001c37      0x312 build/stm32f1xx_hal_tim.o
 .debug_abbrev  0x0000000000001f49      0x2eb build/stm32f1xx_hal_tim_ex.o
 .debug_abbrev  0x0000000000002234      0x32d build/stm32f1xx_hal_uart.o
 .debug_abbrev  0x0000000000002561      0x2e5 build/stm32f1xx_hal.o
 .debug_abbrev  0x0000000000002846      0x327 build/stm32f1xx_hal_rcc.o
 .debug_abbrev  0x0000000000002b6d      0x28b build/stm32f1xx_hal_rcc_ex.o
 .debug_abbrev  0x0000000000002df8      0x2b3 build/stm32f1xx_hal_gpio.o
 .debug_abbrev  0x00000000000030ab      0x2e5 build/stm32f1xx_hal_dma.o
 .debug_abbrev  0x0000000000003390      0x3c8 build/stm32f1xx_hal_cortex.o
 .debug_abbrev  0x0000000000003758      0x1fe build/system_stm32f1xx.o
 .debug_abbrev  0x0000000000003956      0x309 build/heap_4.o
 .debug_abbrev  0x0000000000003c5f      0x268 build/port.o
 .debug_abbrev  0x0000000000003ec7      0x3f5 build/tasks.o
 .debug_abbrev  0x00000000000042bc      0x20e build/list.o
 .debug_abbrev  0x00000000000044ca      0x3c6 build/cmsis_os.o
 .debug_abbrev  0x0000000000004890       0x12 build/startup_stm32f103xe.o
 .debug_abbrev  0x00000000000048a2       0xba /usr/lib/gcc/arm-none-eabi/6.3.1/../../../arm-none-eabi/lib/libc_nano.a(lib_a-init.o)

.debug_loc      0x0000000000000000     0xd8b3
 .debug_loc     0x0000000000000000       0xe0 build/main.o
 .debug_loc     0x00000000000000e0       0x38 build/gpio.o
 .debug_loc     0x0000000000000118       0xf2 build/adc.o
 .debug_loc     0x000000000000020a       0x2c build/dma.o
 .debug_loc     0x0000000000000236       0x79 build/freertos.o
 .debug_loc     0x00000000000002af       0xd3 build/spi.o
 .debug_loc     0x0000000000000382      0x201 build/tim.o
 .debug_loc     0x0000000000000583      0x184 build/usart.o
 .debug_loc     0x0000000000000707      0x180 build/stm32f1xx_it.o
 .debug_loc     0x0000000000000887       0x38 build/stm32f1xx_hal_msp.o
 .debug_loc     0x00000000000008bf       0xbd build/stm32f1xx_hal_timebase_TIM.o
 .debug_loc     0x000000000000097c      0xc2e build/stm32f1xx_hal_adc.o
 .debug_loc     0x00000000000015aa       0x79 build/stm32f1xx_hal_spi_ex.o
 .debug_loc     0x0000000000001623     0x3f3b build/stm32f1xx_hal_tim.o
 .debug_loc     0x000000000000555e     0x135a build/stm32f1xx_hal_tim_ex.o
 .debug_loc     0x00000000000068b8     0x19c9 build/stm32f1xx_hal_uart.o
 .debug_loc     0x0000000000008281      0x1a8 build/stm32f1xx_hal.o
 .debug_loc     0x0000000000008429      0x651 build/stm32f1xx_hal_rcc.o
 .debug_loc     0x0000000000008a7a      0x39e build/stm32f1xx_hal_rcc_ex.o
 .debug_loc     0x0000000000008e18      0x4df build/stm32f1xx_hal_gpio.o
 .debug_loc     0x00000000000092f7      0x834 build/stm32f1xx_hal_dma.o
 .debug_loc     0x0000000000009b2b      0x63d build/stm32f1xx_hal_cortex.o
 .debug_loc     0x000000000000a168       0xdf build/system_stm32f1xx.o
 .debug_loc     0x000000000000a247      0x324 build/heap_4.o
 .debug_loc     0x000000000000a56b      0x11a build/port.o
 .debug_loc     0x000000000000a685     0x1a02 build/tasks.o
 .debug_loc     0x000000000000c087       0x9c build/list.o
 .debug_loc     0x000000000000c123     0x16ee build/cmsis_os.o
 .debug_loc     0x000000000000d811       0xa2 /usr/lib/gcc/arm-none-eabi/6.3.1/../../../arm-none-eabi/lib/libc_nano.a(lib_a-init.o)

.debug_aranges  0x0000000000000000     0x11e0
 .debug_aranges
                0x0000000000000000       0x40 build/main.o
 .debug_aranges
                0x0000000000000040       0x20 build/gpio.o
 .debug_aranges
                0x0000000000000060       0x30 build/adc.o
 .debug_aranges
                0x0000000000000090       0x20 build/dma.o
 .debug_aranges
                0x00000000000000b0       0x28 build/freertos.o
 .debug_aranges
                0x00000000000000d8       0x30 build/spi.o
 .debug_aranges
                0x0000000000000108       0x48 build/tim.o
 .debug_aranges
                0x0000000000000150       0x40 build/usart.o
 .debug_aranges
                0x0000000000000190       0xa8 build/stm32f1xx_it.o
 .debug_aranges
                0x0000000000000238       0x20 build/stm32f1xx_hal_msp.o
 .debug_aranges
                0x0000000000000258       0x30 build/stm32f1xx_hal_timebase_TIM.o
 .debug_aranges
                0x0000000000000288       0xf0 build/stm32f1xx_hal_adc.o
 .debug_aranges
                0x0000000000000378       0x20 build/stm32f1xx_hal_spi_ex.o
 .debug_aranges
                0x0000000000000398      0x368 build/stm32f1xx_hal_tim.o
 .debug_aranges
                0x0000000000000700      0x138 build/stm32f1xx_hal_tim_ex.o
 .debug_aranges
                0x0000000000000838      0x1d0 build/stm32f1xx_hal_uart.o
 .debug_aranges
                0x0000000000000a08       0xd0 build/stm32f1xx_hal.o
 .debug_aranges
                0x0000000000000ad8       0x90 build/stm32f1xx_hal_rcc.o
 .debug_aranges
                0x0000000000000b68       0x30 build/stm32f1xx_hal_rcc_ex.o
 .debug_aranges
                0x0000000000000b98       0x58 build/stm32f1xx_hal_gpio.o
 .debug_aranges
                0x0000000000000bf0       0x80 build/stm32f1xx_hal_dma.o
 .debug_aranges
                0x0000000000000c70       0x90 build/stm32f1xx_hal_cortex.o
 .debug_aranges
                0x0000000000000d00       0x28 build/system_stm32f1xx.o
 .debug_aranges
                0x0000000000000d28       0x50 build/heap_4.o
 .debug_aranges
                0x0000000000000d78       0x78 build/port.o
 .debug_aranges
                0x0000000000000df0      0x190 build/tasks.o
 .debug_aranges
                0x0000000000000f80       0x40 build/list.o
 .debug_aranges
                0x0000000000000fc0      0x1d8 build/cmsis_os.o
 .debug_aranges
                0x0000000000001198       0x28 build/startup_stm32f103xe.o
 .debug_aranges
                0x00000000000011c0       0x20 /usr/lib/gcc/arm-none-eabi/6.3.1/../../../arm-none-eabi/lib/libc_nano.a(lib_a-init.o)

.debug_ranges   0x0000000000000000     0x1138
 .debug_ranges  0x0000000000000000       0x30 build/main.o
 .debug_ranges  0x0000000000000030       0x10 build/gpio.o
 .debug_ranges  0x0000000000000040       0x20 build/adc.o
 .debug_ranges  0x0000000000000060       0x10 build/dma.o
 .debug_ranges  0x0000000000000070       0x18 build/freertos.o
 .debug_ranges  0x0000000000000088       0x20 build/spi.o
 .debug_ranges  0x00000000000000a8       0x38 build/tim.o
 .debug_ranges  0x00000000000000e0       0x30 build/usart.o
 .debug_ranges  0x0000000000000110       0x98 build/stm32f1xx_it.o
 .debug_ranges  0x00000000000001a8       0x10 build/stm32f1xx_hal_msp.o
 .debug_ranges  0x00000000000001b8       0x20 build/stm32f1xx_hal_timebase_TIM.o
 .debug_ranges  0x00000000000001d8       0xe0 build/stm32f1xx_hal_adc.o
 .debug_ranges  0x00000000000002b8       0x10 build/stm32f1xx_hal_spi_ex.o
 .debug_ranges  0x00000000000002c8      0x358 build/stm32f1xx_hal_tim.o
 .debug_ranges  0x0000000000000620      0x128 build/stm32f1xx_hal_tim_ex.o
 .debug_ranges  0x0000000000000748      0x1c0 build/stm32f1xx_hal_uart.o
 .debug_ranges  0x0000000000000908       0xc0 build/stm32f1xx_hal.o
 .debug_ranges  0x00000000000009c8       0xa0 build/stm32f1xx_hal_rcc.o
 .debug_ranges  0x0000000000000a68       0x38 build/stm32f1xx_hal_rcc_ex.o
 .debug_ranges  0x0000000000000aa0       0x48 build/stm32f1xx_hal_gpio.o
 .debug_ranges  0x0000000000000ae8       0x70 build/stm32f1xx_hal_dma.o
 .debug_ranges  0x0000000000000b58       0xe0 build/stm32f1xx_hal_cortex.o
 .debug_ranges  0x0000000000000c38       0x18 build/system_stm32f1xx.o
 .debug_ranges  0x0000000000000c50       0x40 build/heap_4.o
 .debug_ranges  0x0000000000000c90       0x68 build/port.o
 .debug_ranges  0x0000000000000cf8      0x228 build/tasks.o
 .debug_ranges  0x0000000000000f20       0x30 build/list.o
 .debug_ranges  0x0000000000000f50      0x1c8 build/cmsis_os.o
 .debug_ranges  0x0000000000001118       0x20 build/startup_stm32f103xe.o

.debug_line     0x0000000000000000     0x7f25
 .debug_line    0x0000000000000000      0x370 build/main.o
 .debug_line    0x0000000000000370      0x1ae build/gpio.o
 .debug_line    0x000000000000051e      0x25c build/adc.o
 .debug_line    0x000000000000077a      0x161 build/dma.o
 .debug_line    0x00000000000008db      0x14d build/freertos.o
 .debug_line    0x0000000000000a28      0x22f build/spi.o
 .debug_line    0x0000000000000c57      0x2e6 build/tim.o
 .debug_line    0x0000000000000f3d      0x2e2 build/usart.o
 .debug_line    0x000000000000121f      0x35b build/stm32f1xx_it.o
 .debug_line    0x000000000000157a      0x1b3 build/stm32f1xx_hal_msp.o
 .debug_line    0x000000000000172d      0x23e build/stm32f1xx_hal_timebase_TIM.o
 .debug_line    0x000000000000196b      0x769 build/stm32f1xx_hal_adc.o
 .debug_line    0x00000000000020d4      0x206 build/stm32f1xx_hal_spi_ex.o
 .debug_line    0x00000000000022da     0x12f9 build/stm32f1xx_hal_tim.o
 .debug_line    0x00000000000035d3      0x77e build/stm32f1xx_hal_tim_ex.o
 .debug_line    0x0000000000003d51      0xaf3 build/stm32f1xx_hal_uart.o
 .debug_line    0x0000000000004844      0x387 build/stm32f1xx_hal.o
 .debug_line    0x0000000000004bcb      0x4e7 build/stm32f1xx_hal_rcc.o
 .debug_line    0x00000000000050b2      0x2c2 build/stm32f1xx_hal_rcc_ex.o
 .debug_line    0x0000000000005374      0x398 build/stm32f1xx_hal_gpio.o
 .debug_line    0x000000000000570c      0x7ae build/stm32f1xx_hal_dma.o
 .debug_line    0x0000000000005eba      0x330 build/stm32f1xx_hal_cortex.o
 .debug_line    0x00000000000061ea      0x1ba build/system_stm32f1xx.o
 .debug_line    0x00000000000063a4      0x2ea build/heap_4.o
 .debug_line    0x000000000000668e      0x274 build/port.o
 .debug_line    0x0000000000006902      0xa7a build/tasks.o
 .debug_line    0x000000000000737c      0x243 build/list.o
 .debug_line    0x00000000000075bf      0x841 build/cmsis_os.o
 .debug_line    0x0000000000007e00       0x72 build/startup_stm32f103xe.o
 .debug_line    0x0000000000007e72       0xb3 /usr/lib/gcc/arm-none-eabi/6.3.1/../../../arm-none-eabi/lib/libc_nano.a(lib_a-init.o)

.debug_str      0x0000000000000000     0x5889
 .debug_str     0x0000000000000000     0x1423 build/main.o
                                       0x14eb (size before relaxing)
 .debug_str     0x0000000000001423       0xd0 build/gpio.o
                                        0x675 (size before relaxing)
 .debug_str     0x00000000000014f3       0xd4 build/adc.o
                                        0xa1a (size before relaxing)
 .debug_str     0x00000000000015c7        0xf build/dma.o
                                        0x5db (size before relaxing)
 .debug_str     0x00000000000015d6      0x15f build/freertos.o
                                        0x2db (size before relaxing)
 .debug_str     0x0000000000001735       0x48 build/spi.o
                                        0xa64 (size before relaxing)
 .debug_str     0x000000000000177d      0x229 build/tim.o
                                       0x1033 (size before relaxing)
 .debug_str     0x00000000000019a6       0x7b build/usart.o
                                        0xe91 (size before relaxing)
 .debug_str     0x0000000000001a21      0x1d5 build/stm32f1xx_it.o
                                        0xd08 (size before relaxing)
 .debug_str     0x0000000000001bf6       0x46 build/stm32f1xx_hal_msp.o
                                        0xa02 (size before relaxing)
 .debug_str     0x0000000000001c3c       0xf4 build/stm32f1xx_hal_timebase_TIM.o
                                        0xedb (size before relaxing)
 .debug_str     0x0000000000001d30      0x34b build/stm32f1xx_hal_adc.o
                                        0xc85 (size before relaxing)
 .debug_str     0x000000000000207b       0x3d build/stm32f1xx_hal_spi_ex.o
                                        0x9bf (size before relaxing)
 .debug_str     0x00000000000020b8      0xbc1 build/stm32f1xx_hal_tim.o
                                       0x172d (size before relaxing)
 .debug_str     0x0000000000002c79      0x47e build/stm32f1xx_hal_tim_ex.o
                                        0xfcf (size before relaxing)
 .debug_str     0x00000000000030f7      0x523 build/stm32f1xx_hal_uart.o
                                        0xf46 (size before relaxing)
 .debug_str     0x000000000000361a      0x251 build/stm32f1xx_hal.o
                                        0xcc7 (size before relaxing)
 .debug_str     0x000000000000386b      0x173 build/stm32f1xx_hal_rcc.o
                                        0x9d5 (size before relaxing)
 .debug_str     0x00000000000039de       0x81 build/stm32f1xx_hal_rcc_ex.o
                                        0x7f7 (size before relaxing)
 .debug_str     0x0000000000003a5f       0xfe build/stm32f1xx_hal_gpio.o
                                        0x7fe (size before relaxing)
 .debug_str     0x0000000000003b5d      0x1d8 build/stm32f1xx_hal_dma.o
                                        0x9f5 (size before relaxing)
 .debug_str     0x0000000000003d35      0x282 build/stm32f1xx_hal_cortex.o
                                        0xd75 (size before relaxing)
 .debug_str     0x0000000000003fb7       0x4f build/system_stm32f1xx.o
                                        0x66c (size before relaxing)
 .debug_str     0x0000000000004006      0x24f build/heap_4.o
                                        0x78e (size before relaxing)
 .debug_str     0x0000000000004255      0x277 build/port.o
                                        0x40b (size before relaxing)
 .debug_str     0x00000000000044cc      0xaa2 build/tasks.o
                                       0x11a0 (size before relaxing)
 .debug_str     0x0000000000004f6e       0x6c build/list.o
                                        0x6a5 (size before relaxing)
 .debug_str     0x0000000000004fda      0x7a2 build/cmsis_os.o
                                       0x1158 (size before relaxing)
 .debug_str     0x000000000000577c      0x10d /usr/lib/gcc/arm-none-eabi/6.3.1/../../../arm-none-eabi/lib/libc_nano.a(lib_a-init.o)
                                        0x1b8 (size before relaxing)

.debug_frame    0x0000000000000000     0x3308
 .debug_frame   0x0000000000000000       0x94 build/main.o
 .debug_frame   0x0000000000000094       0x3c build/gpio.o
 .debug_frame   0x00000000000000d0       0x70 build/adc.o
 .debug_frame   0x0000000000000140       0x28 build/dma.o
 .debug_frame   0x0000000000000168       0x50 build/freertos.o
 .debug_frame   0x00000000000001b8       0x68 build/spi.o
 .debug_frame   0x0000000000000220       0xc4 build/tim.o
 .debug_frame   0x00000000000002e4       0xac build/usart.o
 .debug_frame   0x0000000000000390      0x1c0 build/stm32f1xx_it.o
 .debug_frame   0x0000000000000550       0x30 build/stm32f1xx_hal_msp.o
 .debug_frame   0x0000000000000580       0x50 build/stm32f1xx_hal_timebase_TIM.o
 .debug_frame   0x00000000000005d0      0x300 build/stm32f1xx_hal_adc.o
 .debug_frame   0x00000000000008d0       0x30 build/stm32f1xx_hal_spi_ex.o
 .debug_frame   0x0000000000000900      0xb18 build/stm32f1xx_hal_tim.o
 .debug_frame   0x0000000000001418      0x3e4 build/stm32f1xx_hal_tim_ex.o
 .debug_frame   0x00000000000017fc      0x57c build/stm32f1xx_hal_uart.o
 .debug_frame   0x0000000000001d78      0x1c0 build/stm32f1xx_hal.o
 .debug_frame   0x0000000000001f38      0x18c build/stm32f1xx_hal_rcc.o
 .debug_frame   0x00000000000020c4       0x74 build/stm32f1xx_hal_rcc_ex.o
 .debug_frame   0x0000000000002138      0x104 build/stm32f1xx_hal_gpio.o
 .debug_frame   0x000000000000223c      0x164 build/stm32f1xx_hal_dma.o
 .debug_frame   0x00000000000023a0      0x13c build/stm32f1xx_hal_cortex.o
 .debug_frame   0x00000000000024dc       0x30 build/system_stm32f1xx.o
 .debug_frame   0x000000000000250c       0xbc build/heap_4.o
 .debug_frame   0x00000000000025c8       0xe8 build/port.o
 .debug_frame   0x00000000000026b0      0x588 build/tasks.o
 .debug_frame   0x0000000000002c38       0x70 build/list.o
 .debug_frame   0x0000000000002ca8      0x62c build/cmsis_os.o
 .debug_frame   0x00000000000032d4       0x34 /usr/lib/gcc/arm-none-eabi/6.3.1/../../../arm-none-eabi/lib/libc_nano.a(lib_a-init.o)

Cross Reference Table

Symbol                                            File
ADC1_2_IRQHandler                                 build/startup_stm32f103xe.o
ADC3_IRQHandler                                   build/startup_stm32f103xe.o
ADC_ConversionStop_Disable                        build/stm32f1xx_hal_adc.o
                                                  build/stm32f1xx_hal_adc_ex.o
ADC_DMAConvCplt                                   build/stm32f1xx_hal_adc.o
                                                  build/stm32f1xx_hal_adc_ex.o
ADC_DMAError                                      build/stm32f1xx_hal_adc.o
                                                  build/stm32f1xx_hal_adc_ex.o
ADC_DMAHalfConvCplt                               build/stm32f1xx_hal_adc.o
                                                  build/stm32f1xx_hal_adc_ex.o
ADC_Enable                                        build/stm32f1xx_hal_adc.o
                                                  build/stm32f1xx_hal_adc_ex.o
AHBPrescTable                                     build/system_stm32f1xx.o
                                                  build/stm32f1xx_hal_rcc.o
APBPrescTable                                     build/system_stm32f1xx.o
                                                  build/stm32f1xx_hal_rcc.o
BusFault_Handler                                  build/stm32f1xx_it.o
CAN1_RX1_IRQHandler                               build/startup_stm32f103xe.o
CAN1_SCE_IRQHandler                               build/startup_stm32f103xe.o
DMA1_Channel1_IRQHandler                          build/stm32f1xx_it.o
DMA1_Channel2_IRQHandler                          build/startup_stm32f103xe.o
DMA1_Channel3_IRQHandler                          build/stm32f1xx_it.o
DMA1_Channel4_IRQHandler                          build/startup_stm32f103xe.o
DMA1_Channel5_IRQHandler                          build/stm32f1xx_it.o
DMA1_Channel6_IRQHandler                          build/stm32f1xx_it.o
DMA1_Channel7_IRQHandler                          build/startup_stm32f103xe.o
DMA2_Channel1_IRQHandler                          build/startup_stm32f103xe.o
DMA2_Channel2_IRQHandler                          build/startup_stm32f103xe.o
DMA2_Channel3_IRQHandler                          build/startup_stm32f103xe.o
DMA2_Channel4_5_IRQHandler                        build/startup_stm32f103xe.o
DebugMon_Handler                                  build/stm32f1xx_it.o
Default_Handler                                   build/startup_stm32f103xe.o
EXTI0_IRQHandler                                  build/startup_stm32f103xe.o
EXTI15_10_IRQHandler                              build/startup_stm32f103xe.o
EXTI1_IRQHandler                                  build/startup_stm32f103xe.o
EXTI2_IRQHandler                                  build/startup_stm32f103xe.o
EXTI3_IRQHandler                                  build/startup_stm32f103xe.o
EXTI4_IRQHandler                                  build/stm32f1xx_it.o
EXTI9_5_IRQHandler                                build/startup_stm32f103xe.o
FLASH_IRQHandler                                  build/startup_stm32f103xe.o
FLASH_PageErase                                   build/stm32f1xx_hal_flash_ex.o
                                                  build/stm32f1xx_hal_flash.o
FLASH_WaitForLastOperation                        build/stm32f1xx_hal_flash.o
                                                  build/stm32f1xx_hal_flash_ex.o
FSMC_IRQHandler                                   build/startup_stm32f103xe.o
HAL_ADCEx_Calibration_Start                       build/stm32f1xx_hal_adc_ex.o
HAL_ADCEx_InjectedConfigChannel                   build/stm32f1xx_hal_adc_ex.o
HAL_ADCEx_InjectedConvCpltCallback                build/stm32f1xx_hal_adc_ex.o
                                                  build/stm32f1xx_hal_adc.o
HAL_ADCEx_InjectedGetValue                        build/stm32f1xx_hal_adc_ex.o
HAL_ADCEx_InjectedPollForConversion               build/stm32f1xx_hal_adc_ex.o
HAL_ADCEx_InjectedStart                           build/stm32f1xx_hal_adc_ex.o
HAL_ADCEx_InjectedStart_IT                        build/stm32f1xx_hal_adc_ex.o
HAL_ADCEx_InjectedStop                            build/stm32f1xx_hal_adc_ex.o
HAL_ADCEx_InjectedStop_IT                         build/stm32f1xx_hal_adc_ex.o
HAL_ADCEx_MultiModeConfigChannel                  build/stm32f1xx_hal_adc_ex.o
HAL_ADCEx_MultiModeGetValue                       build/stm32f1xx_hal_adc_ex.o
HAL_ADCEx_MultiModeStart_DMA                      build/stm32f1xx_hal_adc_ex.o
HAL_ADCEx_MultiModeStop_DMA                       build/stm32f1xx_hal_adc_ex.o
HAL_ADC_AnalogWDGConfig                           build/stm32f1xx_hal_adc.o
HAL_ADC_ConfigChannel                             build/stm32f1xx_hal_adc.o
                                                  build/adc.o
HAL_ADC_ConvCpltCallback                          build/stm32f1xx_hal_adc.o
HAL_ADC_ConvHalfCpltCallback                      build/stm32f1xx_hal_adc.o
HAL_ADC_DeInit                                    build/stm32f1xx_hal_adc.o
HAL_ADC_ErrorCallback                             build/stm32f1xx_hal_adc.o
HAL_ADC_GetError                                  build/stm32f1xx_hal_adc.o
HAL_ADC_GetState                                  build/stm32f1xx_hal_adc.o
HAL_ADC_GetValue                                  build/stm32f1xx_hal_adc.o
HAL_ADC_IRQHandler                                build/stm32f1xx_hal_adc.o
HAL_ADC_Init                                      build/stm32f1xx_hal_adc.o
                                                  build/adc.o
HAL_ADC_LevelOutOfWindowCallback                  build/stm32f1xx_hal_adc.o
HAL_ADC_MspDeInit                                 build/adc.o
HAL_ADC_MspInit                                   build/adc.o
HAL_ADC_PollForConversion                         build/stm32f1xx_hal_adc.o
HAL_ADC_PollForEvent                              build/stm32f1xx_hal_adc.o
HAL_ADC_Start                                     build/stm32f1xx_hal_adc.o
HAL_ADC_Start_DMA                                 build/stm32f1xx_hal_adc.o
HAL_ADC_Start_IT                                  build/stm32f1xx_hal_adc.o
HAL_ADC_Stop                                      build/stm32f1xx_hal_adc.o
HAL_ADC_Stop_DMA                                  build/stm32f1xx_hal_adc.o
HAL_ADC_Stop_IT                                   build/stm32f1xx_hal_adc.o
HAL_DBGMCU_DisableDBGSleepMode                    build/stm32f1xx_hal.o
HAL_DBGMCU_DisableDBGStandbyMode                  build/stm32f1xx_hal.o
HAL_DBGMCU_DisableDBGStopMode                     build/stm32f1xx_hal.o
HAL_DBGMCU_EnableDBGSleepMode                     build/stm32f1xx_hal.o
HAL_DBGMCU_EnableDBGStandbyMode                   build/stm32f1xx_hal.o
HAL_DBGMCU_EnableDBGStopMode                      build/stm32f1xx_hal.o
HAL_DMA_Abort                                     build/stm32f1xx_hal_dma.o
                                                  build/stm32f1xx_hal_uart.o
                                                  build/stm32f1xx_hal_tim.o
                                                  build/stm32f1xx_hal_spi.o
                                                  build/stm32f1xx_hal_adc_ex.o
                                                  build/stm32f1xx_hal_adc.o
HAL_DMA_Abort_IT                                  build/stm32f1xx_hal_dma.o
                                                  build/stm32f1xx_hal_uart.o
                                                  build/stm32f1xx_hal_spi.o
HAL_DMA_DeInit                                    build/stm32f1xx_hal_dma.o
                                                  build/usart.o
                                                  build/adc.o
HAL_DMA_GetError                                  build/stm32f1xx_hal_dma.o
HAL_DMA_GetState                                  build/stm32f1xx_hal_dma.o
HAL_DMA_IRQHandler                                build/stm32f1xx_hal_dma.o
                                                  build/stm32f1xx_it.o
HAL_DMA_Init                                      build/stm32f1xx_hal_dma.o
                                                  build/usart.o
                                                  build/adc.o
HAL_DMA_PollForTransfer                           build/stm32f1xx_hal_dma.o
HAL_DMA_RegisterCallback                          build/stm32f1xx_hal_dma.o
HAL_DMA_Start                                     build/stm32f1xx_hal_dma.o
HAL_DMA_Start_IT                                  build/stm32f1xx_hal_dma.o
                                                  build/stm32f1xx_hal_uart.o
                                                  build/stm32f1xx_hal_tim_ex.o
                                                  build/stm32f1xx_hal_tim.o
                                                  build/stm32f1xx_hal_spi.o
                                                  build/stm32f1xx_hal_adc_ex.o
                                                  build/stm32f1xx_hal_adc.o
HAL_DMA_UnRegisterCallback                        build/stm32f1xx_hal_dma.o
HAL_DeInit                                        build/stm32f1xx_hal.o
HAL_Delay                                         build/stm32f1xx_hal.o
HAL_FLASHEx_Erase                                 build/stm32f1xx_hal_flash_ex.o
HAL_FLASHEx_Erase_IT                              build/stm32f1xx_hal_flash_ex.o
HAL_FLASHEx_OBErase                               build/stm32f1xx_hal_flash_ex.o
HAL_FLASHEx_OBGetConfig                           build/stm32f1xx_hal_flash_ex.o
HAL_FLASHEx_OBGetUserData                         build/stm32f1xx_hal_flash_ex.o
HAL_FLASHEx_OBProgram                             build/stm32f1xx_hal_flash_ex.o
HAL_FLASH_EndOfOperationCallback                  build/stm32f1xx_hal_flash.o
HAL_FLASH_GetError                                build/stm32f1xx_hal_flash.o
HAL_FLASH_IRQHandler                              build/stm32f1xx_hal_flash.o
HAL_FLASH_Lock                                    build/stm32f1xx_hal_flash.o
HAL_FLASH_OB_Launch                               build/stm32f1xx_hal_flash.o
HAL_FLASH_OB_Lock                                 build/stm32f1xx_hal_flash.o
HAL_FLASH_OB_Unlock                               build/stm32f1xx_hal_flash.o
HAL_FLASH_OperationErrorCallback                  build/stm32f1xx_hal_flash.o
HAL_FLASH_Program                                 build/stm32f1xx_hal_flash.o
HAL_FLASH_Program_IT                              build/stm32f1xx_hal_flash.o
HAL_FLASH_Unlock                                  build/stm32f1xx_hal_flash.o
HAL_GPIOEx_ConfigEventout                         build/stm32f1xx_hal_gpio_ex.o
HAL_GPIOEx_DisableEventout                        build/stm32f1xx_hal_gpio_ex.o
HAL_GPIOEx_EnableEventout                         build/stm32f1xx_hal_gpio_ex.o
HAL_GPIO_DeInit                                   build/stm32f1xx_hal_gpio.o
                                                  build/usart.o
                                                  build/spi.o
                                                  build/adc.o
HAL_GPIO_EXTI_Callback                            build/stm32f1xx_hal_gpio.o
HAL_GPIO_EXTI_IRQHandler                          build/stm32f1xx_hal_gpio.o
                                                  build/stm32f1xx_it.o
HAL_GPIO_Init                                     build/stm32f1xx_hal_gpio.o
                                                  build/stm32f1xx_hal_rcc.o
                                                  build/usart.o
                                                  build/tim.o
                                                  build/spi.o
                                                  build/adc.o
                                                  build/gpio.o
HAL_GPIO_LockPin                                  build/stm32f1xx_hal_gpio.o
HAL_GPIO_ReadPin                                  build/stm32f1xx_hal_gpio.o
HAL_GPIO_TogglePin                                build/stm32f1xx_hal_gpio.o
HAL_GPIO_WritePin                                 build/stm32f1xx_hal_gpio.o
                                                  build/gpio.o
HAL_GetDEVID                                      build/stm32f1xx_hal.o
HAL_GetHalVersion                                 build/stm32f1xx_hal.o
HAL_GetREVID                                      build/stm32f1xx_hal.o
HAL_GetTick                                       build/stm32f1xx_hal.o
                                                  build/stm32f1xx_hal_flash.o
                                                  build/stm32f1xx_hal_dma.o
                                                  build/stm32f1xx_hal_rcc_ex.o
                                                  build/stm32f1xx_hal_rcc.o
                                                  build/stm32f1xx_hal_uart.o
                                                  build/stm32f1xx_hal_spi.o
                                                  build/stm32f1xx_hal_adc_ex.o
                                                  build/stm32f1xx_hal_adc.o
HAL_GetTickFreq                                   build/stm32f1xx_hal.o
HAL_GetTickPrio                                   build/stm32f1xx_hal.o
HAL_GetUID                                        build/stm32f1xx_hal.o
HAL_HalfDuplex_EnableReceiver                     build/stm32f1xx_hal_uart.o
HAL_HalfDuplex_EnableTransmitter                  build/stm32f1xx_hal_uart.o
HAL_HalfDuplex_Init                               build/stm32f1xx_hal_uart.o
HAL_IncTick                                       build/stm32f1xx_hal.o
                                                  build/main.o
HAL_Init                                          build/stm32f1xx_hal.o
                                                  build/main.o
HAL_InitTick                                      build/stm32f1xx_hal_timebase_TIM.o
                                                  build/stm32f1xx_hal_rcc.o
HAL_LIN_Init                                      build/stm32f1xx_hal_uart.o
HAL_LIN_SendBreak                                 build/stm32f1xx_hal_uart.o
HAL_MspDeInit                                     build/stm32f1xx_hal.o
HAL_MspInit                                       build/stm32f1xx_hal_msp.o
HAL_MultiProcessor_EnterMuteMode                  build/stm32f1xx_hal_uart.o
HAL_MultiProcessor_ExitMuteMode                   build/stm32f1xx_hal_uart.o
HAL_MultiProcessor_Init                           build/stm32f1xx_hal_uart.o
HAL_NVIC_ClearPendingIRQ                          build/stm32f1xx_hal_cortex.o
HAL_NVIC_DisableIRQ                               build/stm32f1xx_hal_cortex.o
                                                  build/usart.o
                                                  build/tim.o
HAL_NVIC_EnableIRQ                                build/stm32f1xx_hal_cortex.o
                                                  build/stm32f1xx_hal_timebase_TIM.o
                                                  build/main.o
HAL_NVIC_GetActive                                build/stm32f1xx_hal_cortex.o
HAL_NVIC_GetPendingIRQ                            build/stm32f1xx_hal_cortex.o
HAL_NVIC_GetPriority                              build/stm32f1xx_hal_cortex.o
HAL_NVIC_GetPriorityGrouping                      build/stm32f1xx_hal_cortex.o
HAL_NVIC_SetPendingIRQ                            build/stm32f1xx_hal_cortex.o
HAL_NVIC_SetPriority                              build/stm32f1xx_hal_cortex.o
                                                  build/stm32f1xx_hal.o
                                                  build/stm32f1xx_hal_timebase_TIM.o
                                                  build/stm32f1xx_hal_msp.o
                                                  build/main.o
HAL_NVIC_SetPriorityGrouping                      build/stm32f1xx_hal_cortex.o
                                                  build/stm32f1xx_hal.o
                                                  build/stm32f1xx_hal_msp.o
HAL_NVIC_SystemReset                              build/stm32f1xx_hal_cortex.o
                                                  build/stm32f1xx_hal_flash.o
HAL_PWR_ConfigPVD                                 build/stm32f1xx_hal_pwr.o
HAL_PWR_DeInit                                    build/stm32f1xx_hal_pwr.o
HAL_PWR_DisableBkUpAccess                         build/stm32f1xx_hal_pwr.o
HAL_PWR_DisablePVD                                build/stm32f1xx_hal_pwr.o
HAL_PWR_DisableSEVOnPend                          build/stm32f1xx_hal_pwr.o
HAL_PWR_DisableSleepOnExit                        build/stm32f1xx_hal_pwr.o
HAL_PWR_DisableWakeUpPin                          build/stm32f1xx_hal_pwr.o
HAL_PWR_EnableBkUpAccess                          build/stm32f1xx_hal_pwr.o
HAL_PWR_EnablePVD                                 build/stm32f1xx_hal_pwr.o
HAL_PWR_EnableSEVOnPend                           build/stm32f1xx_hal_pwr.o
HAL_PWR_EnableSleepOnExit                         build/stm32f1xx_hal_pwr.o
HAL_PWR_EnableWakeUpPin                           build/stm32f1xx_hal_pwr.o
HAL_PWR_EnterSLEEPMode                            build/stm32f1xx_hal_pwr.o
HAL_PWR_EnterSTANDBYMode                          build/stm32f1xx_hal_pwr.o
HAL_PWR_EnterSTOPMode                             build/stm32f1xx_hal_pwr.o
HAL_PWR_PVDCallback                               build/stm32f1xx_hal_pwr.o
HAL_PWR_PVD_IRQHandler                            build/stm32f1xx_hal_pwr.o
HAL_RCCEx_GetPeriphCLKConfig                      build/stm32f1xx_hal_rcc_ex.o
HAL_RCCEx_GetPeriphCLKFreq                        build/stm32f1xx_hal_rcc_ex.o
                                                  build/stm32f1xx_hal_adc_ex.o
                                                  build/stm32f1xx_hal_adc.o
HAL_RCCEx_PeriphCLKConfig                         build/stm32f1xx_hal_rcc_ex.o
                                                  build/main.o
HAL_RCC_CSSCallback                               build/stm32f1xx_hal_rcc.o
HAL_RCC_ClockConfig                               build/stm32f1xx_hal_rcc.o
                                                  build/main.o
HAL_RCC_DeInit                                    build/stm32f1xx_hal_rcc.o
HAL_RCC_DisableCSS                                build/stm32f1xx_hal_rcc.o
HAL_RCC_EnableCSS                                 build/stm32f1xx_hal_rcc.o
HAL_RCC_GetClockConfig                            build/stm32f1xx_hal_rcc.o
                                                  build/stm32f1xx_hal_timebase_TIM.o
HAL_RCC_GetHCLKFreq                               build/stm32f1xx_hal_rcc.o
                                                  build/main.o
HAL_RCC_GetOscConfig                              build/stm32f1xx_hal_rcc.o
HAL_RCC_GetPCLK1Freq                              build/stm32f1xx_hal_rcc.o
                                                  build/stm32f1xx_hal_uart.o
HAL_RCC_GetPCLK2Freq                              build/stm32f1xx_hal_rcc.o
                                                  build/stm32f1xx_hal_rcc_ex.o
                                                  build/stm32f1xx_hal_uart.o
                                                  build/stm32f1xx_hal_timebase_TIM.o
HAL_RCC_GetSysClockFreq                           build/stm32f1xx_hal_rcc.o
                                                  build/stm32f1xx_hal_rcc_ex.o
HAL_RCC_MCOConfig                                 build/stm32f1xx_hal_rcc.o
HAL_RCC_NMI_IRQHandler                            build/stm32f1xx_hal_rcc.o
HAL_RCC_OscConfig                                 build/stm32f1xx_hal_rcc.o
                                                  build/main.o
HAL_ResumeTick                                    build/stm32f1xx_hal_timebase_TIM.o
HAL_SPI_Abort                                     build/stm32f1xx_hal_spi.o
HAL_SPI_AbortCpltCallback                         build/stm32f1xx_hal_spi.o
HAL_SPI_Abort_IT                                  build/stm32f1xx_hal_spi.o
HAL_SPI_DMAPause                                  build/stm32f1xx_hal_spi.o
HAL_SPI_DMAResume                                 build/stm32f1xx_hal_spi.o
HAL_SPI_DMAStop                                   build/stm32f1xx_hal_spi.o
HAL_SPI_DeInit                                    build/stm32f1xx_hal_spi.o
HAL_SPI_ErrorCallback                             build/stm32f1xx_hal_spi.o
HAL_SPI_GetError                                  build/stm32f1xx_hal_spi.o
HAL_SPI_GetState                                  build/stm32f1xx_hal_spi.o
HAL_SPI_IRQHandler                                build/stm32f1xx_hal_spi.o
HAL_SPI_Init                                      build/stm32f1xx_hal_spi_ex.o
                                                  build/stm32f1xx_hal_spi.o
                                                  build/spi.o
HAL_SPI_MspDeInit                                 build/spi.o
HAL_SPI_MspInit                                   build/spi.o
                                                  build/stm32f1xx_hal_spi_ex.o
HAL_SPI_Receive                                   build/stm32f1xx_hal_spi.o
HAL_SPI_Receive_DMA                               build/stm32f1xx_hal_spi.o
HAL_SPI_Receive_IT                                build/stm32f1xx_hal_spi.o
HAL_SPI_RxCpltCallback                            build/stm32f1xx_hal_spi.o
HAL_SPI_RxHalfCpltCallback                        build/stm32f1xx_hal_spi.o
HAL_SPI_Transmit                                  build/stm32f1xx_hal_spi.o
HAL_SPI_TransmitReceive                           build/stm32f1xx_hal_spi.o
HAL_SPI_TransmitReceive_DMA                       build/stm32f1xx_hal_spi.o
HAL_SPI_TransmitReceive_IT                        build/stm32f1xx_hal_spi.o
HAL_SPI_Transmit_DMA                              build/stm32f1xx_hal_spi.o
HAL_SPI_Transmit_IT                               build/stm32f1xx_hal_spi.o
HAL_SPI_TxCpltCallback                            build/stm32f1xx_hal_spi.o
HAL_SPI_TxHalfCpltCallback                        build/stm32f1xx_hal_spi.o
HAL_SPI_TxRxCpltCallback                          build/stm32f1xx_hal_spi.o
HAL_SPI_TxRxHalfCpltCallback                      build/stm32f1xx_hal_spi.o
HAL_SYSTICK_CLKSourceConfig                       build/stm32f1xx_hal_cortex.o
                                                  build/main.o
HAL_SYSTICK_Callback                              build/stm32f1xx_hal_cortex.o
HAL_SYSTICK_Config                                build/stm32f1xx_hal_cortex.o
                                                  build/stm32f1xx_hal.o
                                                  build/main.o
HAL_SYSTICK_IRQHandler                            build/stm32f1xx_hal_cortex.o
HAL_SetTickFreq                                   build/stm32f1xx_hal.o
HAL_SuspendTick                                   build/stm32f1xx_hal_timebase_TIM.o
HAL_TIMEx_BreakCallback                           build/stm32f1xx_hal_tim_ex.o
                                                  build/stm32f1xx_hal_tim.o
HAL_TIMEx_CommutationCallback                     build/stm32f1xx_hal_tim_ex.o
                                                  build/stm32f1xx_hal_tim.o
HAL_TIMEx_ConfigBreakDeadTime                     build/stm32f1xx_hal_tim_ex.o
HAL_TIMEx_ConfigCommutationEvent                  build/stm32f1xx_hal_tim_ex.o
HAL_TIMEx_ConfigCommutationEvent_DMA              build/stm32f1xx_hal_tim_ex.o
HAL_TIMEx_ConfigCommutationEvent_IT               build/stm32f1xx_hal_tim_ex.o
HAL_TIMEx_HallSensor_DeInit                       build/stm32f1xx_hal_tim_ex.o
HAL_TIMEx_HallSensor_GetState                     build/stm32f1xx_hal_tim_ex.o
HAL_TIMEx_HallSensor_Init                         build/stm32f1xx_hal_tim_ex.o
HAL_TIMEx_HallSensor_MspDeInit                    build/stm32f1xx_hal_tim_ex.o
HAL_TIMEx_HallSensor_MspInit                      build/stm32f1xx_hal_tim_ex.o
HAL_TIMEx_HallSensor_Start                        build/stm32f1xx_hal_tim_ex.o
HAL_TIMEx_HallSensor_Start_DMA                    build/stm32f1xx_hal_tim_ex.o
HAL_TIMEx_HallSensor_Start_IT                     build/stm32f1xx_hal_tim_ex.o
HAL_TIMEx_HallSensor_Stop                         build/stm32f1xx_hal_tim_ex.o
HAL_TIMEx_HallSensor_Stop_DMA                     build/stm32f1xx_hal_tim_ex.o
HAL_TIMEx_HallSensor_Stop_IT                      build/stm32f1xx_hal_tim_ex.o
HAL_TIMEx_MasterConfigSynchronization             build/stm32f1xx_hal_tim_ex.o
                                                  build/tim.o
HAL_TIMEx_OCN_Start                               build/stm32f1xx_hal_tim_ex.o
HAL_TIMEx_OCN_Start_DMA                           build/stm32f1xx_hal_tim_ex.o
HAL_TIMEx_OCN_Start_IT                            build/stm32f1xx_hal_tim_ex.o
HAL_TIMEx_OCN_Stop                                build/stm32f1xx_hal_tim_ex.o
HAL_TIMEx_OCN_Stop_DMA                            build/stm32f1xx_hal_tim_ex.o
HAL_TIMEx_OCN_Stop_IT                             build/stm32f1xx_hal_tim_ex.o
HAL_TIMEx_OnePulseN_Start                         build/stm32f1xx_hal_tim_ex.o
HAL_TIMEx_OnePulseN_Start_IT                      build/stm32f1xx_hal_tim_ex.o
HAL_TIMEx_OnePulseN_Stop                          build/stm32f1xx_hal_tim_ex.o
HAL_TIMEx_OnePulseN_Stop_IT                       build/stm32f1xx_hal_tim_ex.o
HAL_TIMEx_PWMN_Start                              build/stm32f1xx_hal_tim_ex.o
HAL_TIMEx_PWMN_Start_DMA                          build/stm32f1xx_hal_tim_ex.o
HAL_TIMEx_PWMN_Start_IT                           build/stm32f1xx_hal_tim_ex.o
HAL_TIMEx_PWMN_Stop                               build/stm32f1xx_hal_tim_ex.o
HAL_TIMEx_PWMN_Stop_DMA                           build/stm32f1xx_hal_tim_ex.o
HAL_TIMEx_PWMN_Stop_IT                            build/stm32f1xx_hal_tim_ex.o
HAL_TIM_Base_DeInit                               build/stm32f1xx_hal_tim.o
HAL_TIM_Base_GetState                             build/stm32f1xx_hal_tim.o
HAL_TIM_Base_Init                                 build/stm32f1xx_hal_tim.o
                                                  build/stm32f1xx_hal_timebase_TIM.o
                                                  build/tim.o
HAL_TIM_Base_MspDeInit                            build/tim.o
HAL_TIM_Base_MspInit                              build/tim.o
HAL_TIM_Base_Start                                build/stm32f1xx_hal_tim.o
HAL_TIM_Base_Start_DMA                            build/stm32f1xx_hal_tim.o
HAL_TIM_Base_Start_IT                             build/stm32f1xx_hal_tim.o
                                                  build/stm32f1xx_hal_timebase_TIM.o
HAL_TIM_Base_Stop                                 build/stm32f1xx_hal_tim.o
HAL_TIM_Base_Stop_DMA                             build/stm32f1xx_hal_tim.o
HAL_TIM_Base_Stop_IT                              build/stm32f1xx_hal_tim.o
HAL_TIM_ConfigClockSource                         build/stm32f1xx_hal_tim.o
                                                  build/tim.o
HAL_TIM_ConfigOCrefClear                          build/stm32f1xx_hal_tim.o
HAL_TIM_ConfigTI1Input                            build/stm32f1xx_hal_tim.o
HAL_TIM_DMABurst_ReadStart                        build/stm32f1xx_hal_tim.o
HAL_TIM_DMABurst_ReadStop                         build/stm32f1xx_hal_tim.o
HAL_TIM_DMABurst_WriteStart                       build/stm32f1xx_hal_tim.o
HAL_TIM_DMABurst_WriteStop                        build/stm32f1xx_hal_tim.o
HAL_TIM_Encoder_DeInit                            build/stm32f1xx_hal_tim.o
HAL_TIM_Encoder_GetState                          build/stm32f1xx_hal_tim.o
HAL_TIM_Encoder_Init                              build/stm32f1xx_hal_tim.o
HAL_TIM_Encoder_MspDeInit                         build/stm32f1xx_hal_tim.o
HAL_TIM_Encoder_MspInit                           build/stm32f1xx_hal_tim.o
HAL_TIM_Encoder_Start                             build/stm32f1xx_hal_tim.o
HAL_TIM_Encoder_Start_DMA                         build/stm32f1xx_hal_tim.o
HAL_TIM_Encoder_Start_IT                          build/stm32f1xx_hal_tim.o
HAL_TIM_Encoder_Stop                              build/stm32f1xx_hal_tim.o
HAL_TIM_Encoder_Stop_DMA                          build/stm32f1xx_hal_tim.o
HAL_TIM_Encoder_Stop_IT                           build/stm32f1xx_hal_tim.o
HAL_TIM_ErrorCallback                             build/stm32f1xx_hal_tim.o
HAL_TIM_GenerateEvent                             build/stm32f1xx_hal_tim.o
HAL_TIM_IC_CaptureCallback                        build/stm32f1xx_hal_tim.o
HAL_TIM_IC_ConfigChannel                          build/stm32f1xx_hal_tim.o
HAL_TIM_IC_DeInit                                 build/stm32f1xx_hal_tim.o
HAL_TIM_IC_GetState                               build/stm32f1xx_hal_tim.o
HAL_TIM_IC_Init                                   build/stm32f1xx_hal_tim.o
HAL_TIM_IC_MspDeInit                              build/stm32f1xx_hal_tim.o
HAL_TIM_IC_MspInit                                build/stm32f1xx_hal_tim.o
HAL_TIM_IC_Start                                  build/stm32f1xx_hal_tim.o
HAL_TIM_IC_Start_DMA                              build/stm32f1xx_hal_tim.o
HAL_TIM_IC_Start_IT                               build/stm32f1xx_hal_tim.o
HAL_TIM_IC_Stop                                   build/stm32f1xx_hal_tim.o
HAL_TIM_IC_Stop_DMA                               build/stm32f1xx_hal_tim.o
HAL_TIM_IC_Stop_IT                                build/stm32f1xx_hal_tim.o
HAL_TIM_IRQHandler                                build/stm32f1xx_hal_tim.o
                                                  build/stm32f1xx_it.o
HAL_TIM_MspPostInit                               build/tim.o
HAL_TIM_OC_ConfigChannel                          build/stm32f1xx_hal_tim.o
HAL_TIM_OC_DeInit                                 build/stm32f1xx_hal_tim.o
HAL_TIM_OC_DelayElapsedCallback                   build/stm32f1xx_hal_tim.o
HAL_TIM_OC_GetState                               build/stm32f1xx_hal_tim.o
HAL_TIM_OC_Init                                   build/stm32f1xx_hal_tim.o
HAL_TIM_OC_MspDeInit                              build/stm32f1xx_hal_tim.o
HAL_TIM_OC_MspInit                                build/stm32f1xx_hal_tim.o
HAL_TIM_OC_Start                                  build/stm32f1xx_hal_tim.o
HAL_TIM_OC_Start_DMA                              build/stm32f1xx_hal_tim.o
HAL_TIM_OC_Start_IT                               build/stm32f1xx_hal_tim.o
HAL_TIM_OC_Stop                                   build/stm32f1xx_hal_tim.o
HAL_TIM_OC_Stop_DMA                               build/stm32f1xx_hal_tim.o
HAL_TIM_OC_Stop_IT                                build/stm32f1xx_hal_tim.o
HAL_TIM_OnePulse_ConfigChannel                    build/stm32f1xx_hal_tim.o
HAL_TIM_OnePulse_DeInit                           build/stm32f1xx_hal_tim.o
HAL_TIM_OnePulse_GetState                         build/stm32f1xx_hal_tim.o