Archive member included to satisfy reference by file (symbol)

c:/program files (x86)/gnu tools arm embedded/7 2018-q2-update/bin/../lib/gcc/arm-none-eabi/7.3.1/../../../../arm-none-eabi/lib/thumb/v7-m\libc_nano.a(lib_a-exit.o)
                              c:/program files (x86)/gnu tools arm embedded/7 2018-q2-update/bin/../lib/gcc/arm-none-eabi/7.3.1/../../../../arm-none-eabi/lib/thumb/v7-m/crt0.o (exit)
c:/program files (x86)/gnu tools arm embedded/7 2018-q2-update/bin/../lib/gcc/arm-none-eabi/7.3.1/../../../../arm-none-eabi/lib/thumb/v7-m\libc_nano.a(lib_a-impure.o)
                              c:/program files (x86)/gnu tools arm embedded/7 2018-q2-update/bin/../lib/gcc/arm-none-eabi/7.3.1/../../../../arm-none-eabi/lib/thumb/v7-m\libc_nano.a(lib_a-exit.o) (_global_impure_ptr)
c:/program files (x86)/gnu tools arm embedded/7 2018-q2-update/bin/../lib/gcc/arm-none-eabi/7.3.1/../../../../arm-none-eabi/lib/thumb/v7-m\libc_nano.a(lib_a-init.o)
                              c:/program files (x86)/gnu tools arm embedded/7 2018-q2-update/bin/../lib/gcc/arm-none-eabi/7.3.1/../../../../arm-none-eabi/lib/thumb/v7-m/crt0.o (__libc_init_array)
c:/program files (x86)/gnu tools arm embedded/7 2018-q2-update/bin/../lib/gcc/arm-none-eabi/7.3.1/../../../../arm-none-eabi/lib/thumb/v7-m\libc_nano.a(lib_a-memcpy-stub.o)
                              build/stm32f1xx_it.o (memcpy)
c:/program files (x86)/gnu tools arm embedded/7 2018-q2-update/bin/../lib/gcc/arm-none-eabi/7.3.1/../../../../arm-none-eabi/lib/thumb/v7-m\libc_nano.a(lib_a-memset.o)
                              c:/program files (x86)/gnu tools arm embedded/7 2018-q2-update/bin/../lib/gcc/arm-none-eabi/7.3.1/../../../../arm-none-eabi/lib/thumb/v7-m/crt0.o (memset)
c:/program files (x86)/gnu tools arm embedded/7 2018-q2-update/bin/../lib/gcc/arm-none-eabi/7.3.1/../../../../arm-none-eabi/lib/thumb/v7-m\libc_nano.a(lib_a-printf.o)
                              build/freertos.o (printf)
c:/program files (x86)/gnu tools arm embedded/7 2018-q2-update/bin/../lib/gcc/arm-none-eabi/7.3.1/../../../../arm-none-eabi/lib/thumb/v7-m\libc_nano.a(lib_a-puts.o)
                              build/freertos.o (puts)
c:/program files (x86)/gnu tools arm embedded/7 2018-q2-update/bin/../lib/gcc/arm-none-eabi/7.3.1/../../../../arm-none-eabi/lib/thumb/v7-m\libc_nano.a(lib_a-wbuf.o)
                              c:/program files (x86)/gnu tools arm embedded/7 2018-q2-update/bin/../lib/gcc/arm-none-eabi/7.3.1/../../../../arm-none-eabi/lib/thumb/v7-m\libc_nano.a(lib_a-puts.o) (__swbuf_r)
c:/program files (x86)/gnu tools arm embedded/7 2018-q2-update/bin/../lib/gcc/arm-none-eabi/7.3.1/../../../../arm-none-eabi/lib/thumb/v7-m\libc_nano.a(lib_a-wsetup.o)
                              c:/program files (x86)/gnu tools arm embedded/7 2018-q2-update/bin/../lib/gcc/arm-none-eabi/7.3.1/../../../../arm-none-eabi/lib/thumb/v7-m\libc_nano.a(lib_a-puts.o) (__swsetup_r)
c:/program files (x86)/gnu tools arm embedded/7 2018-q2-update/bin/../lib/gcc/arm-none-eabi/7.3.1/../../../../arm-none-eabi/lib/thumb/v7-m\libc_nano.a(lib_a-fflush.o)
                              c:/program files (x86)/gnu tools arm embedded/7 2018-q2-update/bin/../lib/gcc/arm-none-eabi/7.3.1/../../../../arm-none-eabi/lib/thumb/v7-m\libc_nano.a(lib_a-wbuf.o) (_fflush_r)
c:/program files (x86)/gnu tools arm embedded/7 2018-q2-update/bin/../lib/gcc/arm-none-eabi/7.3.1/../../../../arm-none-eabi/lib/thumb/v7-m\libc_nano.a(lib_a-findfp.o)
                              c:/program files (x86)/gnu tools arm embedded/7 2018-q2-update/bin/../lib/gcc/arm-none-eabi/7.3.1/../../../../arm-none-eabi/lib/thumb/v7-m\libc_nano.a(lib_a-printf.o) (__sinit)
c:/program files (x86)/gnu tools arm embedded/7 2018-q2-update/bin/../lib/gcc/arm-none-eabi/7.3.1/../../../../arm-none-eabi/lib/thumb/v7-m\libc_nano.a(lib_a-fwalk.o)
                              c:/program files (x86)/gnu tools arm embedded/7 2018-q2-update/bin/../lib/gcc/arm-none-eabi/7.3.1/../../../../arm-none-eabi/lib/thumb/v7-m\libc_nano.a(lib_a-findfp.o) (_fwalk)
c:/program files (x86)/gnu tools arm embedded/7 2018-q2-update/bin/../lib/gcc/arm-none-eabi/7.3.1/../../../../arm-none-eabi/lib/thumb/v7-m\libc_nano.a(lib_a-makebuf.o)
                              c:/program files (x86)/gnu tools arm embedded/7 2018-q2-update/bin/../lib/gcc/arm-none-eabi/7.3.1/../../../../arm-none-eabi/lib/thumb/v7-m\libc_nano.a(lib_a-wsetup.o) (__smakebuf_r)
c:/program files (x86)/gnu tools arm embedded/7 2018-q2-update/bin/../lib/gcc/arm-none-eabi/7.3.1/../../../../arm-none-eabi/lib/thumb/v7-m\libc_nano.a(lib_a-nano-freer.o)
                              c:/program files (x86)/gnu tools arm embedded/7 2018-q2-update/bin/../lib/gcc/arm-none-eabi/7.3.1/../../../../arm-none-eabi/lib/thumb/v7-m\libc_nano.a(lib_a-wsetup.o) (_free_r)
c:/program files (x86)/gnu tools arm embedded/7 2018-q2-update/bin/../lib/gcc/arm-none-eabi/7.3.1/../../../../arm-none-eabi/lib/thumb/v7-m\libc_nano.a(lib_a-nano-mallocr.o)
[...]
Memory Configuration

Name             Origin             Length             Attributes
RAM              0x20000000         0x0000c000         xrw
FLASH            0x08000000         0x00040000         xr
*default*        0x00000000         0xffffffff

Linker script and memory map

LOAD c:/program files (x86)/gnu tools arm embedded/7 2018-q2-update/bin/../lib/gcc/arm-none-eabi/7.3.1/thumb/v7-m/crti.o
LOAD c:/program files (x86)/gnu tools arm embedded/7 2018-q2-update/bin/../lib/gcc/arm-none-eabi/7.3.1/thumb/v7-m/crtbegin.o
LOAD c:/program files (x86)/gnu tools arm embedded/7 2018-q2-update/bin/../lib/gcc/arm-none-eabi/7.3.1/../../../../arm-none-eabi/lib/thumb/v7-m/crt0.o
LOAD build/syscalls.o
LOAD build/main.o
LOAD build/gpio.o
LOAD build/adc.o
LOAD build/dma.o
LOAD build/freertos.o
LOAD build/spi.o
LOAD build/tim.o
LOAD build/usart.o
LOAD build/stm32f1xx_it.o
LOAD build/stm32f1xx_hal_msp.o
LOAD build/stm32f1xx_hal_timebase_TIM.o
LOAD build/stm32f1xx_hal_gpio_ex.o
LOAD build/stm32f1xx_hal_adc.o
LOAD build/stm32f1xx_hal_adc_ex.o
LOAD build/stm32f1xx_hal_spi.o
LOAD build/stm32f1xx_hal_spi_ex.o
LOAD build/stm32f1xx_hal_tim.o
LOAD build/stm32f1xx_hal_tim_ex.o
LOAD build/stm32f1xx_hal_uart.o
LOAD build/stm32f1xx_hal.o
LOAD build/stm32f1xx_hal_rcc.o
LOAD build/stm32f1xx_hal_rcc_ex.o
LOAD build/stm32f1xx_hal_gpio.o
LOAD build/stm32f1xx_hal_dma.o
LOAD build/stm32f1xx_hal_cortex.o
LOAD build/stm32f1xx_hal_pwr.o
LOAD build/stm32f1xx_hal_flash.o
LOAD build/stm32f1xx_hal_flash_ex.o
LOAD build/system_stm32f1xx.o
LOAD build/heap_4.o
LOAD build/port.o
LOAD build/queue.o
LOAD build/croutine.o
LOAD build/event_groups.o
LOAD build/timers.o
LOAD build/tasks.o
LOAD build/list.o
LOAD build/cmsis_os.o
LOAD build/startup_stm32f103xe.o
LOAD c:/program files (x86)/gnu tools arm embedded/7 2018-q2-update/bin/../lib/gcc/arm-none-eabi/7.3.1/../../../../arm-none-eabi/lib/thumb/v7-m\libc_nano.a
LOAD c:/program files (x86)/gnu tools arm embedded/7 2018-q2-update/bin/../lib/gcc/arm-none-eabi/7.3.1/../../../../arm-none-eabi/lib/thumb/v7-m\libm.a
LOAD c:/program files (x86)/gnu tools arm embedded/7 2018-q2-update/bin/../lib/gcc/arm-none-eabi/7.3.1/../../../../arm-none-eabi/lib/thumb/v7-m\libnosys.a
START GROUP
LOAD c:/program files (x86)/gnu tools arm embedded/7 2018-q2-update/bin/../lib/gcc/arm-none-eabi/7.3.1/thumb/v7-m\libgcc.a
LOAD c:/program files (x86)/gnu tools arm embedded/7 2018-q2-update/bin/../lib/gcc/arm-none-eabi/7.3.1/../../../../arm-none-eabi/lib/thumb/v7-m\libc_nano.a
END GROUP
START GROUP
LOAD c:/program files (x86)/gnu tools arm embedded/7 2018-q2-update/bin/../lib/gcc/arm-none-eabi/7.3.1/thumb/v7-m\libgcc.a
LOAD c:/program files (x86)/gnu tools arm embedded/7 2018-q2-update/bin/../lib/gcc/arm-none-eabi/7.3.1/../../../../arm-none-eabi/lib/thumb/v7-m\libc_nano.a
END GROUP
LOAD c:/program files (x86)/gnu tools arm embedded/7 2018-q2-update/bin/../lib/gcc/arm-none-eabi/7.3.1/thumb/v7-m/crtend.o
LOAD c:/program files (x86)/gnu tools arm embedded/7 2018-q2-update/bin/../lib/gcc/arm-none-eabi/7.3.1/thumb/v7-m/crtn.o
                0x2000c000                _estack = 0x2000c000
                0x00000200                _Min_Heap_Size = 0x200
                0x00000400                _Min_Stack_Size = 0x400

.isr_vector     0x08000000      0x1e4
                0x08000000                . = ALIGN (0x4)
 *(.isr_vector)
 .isr_vector    0x08000000      0x1e4 build/startup_stm32f103xe.o
                0x08000000                g_pfnVectors
                0x080001e4                . = ALIGN (0x4)

.text           0x080001f0     0x5440
                0x080001f0                . = ALIGN (0x4)
 *(.text)
 .text          0x080001f0       0x40 c:/program files (x86)/gnu tools arm embedded/7 2018-q2-update/bin/../lib/gcc/arm-none-eabi/7.3.1/thumb/v7-m/crtbegin.o
 *(.text*)
 .text.__io_putchar
                0x08000230       0x20 build/syscalls.o
                0x08000230                __io_putchar
 .text._write   0x08000250       0x1c build/syscalls.o
                0x08000250                _write
 .text.MX_NVIC_Init
                0x0800026c       0xa4 build/main.o
 .text.HAL_TIM_PeriodElapsedCallback
                0x08000310       0x18 build/main.o
                0x08000310                HAL_TIM_PeriodElapsedCallback
 .text._Error_Handler
                0x08000328        0x2 build/main.o
                0x08000328                _Error_Handler
 *fill*         0x0800032a        0x2 
 .text.SystemClock_Config
                0x0800032c       0xa0 build/main.o
                0x0800032c                SystemClock_Config
 .text.main     0x080003cc       0x48 build/main.o
                0x080003cc                main
 .text.MX_GPIO_Init
                0x08000414       0xc8 build/gpio.o
                0x08000414                MX_GPIO_Init
 .text.MX_ADC1_Init
                0x080004dc       0x80 build/adc.o
                0x080004dc                MX_ADC1_Init
 .text.HAL_ADC_MspInit
                0x0800055c       0x84 build/adc.o
                0x0800055c                HAL_ADC_MspInit
 .text.MX_DMA_Init
                0x080005e0       0x20 build/dma.o
                0x080005e0                MX_DMA_Init
 .text.StartDefaultTask
                0x08000600       0x18 build/freertos.o
                0x08000600                StartDefaultTask
 .text.StartScanUsartsTask
                0x08000618      0x108 build/freertos.o
                0x08000618                StartScanUsartsTask
 .text.MX_FREERTOS_Init
                0x08000720       0x98 build/freertos.o
                0x08000720                MX_FREERTOS_Init
 .text.vApplicationIdleHook
                0x080007b8        0x2 build/freertos.o
                0x080007b8                vApplicationIdleHook
 *fill*         0x080007ba        0x2 
 .text.MX_SPI1_Init
                0x080007bc       0x48 build/spi.o
                0x080007bc                MX_SPI1_Init
 .text.HAL_SPI_MspInit
                0x08000804       0x58 build/spi.o
                0x08000804                HAL_SPI_MspInit
 .text.MX_TIM4_Init
                0x0800085c       0x70 build/tim.o
                0x0800085c                MX_TIM4_Init
 .text.MX_TIM5_Init
                0x080008cc       0x70 build/tim.o
                0x080008cc                MX_TIM5_Init
 .text.HAL_TIM_Base_MspInit
                0x0800093c       0x6c build/tim.o
                0x0800093c                HAL_TIM_Base_MspInit
 .text.HAL_TIM_MspPostInit
                0x080009a8       0x44 build/tim.o
                0x080009a8                HAL_TIM_MspPostInit
 .text.MX_TIM3_Init
                0x080009ec       0xa8 build/tim.o
                0x080009ec                MX_TIM3_Init
 .text.MX_USART1_UART_Init
                0x08000a94       0x3c build/usart.o
                0x08000a94                MX_USART1_UART_Init
 .text.MX_USART2_UART_Init
                0x08000ad0       0x3c build/usart.o
                0x08000ad0                MX_USART2_UART_Init
 .text.MX_USART3_UART_Init
                0x08000b0c       0x3c build/usart.o
                0x08000b0c                MX_USART3_UART_Init
 .text.HAL_UART_MspInit
                0x08000b48      0x19c build/usart.o
                0x08000b48                HAL_UART_MspInit
 .text.DS_CoreBoardProtocolInit
                0x08000ce4       0x24 build/usart.o
                0x08000ce4                DS_CoreBoardProtocolInit
 .text.DS_BSPABoardProtocolInit
                0x08000d08       0x30 build/usart.o
                0x08000d08                DS_BSPABoardProtocolInit
 .text.NMI_Handler
                0x08000d38        0x2 build/stm32f1xx_it.o
                0x08000d38                NMI_Handler
 .text.HardFault_Handler
                0x08000d3a        0x2 build/stm32f1xx_it.o
                0x08000d3a                HardFault_Handler
 .text.MemManage_Handler
                0x08000d3c        0x2 build/stm32f1xx_it.o
                0x08000d3c                MemManage_Handler
 .text.BusFault_Handler
                0x08000d3e        0x2 build/stm32f1xx_it.o
                0x08000d3e                BusFault_Handler
 .text.UsageFault_Handler
                0x08000d40        0x2 build/stm32f1xx_it.o
                0x08000d40                UsageFault_Handler
 .text.DebugMon_Handler
                0x08000d42        0x2 build/stm32f1xx_it.o
                0x08000d42                DebugMon_Handler
 .text.SysTick_Handler
                0x08000d44        0x8 build/stm32f1xx_it.o
                0x08000d44                SysTick_Handler
 .text.EXTI4_IRQHandler
                0x08000d4c        0xa build/stm32f1xx_it.o
                0x08000d4c                EXTI4_IRQHandler
 *fill*         0x08000d56        0x2 
 .text.DMA1_Channel1_IRQHandler
                0x08000d58       0x10 build/stm32f1xx_it.o
                0x08000d58                DMA1_Channel1_IRQHandler
 .text.DMA1_Channel3_IRQHandler
                0x08000d68       0x10 build/stm32f1xx_it.o
                0x08000d68                DMA1_Channel3_IRQHandler
 .text.DMA1_Channel5_IRQHandler
                0x08000d78       0x10 build/stm32f1xx_it.o
                0x08000d78                DMA1_Channel5_IRQHandler
 .text.DMA1_Channel6_IRQHandler
                0x08000d88       0x10 build/stm32f1xx_it.o
                0x08000d88                DMA1_Channel6_IRQHandler
 .text.TIM1_UP_IRQHandler
                0x08000d98       0x10 build/stm32f1xx_it.o
                0x08000d98                TIM1_UP_IRQHandler
 .text.TIM4_IRQHandler
                0x08000da8       0x10 build/stm32f1xx_it.o
                0x08000da8                TIM4_IRQHandler
 .text.USART1_IRQHandler
                0x08000db8       0xac build/stm32f1xx_it.o
                0x08000db8                USART1_IRQHandler
 .text.USART2_IRQHandler
                0x08000e64       0xac build/stm32f1xx_it.o
                0x08000e64                USART2_IRQHandler
 .text.USART3_IRQHandler
                0x08000f10       0xac build/stm32f1xx_it.o
                0x08000f10                USART3_IRQHandler
 .text.TIM5_IRQHandler
                0x08000fbc       0x10 build/stm32f1xx_it.o
                0x08000fbc                TIM5_IRQHandler
 .text.HAL_MspInit
                0x08000fcc       0xa0 build/stm32f1xx_hal_msp.o
                0x08000fcc                HAL_MspInit
 .text.HAL_InitTick
                0x0800106c       0x78 build/stm32f1xx_hal_timebase_TIM.o
                0x0800106c                HAL_InitTick
 .text.HAL_ADC_ConfigChannel
                0x080010e4      0x138 build/stm32f1xx_hal_adc.o
                0x080010e4                HAL_ADC_ConfigChannel
 .text.ADC_ConversionStop_Disable
                0x0800121c       0x4c build/stm32f1xx_hal_adc.o
                0x0800121c                ADC_ConversionStop_Disable
 .text.HAL_ADC_Init
                0x08001268      0x12c build/stm32f1xx_hal_adc.o
                0x08001268                HAL_ADC_Init
 .text.HAL_SPI_Init
                0x08001394       0x82 build/stm32f1xx_hal_spi_ex.o
                0x08001394                HAL_SPI_Init
 *fill*         0x08001416        0x2 
 .text.TIM_OC1_SetConfig
                0x08001418       0x68 build/stm32f1xx_hal_tim.o
 .text.TIM_OC3_SetConfig
                0x08001480       0x70 build/stm32f1xx_hal_tim.o
 .text.TIM_OC4_SetConfig
                0x080014f0       0x50 build/stm32f1xx_hal_tim.o
 .text.TIM_TI1_ConfigInputStage
                0x08001540       0x24 build/stm32f1xx_hal_tim.o
 .text.TIM_TI2_ConfigInputStage
                0x08001564       0x26 build/stm32f1xx_hal_tim.o
 .text.TIM_ITRx_SetConfig
                0x0800158a       0x10 build/stm32f1xx_hal_tim.o
 .text.TIM_ETR_SetConfig
                0x0800159a       0x16 build/stm32f1xx_hal_tim.o
 .text.HAL_TIM_Base_Start_IT
                0x080015b0       0x18 build/stm32f1xx_hal_tim.o
                0x080015b0                HAL_TIM_Base_Start_IT
 .text.HAL_TIM_PWM_MspInit
                0x080015c8        0x2 build/stm32f1xx_hal_tim.o
                0x080015c8                HAL_TIM_PWM_MspInit
 .text.HAL_TIM_ConfigClockSource
                0x080015ca      0x108 build/stm32f1xx_hal_tim.o
                0x080015ca                HAL_TIM_ConfigClockSource
 .text.HAL_TIM_OC_DelayElapsedCallback
                0x080016d2        0x2 build/stm32f1xx_hal_tim.o
                0x080016d2                HAL_TIM_OC_DelayElapsedCallback
 .text.HAL_TIM_IC_CaptureCallback
                0x080016d4        0x2 build/stm32f1xx_hal_tim.o
                0x080016d4                HAL_TIM_IC_CaptureCallback
 .text.HAL_TIM_PWM_PulseFinishedCallback
                0x080016d6        0x2 build/stm32f1xx_hal_tim.o
                0x080016d6                HAL_TIM_PWM_PulseFinishedCallback
 .text.HAL_TIM_TriggerCallback
                0x080016d8        0x2 build/stm32f1xx_hal_tim.o
                0x080016d8                HAL_TIM_TriggerCallback
 .text.HAL_TIM_IRQHandler
                0x080016da      0x17a build/stm32f1xx_hal_tim.o
                0x080016da                HAL_TIM_IRQHandler
 .text.TIM_Base_SetConfig
                0x08001854       0x98 build/stm32f1xx_hal_tim.o
                0x08001854                TIM_Base_SetConfig
 .text.HAL_TIM_Base_Init
                0x080018ec       0x32 build/stm32f1xx_hal_tim.o
                0x080018ec                HAL_TIM_Base_Init
 .text.HAL_TIM_PWM_Init
                0x0800191e       0x32 build/stm32f1xx_hal_tim.o
                0x0800191e                HAL_TIM_PWM_Init
 .text.TIM_OC2_SetConfig
                0x08001950       0x70 build/stm32f1xx_hal_tim.o
                0x08001950                TIM_OC2_SetConfig
 .text.HAL_TIM_PWM_ConfigChannel
                0x080019c0       0xdc build/stm32f1xx_hal_tim.o
                0x080019c0                HAL_TIM_PWM_ConfigChannel
 .text.HAL_TIMEx_MasterConfigSynchronization
                0x08001a9c       0x52 build/stm32f1xx_hal_tim_ex.o
                0x08001a9c                HAL_TIMEx_MasterConfigSynchronization
 .text.HAL_TIMEx_CommutationCallback
                0x08001aee        0x2 build/stm32f1xx_hal_tim_ex.o
                0x08001aee                HAL_TIMEx_CommutationCallback
 .text.HAL_TIMEx_BreakCallback
                0x08001af0        0x2 build/stm32f1xx_hal_tim_ex.o
                0x08001af0                HAL_TIMEx_BreakCallback
 .text.UART_EndTxTransfer
                0x08001af2       0x12 build/stm32f1xx_hal_uart.o
 .text.UART_EndRxTransfer
                0x08001b04       0x1c build/stm32f1xx_hal_uart.o
 .text.UART_Transmit_IT
                0x08001b20       0x68 build/stm32f1xx_hal_uart.o
 .text.UART_SetConfig
                0x08001b88      0x1ac build/stm32f1xx_hal_uart.o
 .text.UART_WaitOnFlagUntilTimeout
                0x08001d34       0x62 build/stm32f1xx_hal_uart.o
 .text.HAL_UART_Init
                0x08001d96       0x5e build/stm32f1xx_hal_uart.o
                0x08001d96                HAL_UART_Init
 .text.HAL_UART_Transmit
                0x08001df4       0xe0 build/stm32f1xx_hal_uart.o
                0x08001df4                HAL_UART_Transmit
 .text.HAL_UART_Receive_DMA
                0x08001ed4       0xa8 build/stm32f1xx_hal_uart.o
                0x08001ed4                HAL_UART_Receive_DMA
 .text.HAL_UART_DMAStop
                0x08001f7c       0x64 build/stm32f1xx_hal_uart.o
                0x08001f7c                HAL_UART_DMAStop
 .text.HAL_UART_TxCpltCallback
                0x08001fe0        0x2 build/stm32f1xx_hal_uart.o
                0x08001fe0                HAL_UART_TxCpltCallback
 .text.UART_EndTransmit_IT
                0x08001fe2       0x1a build/stm32f1xx_hal_uart.o
 .text.HAL_UART_RxCpltCallback
                0x08001ffc        0x2 build/stm32f1xx_hal_uart.o
                0x08001ffc                HAL_UART_RxCpltCallback
 .text.UART_DMAReceiveCplt
                0x08001ffe       0x3e build/stm32f1xx_hal_uart.o
 .text.UART_Receive_IT
                0x0800203c       0x9c build/stm32f1xx_hal_uart.o
 .text.HAL_UART_RxHalfCpltCallback
                0x080020d8        0x2 build/stm32f1xx_hal_uart.o
                0x080020d8                HAL_UART_RxHalfCpltCallback
 .text.UART_DMARxHalfCplt
                0x080020da        0xa build/stm32f1xx_hal_uart.o
 .text.HAL_UART_ErrorCallback
                0x080020e4        0x2 build/stm32f1xx_hal_uart.o
                0x080020e4                HAL_UART_ErrorCallback
 .text.UART_DMAError
                0x080020e6       0x58 build/stm32f1xx_hal_uart.o
 *fill*         0x0800213e        0x2 
 .text.HAL_UART_IRQHandler
                0x08002140      0x120 build/stm32f1xx_hal_uart.o
                0x08002140                HAL_UART_IRQHandler
 .text.UART_DMAAbortOnError
                0x08002260       0x10 build/stm32f1xx_hal_uart.o
 .text.HAL_Init
                0x08002270       0x24 build/stm32f1xx_hal.o
                0x08002270                HAL_Init
 .text.HAL_IncTick
                0x08002294       0x18 build/stm32f1xx_hal.o
                0x08002294                HAL_IncTick
 .text.HAL_GetTick
                0x080022ac        0xc build/stm32f1xx_hal.o
                0x080022ac                HAL_GetTick
 .text.RCC_Delay
                0x080022b8       0x2c build/stm32f1xx_hal_rcc.o
 .text.HAL_RCC_OscConfig
                0x080022e4      0x3dc build/stm32f1xx_hal_rcc.o
                0x080022e4                HAL_RCC_OscConfig
 .text.HAL_RCC_GetSysClockFreq
                0x080026c0       0x70 build/stm32f1xx_hal_rcc.o
                0x080026c0                HAL_RCC_GetSysClockFreq
 .text.HAL_RCC_ClockConfig
                0x08002730      0x178 build/stm32f1xx_hal_rcc.o
                0x08002730                HAL_RCC_ClockConfig
 .text.HAL_RCC_GetHCLKFreq
                0x080028a8        0xc build/stm32f1xx_hal_rcc.o
                0x080028a8                HAL_RCC_GetHCLKFreq
 .text.HAL_RCC_GetPCLK1Freq
                0x080028b4       0x20 build/stm32f1xx_hal_rcc.o
                0x080028b4                HAL_RCC_GetPCLK1Freq
 .text.HAL_RCC_GetPCLK2Freq
                0x080028d4       0x20 build/stm32f1xx_hal_rcc.o
                0x080028d4                HAL_RCC_GetPCLK2Freq
 .text.HAL_RCC_GetClockConfig
                0x080028f4       0x3c build/stm32f1xx_hal_rcc.o
                0x080028f4                HAL_RCC_GetClockConfig
 .text.HAL_RCCEx_PeriphCLKConfig
                0x08002930      0x114 build/stm32f1xx_hal_rcc_ex.o
                0x08002930                HAL_RCCEx_PeriphCLKConfig
 .text.HAL_GPIO_Init
                0x08002a44      0x1f0 build/stm32f1xx_hal_gpio.o
                0x08002a44                HAL_GPIO_Init
 .text.HAL_GPIO_WritePin
                0x08002c34        0xc build/stm32f1xx_hal_gpio.o
                0x08002c34                HAL_GPIO_WritePin
 .text.HAL_GPIO_EXTI_Callback
                0x08002c40        0x2 build/stm32f1xx_hal_gpio.o
                0x08002c40                HAL_GPIO_EXTI_Callback
 *fill*         0x08002c42        0x2 
 .text.HAL_GPIO_EXTI_IRQHandler
                0x08002c44       0x1c build/stm32f1xx_hal_gpio.o
                0x08002c44                HAL_GPIO_EXTI_IRQHandler
 .text.DMA_SetConfig
                0x08002c60       0x2c build/stm32f1xx_hal_dma.o
 .text.HAL_DMA_Init
                0x08002c8c       0xa0 build/stm32f1xx_hal_dma.o
                0x08002c8c                HAL_DMA_Init
 .text.HAL_DMA_Start_IT
                0x08002d2c       0x74 build/stm32f1xx_hal_dma.o
                0x08002d2c                HAL_DMA_Start_IT
 .text.HAL_DMA_Abort
                0x08002da0       0x2e build/stm32f1xx_hal_dma.o
                0x08002da0                HAL_DMA_Abort
 *fill*         0x08002dce        0x2 
 .text.HAL_DMA_Abort_IT
                0x08002dd0      0x168 build/stm32f1xx_hal_dma.o
                0x08002dd0                HAL_DMA_Abort_IT
 .text.HAL_DMA_IRQHandler
                0x08002f38      0x2ec build/stm32f1xx_hal_dma.o
                0x08002f38                HAL_DMA_IRQHandler
 .text.HAL_NVIC_SetPriorityGrouping
                0x08003224       0x24 build/stm32f1xx_hal_cortex.o
                0x08003224                HAL_NVIC_SetPriorityGrouping
 .text.HAL_NVIC_SetPriority
                0x08003248       0x68 build/stm32f1xx_hal_cortex.o
                0x08003248                HAL_NVIC_SetPriority
 .text.HAL_NVIC_EnableIRQ
                0x080032b0       0x18 build/stm32f1xx_hal_cortex.o
                0x080032b0                HAL_NVIC_EnableIRQ
 .text.HAL_SYSTICK_Config
                0x080032c8       0x2c build/stm32f1xx_hal_cortex.o
                0x080032c8                HAL_SYSTICK_Config
 .text.HAL_SYSTICK_CLKSourceConfig
                0x080032f4       0x20 build/stm32f1xx_hal_cortex.o
                0x080032f4                HAL_SYSTICK_CLKSourceConfig
 .text.SystemInit
                0x08003314       0x4c build/system_stm32f1xx.o
                0x08003314                SystemInit
 .text.prvHeapInit
                0x08003360       0x64 build/heap_4.o
 .text.prvInsertBlockIntoFreeList
                0x080033c4       0x54 build/heap_4.o
 .text.pvPortMalloc
                0x08003418      0x108 build/heap_4.o
                0x08003418                pvPortMalloc
 .text.vPortFree
                0x08003520       0x70 build/heap_4.o
                0x08003520                vPortFree
 .text.prvTaskExitError
                0x08003590       0x34 build/port.o
 .text.prvPortStartFirstTask
                0x080035c4       0x20 build/port.o
 .text.pxPortInitialiseStack
                0x080035e4       0x24 build/port.o
                0x080035e4                pxPortInitialiseStack
 *fill*         0x08003608        0x8 
 .text.SVC_Handler
                0x08003610       0x24 build/port.o
                0x08003610                SVC_Handler
 .text.vPortEnterCritical
                0x08003634       0x44 build/port.o
                0x08003634                vPortEnterCritical
 .text.vPortExitCritical
                0x08003678       0x2c build/port.o
                0x08003678                vPortExitCritical
 *fill*         0x080036a4        0xc 
 .text.PendSV_Handler
                0x080036b0       0x44 build/port.o
                0x080036b0                PendSV_Handler
 .text.xPortSysTickHandler
                0x080036f4       0x2c build/port.o
                0x080036f4                xPortSysTickHandler
 .text.vPortSetupTimerInterrupt
                0x08003720       0x2c build/port.o
                0x08003720                vPortSetupTimerInterrupt
 .text.xPortStartScheduler
                0x0800374c       0x98 build/port.o
                0x0800374c                xPortStartScheduler
 .text.vPortValidateInterruptPriority
                0x080037e4       0x5c build/port.o
                0x080037e4                vPortValidateInterruptPriority
 .text.prvIsQueueEmpty
                0x08003840       0x1a build/queue.o
 .text.prvCopyDataFromQueue
                0x0800385a       0x24 build/queue.o
 .text.prvUnlockQueue
                0x0800387e       0x6e build/queue.o
 .text.xQueueGenericReset
                0x080038ec       0x84 build/queue.o
                0x080038ec                xQueueGenericReset
 .text.prvInitialiseNewQueue
                0x08003970       0x1c build/queue.o
 .text.xQueueGenericCreate
                0x0800398c       0x48 build/queue.o
                0x0800398c                xQueueGenericCreate
 .text.xQueueGiveFromISR
                0x080039d4       0xb2 build/queue.o
                0x080039d4                xQueueGiveFromISR
 *fill*         0x08003a86        0x2 
 .text.xQueueGenericReceive
                0x08003a88      0x1a4 build/queue.o
                0x08003a88                xQueueGenericReceive
 .text.prvResetNextTaskUnblockTime
                0x08003c2c       0x2c build/tasks.o
 .text.prvDeleteTCB
                0x08003c58       0x12 build/tasks.o
 .text.prvInitialiseNewTask
                0x08003c6a       0x80 build/tasks.o
 *fill*         0x08003cea        0x2 
 .text.prvInitialiseTaskLists
                0x08003cec       0x68 build/tasks.o
 .text.prvAddNewTaskToReadyList
                0x08003d54       0xa8 build/tasks.o
 .text.prvAddCurrentTaskToDelayedList
                0x08003dfc       0x98 build/tasks.o
 .text.xTaskCreate
                0x08003e94       0x62 build/tasks.o
                0x08003e94                xTaskCreate
 *fill*         0x08003ef6        0x2 
 .text.vTaskStartScheduler
                0x08003ef8       0x7c build/tasks.o
                0x08003ef8                vTaskStartScheduler
 .text.vTaskSuspendAll
                0x08003f74       0x10 build/tasks.o
                0x08003f74                vTaskSuspendAll
 .text.xTaskIncrementTick
                0x08003f84      0x118 build/tasks.o
                0x08003f84                xTaskIncrementTick
 .text.xTaskResumeAll
                0x0800409c       0xf4 build/tasks.o
                0x0800409c                xTaskResumeAll
 .text.vTaskDelay
                0x08004190       0x4c build/tasks.o
                0x08004190                vTaskDelay
 .text.prvCheckTasksWaitingTermination
                0x080041dc       0x5c build/tasks.o
 .text.prvIdleTask
                0x08004238       0x30 build/tasks.o
 .text.vTaskSwitchContext
                0x08004268       0x98 build/tasks.o
                0x08004268                vTaskSwitchContext
 .text.vTaskPlaceOnEventList
                0x08004300       0x30 build/tasks.o
                0x08004300                vTaskPlaceOnEventList
 .text.xTaskRemoveFromEventList
                0x08004330       0x8c build/tasks.o
                0x08004330                xTaskRemoveFromEventList
 .text.vTaskSetTimeOutState
                0x080043bc       0x2c build/tasks.o
                0x080043bc                vTaskSetTimeOutState
 .text.xTaskCheckForTimeOut
                0x080043e8       0x80 build/tasks.o
                0x080043e8                xTaskCheckForTimeOut
 .text.vTaskMissedYield
                0x08004468        0xc build/tasks.o
                0x08004468                vTaskMissedYield
 .text.xTaskGetSchedulerState
                0x08004474       0x20 build/tasks.o
                0x08004474                xTaskGetSchedulerState
 .text.vTaskPriorityInherit
                0x08004494       0xa0 build/tasks.o
                0x08004494                vTaskPriorityInherit
 .text.pvTaskIncrementMutexHeldCount
                0x08004534       0x1c build/tasks.o
                0x08004534                pvTaskIncrementMutexHeldCount
 .text.vListInitialise
                0x08004550       0x16 build/list.o
                0x08004550                vListInitialise
 .text.vListInitialiseItem
                0x08004566        0x6 build/list.o
                0x08004566                vListInitialiseItem
 .text.vListInsertEnd
                0x0800456c       0x18 build/list.o
                0x0800456c                vListInsertEnd
 .text.vListInsert
                0x08004584       0x34 build/list.o
                0x08004584                vListInsert
 .text.uxListRemove
                0x080045b8       0x26 build/list.o
                0x080045b8                uxListRemove
 .text.makeFreeRtosPriority
                0x080045de        0xc build/cmsis_os.o
 .text.osKernelStart
                0x080045ea        0xa build/cmsis_os.o
                0x080045ea                osKernelStart
 .text.osThreadCreate
                0x080045f4       0x34 build/cmsis_os.o
                0x080045f4                osThreadCreate
 .text.osDelay  0x08004628       0x12 build/cmsis_os.o
                0x08004628                osDelay
 .text.osSystickHandler
                0x0800463a       0x10 build/cmsis_os.o
                0x0800463a                osSystickHandler
 *fill*         0x0800464a        0x2 
 .text.Reset_Handler
                0x0800464c       0x48 build/startup_stm32f103xe.o
                0x0800464c                Reset_Handler
 .text.Default_Handler
                0x08004694        0x2 build/startup_stm32f103xe.o
                0x08004694                RTC_Alarm_IRQHandler
                0x08004694                EXTI2_IRQHandler
                0x08004694                TIM8_TRG_COM_IRQHandler
                0x08004694                TIM8_CC_IRQHandler
                0x08004694                TIM1_CC_IRQHandler
                0x08004694                TIM6_IRQHandler
                0x08004694                PVD_IRQHandler
                0x08004694                SDIO_IRQHandler
                0x08004694                EXTI3_IRQHandler
                0x08004694                EXTI0_IRQHandler
                0x08004694                I2C2_EV_IRQHandler
                0x08004694                ADC1_2_IRQHandler
                0x08004694                SPI1_IRQHandler
                0x08004694                TAMPER_IRQHandler
                0x08004694                TIM8_UP_IRQHandler
                0x08004694                DMA2_Channel2_IRQHandler
                0x08004694                DMA1_Channel4_IRQHandler
                0x08004694                RTC_IRQHandler
                0x08004694                DMA1_Channel7_IRQHandler
                0x08004694                CAN1_RX1_IRQHandler
                0x08004694                UART5_IRQHandler
                0x08004694                ADC3_IRQHandler
                0x08004694                DMA2_Channel1_IRQHandler
                0x08004694                I2C1_EV_IRQHandler
                0x08004694                UART4_IRQHandler
                0x08004694                TIM3_IRQHandler
                0x08004694                RCC_IRQHandler
                0x08004694                TIM1_TRG_COM_IRQHandler
                0x08004694                Default_Handler
                0x08004694                EXTI15_10_IRQHandler
                0x08004694                TIM7_IRQHandler
                0x08004694                EXTI9_5_IRQHandler
                0x08004694                SPI2_IRQHandler
                0x08004694                USB_LP_CAN1_RX0_IRQHandler
                0x08004694                USB_HP_CAN1_TX_IRQHandler
                0x08004694                FSMC_IRQHandler
                0x08004694                WWDG_IRQHandler
                0x08004694                TIM2_IRQHandler
                0x08004694                TIM1_BRK_IRQHandler
                0x08004694                EXTI1_IRQHandler
                0x08004694                DMA2_Channel4_5_IRQHandler
                0x08004694                I2C2_ER_IRQHandler
                0x08004694                DMA1_Channel2_IRQHandler
                0x08004694                TIM8_BRK_IRQHandler
                0x08004694                CAN1_SCE_IRQHandler
                0x08004694                FLASH_IRQHandler
                0x08004694                SPI3_IRQHandler
                0x08004694                I2C1_ER_IRQHandler
                0x08004694                USBWakeUp_IRQHandler
                0x08004694                DMA2_Channel3_IRQHandler
 *fill*         0x08004696        0x2 
 .text.__libc_init_array
                0x08004698       0x48 c:/program files (x86)/gnu tools arm embedded/7 2018-q2-update/bin/../lib/gcc/arm-none-eabi/7.3.1/../../../../arm-none-eabi/lib/thumb/v7-m\libc_nano.a(lib_a-init.o)
                0x08004698                __libc_init_array
 .text.memcpy   0x080046e0       0x16 c:/program files (x86)/gnu tools arm embedded/7 2018-q2-update/bin/../lib/gcc/arm-none-eabi/7.3.1/../../../../arm-none-eabi/lib/thumb/v7-m\libc_nano.a(lib_a-memcpy-stub.o)
                0x080046e0                memcpy
 .text.memset   0x080046f6       0x10 c:/program files (x86)/gnu tools arm embedded/7 2018-q2-update/bin/../lib/gcc/arm-none-eabi/7.3.1/../../../../arm-none-eabi/lib/thumb/v7-m\libc_nano.a(lib_a-memset.o)
                0x080046f6                memset
 *fill*         0x08004706        0x2 
 .text.printf   0x08004708       0x30 c:/program files (x86)/gnu tools arm embedded/7 2018-q2-update/bin/../lib/gcc/arm-none-eabi/7.3.1/../../../../arm-none-eabi/lib/thumb/v7-m\libc_nano.a(lib_a-printf.o)
                0x08004708                iprintf
                0x08004708                printf
 .text._puts_r  0x08004738       0xb8 c:/program files (x86)/gnu tools arm embedded/7 2018-q2-update/bin/../lib/gcc/arm-none-eabi/7.3.1/../../../../arm-none-eabi/lib/thumb/v7-m\libc_nano.a(lib_a-puts.o)
                0x08004738                _puts_r
 .text.puts     0x080047f0       0x10 c:/program files (x86)/gnu tools arm embedded/7 2018-q2-update/bin/../lib/gcc/arm-none-eabi/7.3.1/../../../../arm-none-eabi/lib/thumb/v7-m\libc_nano.a(lib_a-puts.o)
                0x080047f0                puts
 .text.__swbuf_r
                0x08004800       0xa4 c:/program files (x86)/gnu tools arm embedded/7 2018-q2-update/bin/../lib/gcc/arm-none-eabi/7.3.1/../../../../arm-none-eabi/lib/thumb/v7-m\libc_nano.a(lib_a-wbuf.o)
                0x08004800                __swbuf_r
 .text.__swsetup_r
                0x080048a4       0xdc c:/program files (x86)/gnu tools arm embedded/7 2018-q2-update/bin/../lib/gcc/arm-none-eabi/7.3.1/../../../../arm-none-eabi/lib/thumb/v7-m\libc_nano.a(lib_a-wsetup.o)
                0x080048a4                __swsetup_r
 .text.__sflush_r
                0x08004980      0x10c c:/program files (x86)/gnu tools arm embedded/7 2018-q2-update/bin/../lib/gcc/arm-none-eabi/7.3.1/../../../../arm-none-eabi/lib/thumb/v7-m\libc_nano.a(lib_a-fflush.o)
                0x08004980                __sflush_r
 .text._fflush_r
                0x08004a8c       0x54 c:/program files (x86)/gnu tools arm embedded/7 2018-q2-update/bin/../lib/gcc/arm-none-eabi/7.3.1/../../../../arm-none-eabi/lib/thumb/v7-m\libc_nano.a(lib_a-fflush.o)
                0x08004a8c                _fflush_r
 .text.std      0x08004ae0       0x48 c:/program files (x86)/gnu tools arm embedded/7 2018-q2-update/bin/../lib/gcc/arm-none-eabi/7.3.1/../../../../arm-none-eabi/lib/thumb/v7-m\libc_nano.a(lib_a-findfp.o)
 .text._cleanup_r
                0x08004b28        0xc c:/program files (x86)/gnu tools arm embedded/7 2018-q2-update/bin/../lib/gcc/arm-none-eabi/7.3.1/../../../../arm-none-eabi/lib/thumb/v7-m\libc_nano.a(lib_a-findfp.o)
                0x08004b28                _cleanup_r
 .text.__sfmoreglue
                0x08004b34       0x2c c:/program files (x86)/gnu tools arm embedded/7 2018-q2-update/bin/../lib/gcc/arm-none-eabi/7.3.1/../../../../arm-none-eabi/lib/thumb/v7-m\libc_nano.a(lib_a-findfp.o)
                0x08004b34                __sfmoreglue
 .text.__sinit  0x08004b60       0x60 c:/program files (x86)/gnu tools arm embedded/7 2018-q2-update/bin/../lib/gcc/arm-none-eabi/7.3.1/../../../../arm-none-eabi/lib/thumb/v7-m\libc_nano.a(lib_a-findfp.o)
                0x08004b60                __sinit
 .text.__sfp    0x08004bc0       0x78 c:/program files (x86)/gnu tools arm embedded/7 2018-q2-update/bin/../lib/gcc/arm-none-eabi/7.3.1/../../../../arm-none-eabi/lib/thumb/v7-m\libc_nano.a(lib_a-findfp.o)
                0x08004bc0                __sfp
 .text._fwalk_reent
                0x08004c38       0x3c c:/program files (x86)/gnu tools arm embedded/7 2018-q2-update/bin/../lib/gcc/arm-none-eabi/7.3.1/../../../../arm-none-eabi/lib/thumb/v7-m\libc_nano.a(lib_a-fwalk.o)
                0x08004c38                _fwalk_reent
 .text.__swhatbuf_r
                0x08004c74       0x48 c:/program files (x86)/gnu tools arm embedded/7 2018-q2-update/bin/../lib/gcc/arm-none-eabi/7.3.1/../../../../arm-none-eabi/lib/thumb/v7-m\libc_nano.a(lib_a-makebuf.o)
                0x08004c74                __swhatbuf_r
 .text.__smakebuf_r
                0x08004cbc       0x80 c:/program files (x86)/gnu tools arm embedded/7 2018-q2-update/bin/../lib/gcc/arm-none-eabi/7.3.1/../../../../arm-none-eabi/lib/thumb/v7-m\libc_nano.a(lib_a-makebuf.o)
                0x08004cbc                __smakebuf_r
 .text._free_r  0x08004d3c       0x98 c:/program files (x86)/gnu tools arm embedded/7 2018-q2-update/bin/../lib/gcc/arm-none-eabi/7.3.1/../../../../arm-none-eabi/lib/thumb/v7-m\libc_nano.a(lib_a-nano-freer.o)
                0x08004d3c                _free_r
 .text._malloc_r
                0x08004dd4       0xb4 c:/program files (x86)/gnu tools arm embedded/7 2018-q2-update/bin/../lib/gcc/arm-none-eabi/7.3.1/../../../../arm-none-eabi/lib/thumb/v7-m\libc_nano.a(lib_a-nano-mallocr.o)
                0x08004dd4                _malloc_r
 .text.__sfputc_r
                0x08004e88       0x2a c:/program files (x86)/gnu tools arm embedded/7 2018-q2-update/bin/../lib/gcc/arm-none-eabi/7.3.1/../../../../arm-none-eabi/lib/thumb/v7-m\libc_nano.a(lib_a-nano-vfprintf.o)
 .text.__sfputs_r
                0x08004eb2       0x24 c:/program files (x86)/gnu tools arm embedded/7 2018-q2-update/bin/../lib/gcc/arm-none-eabi/7.3.1/../../../../arm-none-eabi/lib/thumb/v7-m\libc_nano.a(lib_a-nano-vfprintf.o)
                0x08004eb2                __sfputs_r
 *fill*         0x08004ed6        0x2 
 .text._vfprintf_r
                0x08004ed8      0x22c c:/program files (x86)/gnu tools arm embedded/7 2018-q2-update/bin/../lib/gcc/arm-none-eabi/7.3.1/../../../../arm-none-eabi/lib/thumb/v7-m\libc_nano.a(lib_a-nano-vfprintf.o)
                0x08004ed8                _vfprintf_r
                0x08004ed8                _vfiprintf_r
 .text._printf_common
                0x08005104       0xec c:/program files (x86)/gnu tools arm embedded/7 2018-q2-update/bin/../lib/gcc/arm-none-eabi/7.3.1/../../../../arm-none-eabi/lib/thumb/v7-m\libc_nano.a(lib_a-nano-vfprintf_i.o)
                0x08005104                _printf_common
 .text._printf_i
                0x080051f0      0x224 c:/program files (x86)/gnu tools arm embedded/7 2018-q2-update/bin/../lib/gcc/arm-none-eabi/7.3.1/../../../../arm-none-eabi/lib/thumb/v7-m\libc_nano.a(lib_a-nano-vfprintf_i.o)
                0x080051f0                _printf_i
 .text._sbrk_r  0x08005414       0x20 c:/program files (x86)/gnu tools arm embedded/7 2018-q2-update/bin/../lib/gcc/arm-none-eabi/7.3.1/../../../../arm-none-eabi/lib/thumb/v7-m\libc_nano.a(lib_a-sbrkr.o)
                0x08005414                _sbrk_r
 .text.__sread  0x08005434       0x22 c:/program files (x86)/gnu tools arm embedded/7 2018-q2-update/bin/../lib/gcc/arm-none-eabi/7.3.1/../../../../arm-none-eabi/lib/thumb/v7-m\libc_nano.a(lib_a-stdio.o)
                0x08005434                __sread
 .text.__swrite
                0x08005456       0x38 c:/program files (x86)/gnu tools arm embedded/7 2018-q2-update/bin/../lib/gcc/arm-none-eabi/7.3.1/../../../../arm-none-eabi/lib/thumb/v7-m\libc_nano.a(lib_a-stdio.o)
                0x08005456                __swrite
 .text.__sseek  0x0800548e       0x24 c:/program files (x86)/gnu tools arm embedded/7 2018-q2-update/bin/../lib/gcc/arm-none-eabi/7.3.1/../../../../arm-none-eabi/lib/thumb/v7-m\libc_nano.a(lib_a-stdio.o)
                0x0800548e                __sseek
 .text.__sclose
                0x080054b2        0x8 c:/program files (x86)/gnu tools arm embedded/7 2018-q2-update/bin/../lib/gcc/arm-none-eabi/7.3.1/../../../../arm-none-eabi/lib/thumb/v7-m\libc_nano.a(lib_a-stdio.o)
                0x080054b2                __sclose
 *fill*         0x080054ba        0x2 
 .text._write_r
                0x080054bc       0x24 c:/program files (x86)/gnu tools arm embedded/7 2018-q2-update/bin/../lib/gcc/arm-none-eabi/7.3.1/../../../../arm-none-eabi/lib/thumb/v7-m\libc_nano.a(lib_a-writer.o)
                0x080054bc                _write_r
 .text._close_r
                0x080054e0       0x20 c:/program files (x86)/gnu tools arm embedded/7 2018-q2-update/bin/../lib/gcc/arm-none-eabi/7.3.1/../../../../arm-none-eabi/lib/thumb/v7-m\libc_nano.a(lib_a-closer.o)
                0x080054e0                _close_r
 .text._fstat_r
                0x08005500       0x24 c:/program files (x86)/gnu tools arm embedded/7 2018-q2-update/bin/../lib/gcc/arm-none-eabi/7.3.1/../../../../arm-none-eabi/lib/thumb/v7-m\libc_nano.a(lib_a-fstatr.o)
                0x08005500                _fstat_r
 .text._isatty_r
                0x08005524       0x20 c:/program files (x86)/gnu tools arm embedded/7 2018-q2-update/bin/../lib/gcc/arm-none-eabi/7.3.1/../../../../arm-none-eabi/lib/thumb/v7-m\libc_nano.a(lib_a-isattyr.o)
                0x08005524                _isatty_r
 .text._lseek_r
                0x08005544       0x24 c:/program files (x86)/gnu tools arm embedded/7 2018-q2-update/bin/../lib/gcc/arm-none-eabi/7.3.1/../../../../arm-none-eabi/lib/thumb/v7-m\libc_nano.a(lib_a-lseekr.o)
                0x08005544                _lseek_r
 .text.memchr   0x08005568       0x1c c:/program files (x86)/gnu tools arm embedded/7 2018-q2-update/bin/../lib/gcc/arm-none-eabi/7.3.1/../../../../arm-none-eabi/lib/thumb/v7-m\libc_nano.a(lib_a-memchr-stub.o)
                0x08005568                memchr
 .text.__malloc_lock
                0x08005584        0x2 c:/program files (x86)/gnu tools arm embedded/7 2018-q2-update/bin/../lib/gcc/arm-none-eabi/7.3.1/../../../../arm-none-eabi/lib/thumb/v7-m\libc_nano.a(lib_a-mlock.o)
                0x08005584                __malloc_lock
 .text.__malloc_unlock
                0x08005586        0x2 c:/program files (x86)/gnu tools arm embedded/7 2018-q2-update/bin/../lib/gcc/arm-none-eabi/7.3.1/../../../../arm-none-eabi/lib/thumb/v7-m\libc_nano.a(lib_a-mlock.o)
                0x08005586                __malloc_unlock
 .text._read_r  0x08005588       0x24 c:/program files (x86)/gnu tools arm embedded/7 2018-q2-update/bin/../lib/gcc/arm-none-eabi/7.3.1/../../../../arm-none-eabi/lib/thumb/v7-m\libc_nano.a(lib_a-readr.o)
                0x08005588                _read_r
 .text._close   0x080055ac       0x10 c:/program files (x86)/gnu tools arm embedded/7 2018-q2-update/bin/../lib/gcc/arm-none-eabi/7.3.1/../../../../arm-none-eabi/lib/thumb/v7-m\libnosys.a(close.o)
                0x080055ac                _close
 .text._fstat   0x080055bc       0x10 c:/program files (x86)/gnu tools arm embedded/7 2018-q2-update/bin/../lib/gcc/arm-none-eabi/7.3.1/../../../../arm-none-eabi/lib/thumb/v7-m\libnosys.a(fstat.o)
                0x080055bc                _fstat
 .text._isatty  0x080055cc       0x10 c:/program files (x86)/gnu tools arm embedded/7 2018-q2-update/bin/../lib/gcc/arm-none-eabi/7.3.1/../../../../arm-none-eabi/lib/thumb/v7-m\libnosys.a(isatty.o)
                0x080055cc                _isatty
 .text._lseek   0x080055dc       0x10 c:/program files (x86)/gnu tools arm embedded/7 2018-q2-update/bin/../lib/gcc/arm-none-eabi/7.3.1/../../../../arm-none-eabi/lib/thumb/v7-m\libnosys.a(lseek.o)
                0x080055dc                _lseek
 .text._read    0x080055ec       0x10 c:/program files (x86)/gnu tools arm embedded/7 2018-q2-update/bin/../lib/gcc/arm-none-eabi/7.3.1/../../../../arm-none-eabi/lib/thumb/v7-m\libnosys.a(read.o)
                0x080055ec                _read
 .text._sbrk    0x080055fc       0x1c c:/program files (x86)/gnu tools arm embedded/7 2018-q2-update/bin/../lib/gcc/arm-none-eabi/7.3.1/../../../../arm-none-eabi/lib/thumb/v7-m\libnosys.a(sbrk.o)
                0x080055fc                _sbrk
 *(.glue_7)
 .glue_7        0x08005618        0x0 linker stubs
 *(.glue_7t)
 .glue_7t       0x08005618        0x0 linker stubs
 *(.eh_frame)
 .eh_frame      0x08005618        0x0 c:/program files (x86)/gnu tools arm embedded/7 2018-q2-update/bin/../lib/gcc/arm-none-eabi/7.3.1/thumb/v7-m/crtbegin.o
 *(.init)
 .init          0x08005618        0x4 c:/program files (x86)/gnu tools arm embedded/7 2018-q2-update/bin/../lib/gcc/arm-none-eabi/7.3.1/thumb/v7-m/crti.o
                0x08005618                _init
 .init          0x0800561c        0x8 c:/program files (x86)/gnu tools arm embedded/7 2018-q2-update/bin/../lib/gcc/arm-none-eabi/7.3.1/thumb/v7-m/crtn.o
 *(.fini)
 .fini          0x08005624        0x4 c:/program files (x86)/gnu tools arm embedded/7 2018-q2-update/bin/../lib/gcc/arm-none-eabi/7.3.1/thumb/v7-m/crti.o
                0x08005624                _fini
 .fini          0x08005628        0x8 c:/program files (x86)/gnu tools arm embedded/7 2018-q2-update/bin/../lib/gcc/arm-none-eabi/7.3.1/thumb/v7-m/crtn.o
                0x08005630                . = ALIGN (0x4)
                0x08005630                _etext = .

.vfp11_veneer   0x08005630        0x0
 .vfp11_veneer  0x08005630        0x0 linker stubs

.v4_bx          0x08005630        0x0
 .v4_bx         0x08005630        0x0 linker stubs

.iplt           0x08005630        0x0
 .iplt          0x08005630        0x0 c:/program files (x86)/gnu tools arm embedded/7 2018-q2-update/bin/../lib/gcc/arm-none-eabi/7.3.1/thumb/v7-m/crtbegin.o

.rodata         0x08005630      0x204
                0x08005630                . = ALIGN (0x4)
 *(.rodata)
 .rodata        0x08005630       0x14 build/freertos.o
 .rodata        0x08005644       0x12 build/stm32f1xx_hal_rcc.o
 *(.rodata*)
 *fill*         0x08005656        0x2 
 .rodata.SystemClock_Config.str1.4
                0x08005658       0x10 build/main.o
 .rodata.MX_ADC1_Init.str1.4
                0x08005668        0xf build/adc.o
 *fill*         0x08005677        0x1 
 .rodata.MX_FREERTOS_Init.str1.4
                0x08005678       0x33 build/freertos.o
 *fill*         0x080056ab        0x1 
 .rodata.StartDefaultTask.str1.4
                0x080056ac       0x1a build/freertos.o
 *fill*         0x080056c6        0x2 
 .rodata.StartScanUsartsTask.str1.4
                0x080056c8       0x71 build/freertos.o
 *fill*         0x08005739        0x3 
 .rodata.str1.4
                0x0800573c        0xc build/freertos.o
 .rodata.MX_SPI1_Init.str1.4
                0x08005748        0xf build/spi.o
 *fill*         0x08005757        0x1 
 .rodata.MX_TIM4_Init.str1.4
                0x08005758        0xf build/tim.o
 *fill*         0x08005767        0x1 
 .rodata.MX_USART1_UART_Init.str1.4
                0x08005768       0x11 build/usart.o
 *fill*         0x08005779        0x3 
 .rodata.AHBPrescTable
                0x0800577c       0x10 build/system_stm32f1xx.o
                0x0800577c                AHBPrescTable
 .rodata.APBPrescTable
                0x0800578c        0x8 build/system_stm32f1xx.o
                0x0800578c                APBPrescTable
 .rodata.vTaskStartScheduler.str1.4
                0x08005794        0x8 build/tasks.o
                                  0x5 (size before relaxing)
 .rodata._global_impure_ptr
                0x0800579c        0x4 c:/program files (x86)/gnu tools arm embedded/7 2018-q2-update/bin/../lib/gcc/arm-none-eabi/7.3.1/../../../../arm-none-eabi/lib/thumb/v7-m\libc_nano.a(lib_a-impure.o)
                0x0800579c                _global_impure_ptr
 .rodata.__sf_fake_stderr
                0x080057a0       0x20 c:/program files (x86)/gnu tools arm embedded/7 2018-q2-update/bin/../lib/gcc/arm-none-eabi/7.3.1/../../../../arm-none-eabi/lib/thumb/v7-m\libc_nano.a(lib_a-findfp.o)
                0x080057a0                __sf_fake_stderr
 .rodata.__sf_fake_stdin
                0x080057c0       0x20 c:/program files (x86)/gnu tools arm embedded/7 2018-q2-update/bin/../lib/gcc/arm-none-eabi/7.3.1/../../../../arm-none-eabi/lib/thumb/v7-m\libc_nano.a(lib_a-findfp.o)
                0x080057c0                __sf_fake_stdin
 .rodata.__sf_fake_stdout
                0x080057e0       0x20 c:/program files (x86)/gnu tools arm embedded/7 2018-q2-update/bin/../lib/gcc/arm-none-eabi/7.3.1/../../../../arm-none-eabi/lib/thumb/v7-m\libc_nano.a(lib_a-findfp.o)
                0x080057e0                __sf_fake_stdout
 .rodata._vfprintf_r.str1.1
                0x08005800       0x11 c:/program files (x86)/gnu tools arm embedded/7 2018-q2-update/bin/../lib/gcc/arm-none-eabi/7.3.1/../../../../arm-none-eabi/lib/thumb/v7-m\libc_nano.a(lib_a-nano-vfprintf.o)
 .rodata._printf_i.str1.1
                0x08005811       0x22 c:/program files (x86)/gnu tools arm embedded/7 2018-q2-update/bin/../lib/gcc/arm-none-eabi/7.3.1/../../../../arm-none-eabi/lib/thumb/v7-m\libc_nano.a(lib_a-nano-vfprintf_i.o)
                0x08005834                . = ALIGN (0x4)
 *fill*         0x08005833        0x1 

.rel.dyn        0x08005834        0x0
 .rel.iplt      0x08005834        0x0 c:/program files (x86)/gnu tools arm embedded/7 2018-q2-update/bin/../lib/gcc/arm-none-eabi/7.3.1/thumb/v7-m/crtbegin.o

.ARM.extab
 *(.ARM.extab* .gnu.linkonce.armextab.*)

.ARM            0x08005834        0x0
                0x08005834                __exidx_start = .
 *(.ARM.exidx*)
                0x08005834                __exidx_end = .

.preinit_array  0x08005834        0x0
                0x08005834                PROVIDE (__preinit_array_start = .)
 *(.preinit_array*)
                0x08005834                PROVIDE (__preinit_array_end = .)

.init_array     0x08005834        0x4
                0x08005834                PROVIDE (__init_array_start = .)
 *(SORT_BY_NAME(.init_array.*))
 *(.init_array*)
 .init_array    0x08005834        0x4 c:/program files (x86)/gnu tools arm embedded/7 2018-q2-update/bin/../lib/gcc/arm-none-eabi/7.3.1/thumb/v7-m/crtbegin.o
                0x08005838                PROVIDE (__init_array_end = .)

.fini_array     0x08005838        0x4
                [!provide]                PROVIDE (__fini_array_start = .)
 *(SORT_BY_NAME(.fini_array.*))
 *(.fini_array*)
 .fini_array    0x08005838        0x4 c:/program files (x86)/gnu tools arm embedded/7 2018-q2-update/bin/../lib/gcc/arm-none-eabi/7.3.1/thumb/v7-m/crtbegin.o
                [!provide]                PROVIDE (__fini_array_end = .)
                0x0800583c                _sidata = LOADADDR (.data)

.data           0x20000000       0x70 load address 0x0800583c
                0x20000000                . = ALIGN (0x4)
                0x20000000                _sdata = .
 *(.data)
 *(.data*)
 .data.uwTickFreq
                0x20000000        0x1 build/stm32f1xx_hal.o
                0x20000000                uwTickFreq
 *fill*         0x20000001        0x3 
 .data.SystemCoreClock
                0x20000004        0x4 build/system_stm32f1xx.o
                0x20000004                SystemCoreClock
 .data.uxCriticalNesting
                0x20000008        0x4 build/port.o
 .data._impure_ptr
                0x2000000c        0x4 c:/program files (x86)/gnu tools arm embedded/7 2018-q2-update/bin/../lib/gcc/arm-none-eabi/7.3.1/../../../../arm-none-eabi/lib/thumb/v7-m\libc_nano.a(lib_a-impure.o)
                0x2000000c                _impure_ptr
 .data.impure_data
                0x20000010       0x60 c:/program files (x86)/gnu tools arm embedded/7 2018-q2-update/bin/../lib/gcc/arm-none-eabi/7.3.1/../../../../arm-none-eabi/lib/thumb/v7-m\libc_nano.a(lib_a-impure.o)
                0x20000070                . = ALIGN (0x4)
                0x20000070                _edata = .

.igot.plt       0x20000070        0x0 load address 0x080058ac
 .igot.plt      0x20000070        0x0 c:/program files (x86)/gnu tools arm embedded/7 2018-q2-update/bin/../lib/gcc/arm-none-eabi/7.3.1/thumb/v7-m/crtbegin.o
                0x20000070                . = ALIGN (0x4)

.bss            0x20000070     0x1414 load address 0x080058ac
                0x20000070                _sbss = .
                0x20000070                __bss_start__ = _sbss
 *(.bss)
 .bss           0x20000070       0x1c c:/program files (x86)/gnu tools arm embedded/7 2018-q2-update/bin/../lib/gcc/arm-none-eabi/7.3.1/thumb/v7-m/crtbegin.o
 *(.bss*)
 .bss.xHigherPriorityTaskWoken.8401
                0x2000008c        0x4 build/stm32f1xx_it.o
 .bss.xHigherPriorityTaskWoken.8407
                0x20000090        0x4 build/stm32f1xx_it.o
 .bss.xHigherPriorityTaskWoken.8413
                0x20000094        0x4 build/stm32f1xx_it.o
 .bss.pxEnd     0x20000098        0x4 build/heap_4.o
 .bss.ucHeap    0x2000009c      0xc00 build/heap_4.o
 .bss.xBlockAllocatedBit
                0x20000c9c        0x4 build/heap_4.o
 .bss.xFreeBytesRemaining
                0x20000ca0        0x4 build/heap_4.o
 .bss.xMinimumEverFreeBytesRemaining
                0x20000ca4        0x4 build/heap_4.o
 .bss.xStart    0x20000ca8        0x8 build/heap_4.o
 .bss.ucMaxSysCallPriority
                0x20000cb0        0x1 build/port.o
 *fill*         0x20000cb1        0x3 
 .bss.ulMaxPRIGROUPValue
                0x20000cb4        0x4 build/port.o
 .bss.pxCurrentTCB
                0x20000cb8        0x4 build/tasks.o
                0x20000cb8                pxCurrentTCB
 .bss.pxDelayedTaskList
                0x20000cbc        0x4 build/tasks.o
 .bss.pxOverflowDelayedTaskList
                0x20000cc0        0x4 build/tasks.o
 .bss.pxReadyTasksLists
                0x20000cc4       0x8c build/tasks.o
 .bss.uxCurrentNumberOfTasks
                0x20000d50        0x4 build/tasks.o
 .bss.uxDeletedTasksWaitingCleanUp
                0x20000d54        0x4 build/tasks.o
 .bss.uxPendedTicks
                0x20000d58        0x4 build/tasks.o
 .bss.uxSchedulerSuspended
                0x20000d5c        0x4 build/tasks.o
 .bss.uxTaskNumber
                0x20000d60        0x4 build/tasks.o
 .bss.uxTopReadyPriority
                0x20000d64        0x4 build/tasks.o
 .bss.xDelayedTaskList1
                0x20000d68       0x14 build/tasks.o
 .bss.xDelayedTaskList2
                0x20000d7c       0x14 build/tasks.o
 .bss.xIdleTaskHandle
                0x20000d90        0x4 build/tasks.o
 .bss.xNextTaskUnblockTime
                0x20000d94        0x4 build/tasks.o
 .bss.xNumOfOverflows
                0x20000d98        0x4 build/tasks.o
 .bss.xPendingReadyList
                0x20000d9c       0x14 build/tasks.o
 .bss.xSchedulerRunning
                0x20000db0        0x4 build/tasks.o
 .bss.xSuspendedTaskList
                0x20000db4       0x14 build/tasks.o
 .bss.xTasksWaitingTermination
                0x20000dc8       0x14 build/tasks.o
 .bss.xTickCount
                0x20000ddc        0x4 build/tasks.o
 .bss.xYieldPending
                0x20000de0        0x4 build/tasks.o
 .bss.__malloc_free_list
                0x20000de4        0x4 c:/program files (x86)/gnu tools arm embedded/7 2018-q2-update/bin/../lib/gcc/arm-none-eabi/7.3.1/../../../../arm-none-eabi/lib/thumb/v7-m\libc_nano.a(lib_a-nano-mallocr.o)
                0x20000de4                __malloc_free_list
 .bss.__malloc_sbrk_start
                0x20000de8        0x4 c:/program files (x86)/gnu tools arm embedded/7 2018-q2-update/bin/../lib/gcc/arm-none-eabi/7.3.1/../../../../arm-none-eabi/lib/thumb/v7-m\libc_nano.a(lib_a-nano-mallocr.o)
                0x20000de8                __malloc_sbrk_start
 .bss.heap_end.4102
                0x20000dec        0x4 c:/program files (x86)/gnu tools arm embedded/7 2018-q2-update/bin/../lib/gcc/arm-none-eabi/7.3.1/../../../../arm-none-eabi/lib/thumb/v7-m\libnosys.a(sbrk.o)
 *(COMMON)
 COMMON         0x20000df0       0x74 build/adc.o
                0x20000df0                hadc1
                0x20000e20                hdma_adc1
 COMMON         0x20000e64       0x20 build/freertos.o
                0x20000e64                tReturn
                0x20000e68                defaultTaskHandle
                0x20000e6c                scanUartsTaskHandle
                0x20000e70                xScanCoreBoardSemaphore
                0x20000e74                xScanBSPBBoardSemaphore
                0x20000e78                scanBSPATaskHandle
                0x20000e7c                scanBSPBTaskHandle
                0x20000e80                xScanBSPABoardSemaphore
 COMMON         0x20000e84       0x58 build/spi.o
                0x20000e84                hspi1
 COMMON         0x20000edc       0xc0 build/tim.o
                0x20000edc                htim4
                0x20000f1c                htim5
                0x20000f5c                htim3
 COMMON         0x20000f9c      0x4a0 build/usart.o
                0x20000f9c                BSPABoardReceiveBuff
                0x2000101c                hdma_usart2_rx
                0x20001060                BSPBBoardReceiveInfo
                0x200010e0                hdma_usart3_rx
                0x20001124                huart3
                0x20001164                CoreBoardRx_BufferLen
                0x20001168                CoreBoardReceiveInfo
                0x200011e8                BSPBBoardRx_InfoLen
                0x200011ec                hdma_usart1_rx
                0x20001230                huart1
                0x20001270                CoreBoardRx_InfoLen
                0x20001271                BSPBBoardRx_BufferLen
                0x20001274                CoreBoardReceiveBuff
                0x200012f4                BSPABoardRx_InfoLen
                0x200012f8                BSPABoardReceiveInfo
                0x20001378                BSPABoardRx_BufferLen
                0x2000137c                huart2
                0x200013bc                BSPBBoardReceiveBuff
 COMMON         0x2000143c       0x40 build/stm32f1xx_hal_timebase_TIM.o
                0x2000143c                htim1
 COMMON         0x2000147c        0x4 build/stm32f1xx_hal.o
                0x2000147c                uwTick
 COMMON         0x20001480        0x4 c:/program files (x86)/gnu tools arm embedded/7 2018-q2-update/bin/../lib/gcc/arm-none-eabi/7.3.1/../../../../arm-none-eabi/lib/thumb/v7-m\libc_nano.a(lib_a-reent.o)
                0x20001480                errno
                0x20001484                . = ALIGN (0x4)
                0x20001484                _ebss = .
                0x20001484                __bss_end__ = _ebss

._user_heap_stack
                0x20001484      0x604 load address 0x080058ac
                0x20001488                . = ALIGN (0x8)
 *fill*         0x20001484        0x4 
                0x20001488                PROVIDE (end = .)
                [!provide]                PROVIDE (_end = .)
                0x20001688                . = (. + _Min_Heap_Size)
 *fill*         0x20001488      0x200 
                0x20001a88                . = (. + _Min_Stack_Size)
 *fill*         0x20001688      0x400 
                0x20001a88                . = ALIGN (0x8)

/DISCARD/
 libc.a(*)
 libm.a(*)
 libgcc.a(*)

.ARM.attributes
                0x00000000       0x29
 *(.ARM.attributes)
 .ARM.attributes
                0x00000000       0x1d c:/program files (x86)/gnu tools arm embedded/7 2018-q2-update/bin/../lib/gcc/arm-none-eabi/7.3.1/thumb/v7-m/crti.o
 .ARM.attributes
                0x0000001d       0x2d c:/program files (x86)/gnu tools arm embedded/7 2018-q2-update/bin/../lib/gcc/arm-none-eabi/7.3.1/thumb/v7-m/crtbegin.o
 .ARM.attributes
                0x0000004a       0x33 build/syscalls.o
 .ARM.attributes
                0x0000007d       0x33 build/main.o
 .ARM.attributes
                0x000000b0       0x33 build/gpio.o
 .ARM.attributes
                0x000000e3       0x33 build/adc.o
 .ARM.attributes
                0x00000116       0x33 build/dma.o
 .ARM.attributes
                0x00000149       0x33 build/freertos.o
 .ARM.attributes
                0x0000017c       0x33 build/spi.o
 .ARM.attributes
                0x000001af       0x33 build/tim.o
 .ARM.attributes
                0x000001e2       0x33 build/usart.o
 .ARM.attributes
                0x00000215       0x33 build/stm32f1xx_it.o
 .ARM.attributes
                0x00000248       0x33 build/stm32f1xx_hal_msp.o
 .ARM.attributes
                0x0000027b       0x33 build/stm32f1xx_hal_timebase_TIM.o
 .ARM.attributes
                0x000002ae       0x33 build/stm32f1xx_hal_adc.o
 .ARM.attributes
                0x000002e1       0x33 build/stm32f1xx_hal_spi_ex.o
 .ARM.attributes
                0x00000314       0x33 build/stm32f1xx_hal_tim.o
 .ARM.attributes
                0x00000347       0x33 build/stm32f1xx_hal_tim_ex.o
 .ARM.attributes
                0x0000037a       0x33 build/stm32f1xx_hal_uart.o
 .ARM.attributes
                0x000003ad       0x33 build/stm32f1xx_hal.o
 .ARM.attributes
                0x000003e0       0x33 build/stm32f1xx_hal_rcc.o
 .ARM.attributes
                0x00000413       0x33 build/stm32f1xx_hal_rcc_ex.o
 .ARM.attributes
                0x00000446       0x33 build/stm32f1xx_hal_gpio.o
 .ARM.attributes
                0x00000479       0x33 build/stm32f1xx_hal_dma.o
 .ARM.attributes
                0x000004ac       0x33 build/stm32f1xx_hal_cortex.o
 .ARM.attributes
                0x000004df       0x33 build/system_stm32f1xx.o
 .ARM.attributes
                0x00000512       0x33 build/heap_4.o
 .ARM.attributes
                0x00000545       0x33 build/port.o
 .ARM.attributes
                0x00000578       0x33 build/queue.o
 .ARM.attributes
                0x000005ab       0x33 build/tasks.o
 .ARM.attributes
                0x000005de       0x33 build/list.o
 .ARM.attributes
                0x00000611       0x33 build/cmsis_os.o
 .ARM.attributes
                0x00000644       0x21 build/startup_stm32f103xe.o
 .ARM.attributes
                0x00000665       0x2d c:/program files (x86)/gnu tools arm embedded/7 2018-q2-update/bin/../lib/gcc/arm-none-eabi/7.3.1/../../../../arm-none-eabi/lib/thumb/v7-m\libc_nano.a(lib_a-impure.o)
 .ARM.attributes
                0x00000692       0x2d c:/program files (x86)/gnu tools arm embedded/7 2018-q2-update/bin/../lib/gcc/arm-none-eabi/7.3.1/../../../../arm-none-eabi/lib/thumb/v7-m\libc_nano.a(lib_a-init.o)
 .ARM.attributes
                0x000006bf       0x2d c:/program files (x86)/gnu tools arm embedded/7 2018-q2-update/bin/../lib/gcc/arm-none-eabi/7.3.1/../../../../arm-none-eabi/lib/thumb/v7-m\libc_nano.a(lib_a-memcpy-stub.o)
 .ARM.attributes
                0x000006ec       0x2d c:/program files (x86)/gnu tools arm embedded/7 2018-q2-update/bin/../lib/gcc/arm-none-eabi/7.3.1/../../../../arm-none-eabi/lib/thumb/v7-m\libc_nano.a(lib_a-memset.o)
 .ARM.attributes
                0x00000719       0x2d c:/program files (x86)/gnu tools arm embedded/7 2018-q2-update/bin/../lib/gcc/arm-none-eabi/7.3.1/../../../../arm-none-eabi/lib/thumb/v7-m\libc_nano.a(lib_a-printf.o)
 .ARM.attributes
                0x00000746       0x2d c:/program files (x86)/gnu tools arm embedded/7 2018-q2-update/bin/../lib/gcc/arm-none-eabi/7.3.1/../../../../arm-none-eabi/lib/thumb/v7-m\libc_nano.a(lib_a-puts.o)
 .ARM.attributes
                0x00000773       0x2d c:/program files (x86)/gnu tools arm embedded/7 2018-q2-update/bin/../lib/gcc/arm-none-eabi/7.3.1/../../../../arm-none-eabi/lib/thumb/v7-m\libc_nano.a(lib_a-wbuf.o)
 .ARM.attributes
                0x000007a0       0x2d c:/program files (x86)/gnu tools arm embedded/7 2018-q2-update/bin/../lib/gcc/arm-none-eabi/7.3.1/../../../../arm-none-eabi/lib/thumb/v7-m\libc_nano.a(lib_a-wsetup.o)
 .ARM.attributes
                0x000007cd       0x2d c:/program files (x86)/gnu tools arm embedded/7 2018-q2-update/bin/../lib/gcc/arm-none-eabi/7.3.1/../../../../arm-none-eabi/lib/thumb/v7-m\libc_nano.a(lib_a-fflush.o)
 .ARM.attributes
                0x000007fa       0x2d c:/program files (x86)/gnu tools arm embedded/7 2018-q2-update/bin/../lib/gcc/arm-none-eabi/7.3.1/../../../../arm-none-eabi/lib/thumb/v7-m\libc_nano.a(lib_a-findfp.o)
 .ARM.attributes
                0x00000827       0x2d c:/program files (x86)/gnu tools arm embedded/7 2018-q2-update/bin/../lib/gcc/arm-none-eabi/7.3.1/../../../../arm-none-eabi/lib/thumb/v7-m\libc_nano.a(lib_a-fwalk.o)
 .ARM.attributes
                0x00000854       0x2d c:/program files (x86)/gnu tools arm embedded/7 2018-q2-update/bin/../lib/gcc/arm-none-eabi/7.3.1/../../../../arm-none-eabi/lib/thumb/v7-m\libc_nano.a(lib_a-makebuf.o)
 .ARM.attributes
                0x00000881       0x2d c:/program files (x86)/gnu tools arm embedded/7 2018-q2-update/bin/../lib/gcc/arm-none-eabi/7.3.1/../../../../arm-none-eabi/lib/thumb/v7-m\libc_nano.a(lib_a-nano-freer.o)
 .ARM.attributes
                0x000008ae       0x2d c:/program files (x86)/gnu tools arm embedded/7 2018-q2-update/bin/../lib/gcc/arm-none-eabi/7.3.1/../../../../arm-none-eabi/lib/thumb/v7-m\libc_nano.a(lib_a-nano-mallocr.o)
 .ARM.attributes
                0x000008db       0x2d c:/program files (x86)/gnu tools arm embedded/7 2018-q2-update/bin/../lib/gcc/arm-none-eabi/7.3.1/../../../../arm-none-eabi/lib/thumb/v7-m\libc_nano.a(lib_a-nano-vfprintf.o)
 .ARM.attributes
                0x00000908       0x2d c:/program files (x86)/gnu tools arm embedded/7 2018-q2-update/bin/../lib/gcc/arm-none-eabi/7.3.1/../../../../arm-none-eabi/lib/thumb/v7-m\libc_nano.a(lib_a-nano-vfprintf_i.o)
 .ARM.attributes
                0x00000935       0x2d c:/program files (x86)/gnu tools arm embedded/7 2018-q2-update/bin/../lib/gcc/arm-none-eabi/7.3.1/../../../../arm-none-eabi/lib/thumb/v7-m\libc_nano.a(lib_a-sbrkr.o)
 .ARM.attributes
                0x00000962       0x2d c:/program files (x86)/gnu tools arm embedded/7 2018-q2-update/bin/../lib/gcc/arm-none-eabi/7.3.1/../../../../arm-none-eabi/lib/thumb/v7-m\libc_nano.a(lib_a-stdio.o)
 .ARM.attributes
                0x0000098f       0x2d c:/program files (x86)/gnu tools arm embedded/7 2018-q2-update/bin/../lib/gcc/arm-none-eabi/7.3.1/../../../../arm-none-eabi/lib/thumb/v7-m\libc_nano.a(lib_a-writer.o)
 .ARM.attributes
                0x000009bc       0x2d c:/program files (x86)/gnu tools arm embedded/7 2018-q2-update/bin/../lib/gcc/arm-none-eabi/7.3.1/../../../../arm-none-eabi/lib/thumb/v7-m\libc_nano.a(lib_a-closer.o)
 .ARM.attributes
                0x000009e9       0x2d c:/program files (x86)/gnu tools arm embedded/7 2018-q2-update/bin/../lib/gcc/arm-none-eabi/7.3.1/../../../../arm-none-eabi/lib/thumb/v7-m\libc_nano.a(lib_a-fstatr.o)
 .ARM.attributes
                0x00000a16       0x2d c:/program files (x86)/gnu tools arm embedded/7 2018-q2-update/bin/../lib/gcc/arm-none-eabi/7.3.1/../../../../arm-none-eabi/lib/thumb/v7-m\libc_nano.a(lib_a-isattyr.o)
 .ARM.attributes
                0x00000a43       0x2d c:/program files (x86)/gnu tools arm embedded/7 2018-q2-update/bin/../lib/gcc/arm-none-eabi/7.3.1/../../../../arm-none-eabi/lib/thumb/v7-m\libc_nano.a(lib_a-lseekr.o)
 .ARM.attributes
                0x00000a70       0x2d c:/program files (x86)/gnu tools arm embedded/7 2018-q2-update/bin/../lib/gcc/arm-none-eabi/7.3.1/../../../../arm-none-eabi/lib/thumb/v7-m\libc_nano.a(lib_a-memchr-stub.o)
 .ARM.attributes
                0x00000a9d       0x2d c:/program files (x86)/gnu tools arm embedded/7 2018-q2-update/bin/../lib/gcc/arm-none-eabi/7.3.1/../../../../arm-none-eabi/lib/thumb/v7-m\libc_nano.a(lib_a-mlock.o)
 .ARM.attributes
                0x00000aca       0x2d c:/program files (x86)/gnu tools arm embedded/7 2018-q2-update/bin/../lib/gcc/arm-none-eabi/7.3.1/../../../../arm-none-eabi/lib/thumb/v7-m\libc_nano.a(lib_a-readr.o)
 .ARM.attributes
                0x00000af7       0x2d c:/program files (x86)/gnu tools arm embedded/7 2018-q2-update/bin/../lib/gcc/arm-none-eabi/7.3.1/../../../../arm-none-eabi/lib/thumb/v7-m\libc_nano.a(lib_a-reent.o)
 .ARM.attributes
                0x00000b24       0x2d c:/program files (x86)/gnu tools arm embedded/7 2018-q2-update/bin/../lib/gcc/arm-none-eabi/7.3.1/../../../../arm-none-eabi/lib/thumb/v7-m\libnosys.a(close.o)
 .ARM.attributes
                0x00000b51       0x2d c:/program files (x86)/gnu tools arm embedded/7 2018-q2-update/bin/../lib/gcc/arm-none-eabi/7.3.1/../../../../arm-none-eabi/lib/thumb/v7-m\libnosys.a(fstat.o)
 .ARM.attributes
                0x00000b7e       0x2d c:/program files (x86)/gnu tools arm embedded/7 2018-q2-update/bin/../lib/gcc/arm-none-eabi/7.3.1/../../../../arm-none-eabi/lib/thumb/v7-m\libnosys.a(isatty.o)
 .ARM.attributes
                0x00000bab       0x2d c:/program files (x86)/gnu tools arm embedded/7 2018-q2-update/bin/../lib/gcc/arm-none-eabi/7.3.1/../../../../arm-none-eabi/lib/thumb/v7-m\libnosys.a(lseek.o)
 .ARM.attributes
                0x00000bd8       0x2d c:/program files (x86)/gnu tools arm embedded/7 2018-q2-update/bin/../lib/gcc/arm-none-eabi/7.3.1/../../../../arm-none-eabi/lib/thumb/v7-m\libnosys.a(read.o)
 .ARM.attributes
                0x00000c05       0x2d c:/program files (x86)/gnu tools arm embedded/7 2018-q2-update/bin/../lib/gcc/arm-none-eabi/7.3.1/../../../../arm-none-eabi/lib/thumb/v7-m\libnosys.a(sbrk.o)
 .ARM.attributes
                0x00000c32       0x1d c:/program files (x86)/gnu tools arm embedded/7 2018-q2-update/bin/../lib/gcc/arm-none-eabi/7.3.1/thumb/v7-m/crtn.o
OUTPUT(build/Pro.elf elf32-littlearm)

.debug_info     0x00000000    0x291b1
 .debug_info    0x00000000      0xf85 build/syscalls.o
 .debug_info    0x00000f85     0x1f58 build/main.o
 .debug_info    0x00002edd      0xd0c build/gpio.o
 .debug_info    0x00003be9     0x12cb build/adc.o
 .debug_info    0x00004eb4      0xb03 build/dma.o
 .debug_info    0x000059b7     0x1063 build/freertos.o
 .debug_info    0x00006a1a     0x1222 build/spi.o
 .debug_info    0x00007c3c     0x18fd build/tim.o
 .debug_info    0x00009539     0x1ae3 build/usart.o
 .debug_info    0x0000b01c     0x17ec build/stm32f1xx_it.o
 .debug_info    0x0000c808      0xe61 build/stm32f1xx_hal_msp.o
 .debug_info    0x0000d669     0x13a0 build/stm32f1xx_hal_timebase_TIM.o
 .debug_info    0x0000ea09     0x1821 build/stm32f1xx_hal_adc.o
 .debug_info    0x0001022a      0xf9b build/stm32f1xx_hal_spi_ex.o
 .debug_info    0x000111c5     0x39fe build/stm32f1xx_hal_tim.o
 .debug_info    0x00014bc3     0x1ce4 build/stm32f1xx_hal_tim_ex.o
 .debug_info    0x000168a7     0x20c5 build/stm32f1xx_hal_uart.o
 .debug_info    0x0001896c     0x1190 build/stm32f1xx_hal.o
 .debug_info    0x00019afc     0x1382 build/stm32f1xx_hal_rcc.o
 .debug_info    0x0001ae7e      0xdbf build/stm32f1xx_hal_rcc_ex.o
 .debug_info    0x0001bc3d      0xfd3 build/stm32f1xx_hal_gpio.o
 .debug_info    0x0001cc10     0x116c build/stm32f1xx_hal_dma.o
 .debug_info    0x0001dd7c     0x1661 build/stm32f1xx_hal_cortex.o
 .debug_info    0x0001f3dd      0xd44 build/system_stm32f1xx.o
 .debug_info    0x00020121      0xd7b build/heap_4.o
 .debug_info    0x00020e9c      0x502 build/port.o
 .debug_info    0x0002139e     0x2132 build/queue.o
 .debug_info    0x000234d0     0x2b5c build/tasks.o
 .debug_info    0x0002602c      0xbdc build/list.o
 .debug_info    0x00026c08     0x2587 build/cmsis_os.o
 .debug_info    0x0002918f       0x22 build/startup_stm32f103xe.o

.debug_abbrev   0x00000000     0x515b
 .debug_abbrev  0x00000000      0x220 build/syscalls.o
 .debug_abbrev  0x00000220      0x2bf build/main.o
 .debug_abbrev  0x000004df      0x20d build/gpio.o
 .debug_abbrev  0x000006ec      0x257 build/adc.o
 .debug_abbrev  0x00000943      0x1b9 build/dma.o
 .debug_abbrev  0x00000afc      0x268 build/freertos.o
 .debug_abbrev  0x00000d64      0x23b build/spi.o
 .debug_abbrev  0x00000f9f      0x27c build/tim.o
 .debug_abbrev  0x0000121b      0x2c3 build/usart.o
 .debug_abbrev  0x000014de      0x29a build/stm32f1xx_it.o
 .debug_abbrev  0x00001778      0x216 build/stm32f1xx_hal_msp.o
 .debug_abbrev  0x0000198e      0x27b build/stm32f1xx_hal_timebase_TIM.o
 .debug_abbrev  0x00001c09      0x2a0 build/stm32f1xx_hal_adc.o
 .debug_abbrev  0x00001ea9      0x1eb build/stm32f1xx_hal_spi_ex.o
 .debug_abbrev  0x00002094      0x31f build/stm32f1xx_hal_tim.o
 .debug_abbrev  0x000023b3      0x2f8 build/stm32f1xx_hal_tim_ex.o
 .debug_abbrev  0x000026ab      0x338 build/stm32f1xx_hal_uart.o
 .debug_abbrev  0x000029e3      0x2f0 build/stm32f1xx_hal.o
 .debug_abbrev  0x00002cd3      0x332 build/stm32f1xx_hal_rcc.o
 .debug_abbrev  0x00003005      0x296 build/stm32f1xx_hal_rcc_ex.o
 .debug_abbrev  0x0000329b      0x2be build/stm32f1xx_hal_gpio.o
 .debug_abbrev  0x00003559      0x2ff build/stm32f1xx_hal_dma.o
 .debug_abbrev  0x00003858      0x3d3 build/stm32f1xx_hal_cortex.o
 .debug_abbrev  0x00003c2b      0x209 build/system_stm32f1xx.o
 .debug_abbrev  0x00003e34      0x312 build/heap_4.o
 .debug_abbrev  0x00004146      0x268 build/port.o
 .debug_abbrev  0x000043ae      0x3a0 build/queue.o
 .debug_abbrev  0x0000474e      0x411 build/tasks.o
 .debug_abbrev  0x00004b5f      0x217 build/list.o
 .debug_abbrev  0x00004d76      0x3d3 build/cmsis_os.o
 .debug_abbrev  0x00005149       0x12 build/startup_stm32f103xe.o

.debug_loc      0x00000000     0xed98
 .debug_loc     0x00000000       0xfe build/syscalls.o
 .debug_loc     0x000000fe       0xe0 build/main.o
 .debug_loc     0x000001de       0x38 build/gpio.o
 .debug_loc     0x00000216       0xf2 build/adc.o
 .debug_loc     0x00000308       0x2c build/dma.o
 .debug_loc     0x00000334      0x1a9 build/freertos.o
 .debug_loc     0x000004dd       0xd3 build/spi.o
 .debug_loc     0x000005b0      0x201 build/tim.o
 .debug_loc     0x000007b1      0x40c build/usart.o
 .debug_loc     0x00000bbd      0x225 build/stm32f1xx_it.o
 .debug_loc     0x00000de2       0x38 build/stm32f1xx_hal_msp.o
 .debug_loc     0x00000e1a       0xbd build/stm32f1xx_hal_timebase_TIM.o
 .debug_loc     0x00000ed7      0xd12 build/stm32f1xx_hal_adc.o
 .debug_loc     0x00001be9       0x79 build/stm32f1xx_hal_spi_ex.o
 .debug_loc     0x00001c62     0x404a build/stm32f1xx_hal_tim.o
 .debug_loc     0x00005cac     0x13ca build/stm32f1xx_hal_tim_ex.o
 .debug_loc     0x00007076     0x19dd build/stm32f1xx_hal_uart.o
 .debug_loc     0x00008a53      0x19d build/stm32f1xx_hal.o
 .debug_loc     0x00008bf0      0x68e build/stm32f1xx_hal_rcc.o
 .debug_loc     0x0000927e      0x392 build/stm32f1xx_hal_rcc_ex.o
 .debug_loc     0x00009610      0x50b build/stm32f1xx_hal_gpio.o
 .debug_loc     0x00009b1b      0x8c3 build/stm32f1xx_hal_dma.o
 .debug_loc     0x0000a3de      0x63d build/stm32f1xx_hal_cortex.o
 .debug_loc     0x0000aa1b       0xdf build/system_stm32f1xx.o
 .debug_loc     0x0000aafa      0x324 build/heap_4.o
 .debug_loc     0x0000ae1e      0x11a build/port.o
 .debug_loc     0x0000af38     0x10b3 build/queue.o
 .debug_loc     0x0000bfeb     0x1724 build/tasks.o
 .debug_loc     0x0000d70f       0x9c build/list.o
 .debug_loc     0x0000d7ab     0x15ed build/cmsis_os.o

.debug_aranges  0x00000000     0x1318
 .debug_aranges
                0x00000000       0x28 build/syscalls.o
 .debug_aranges
                0x00000028       0x40 build/main.o
 .debug_aranges
                0x00000068       0x20 build/gpio.o
 .debug_aranges
                0x00000088       0x30 build/adc.o
 .debug_aranges
                0x000000b8       0x20 build/dma.o
 .debug_aranges
                0x000000d8       0x48 build/freertos.o
 .debug_aranges
                0x00000120       0x30 build/spi.o
 .debug_aranges
                0x00000150       0x48 build/tim.o
 .debug_aranges
                0x00000198       0x70 build/usart.o
 .debug_aranges
                0x00000208       0xa8 build/stm32f1xx_it.o
 .debug_aranges
                0x000002b0       0x20 build/stm32f1xx_hal_msp.o
 .debug_aranges
                0x000002d0       0x30 build/stm32f1xx_hal_timebase_TIM.o
 .debug_aranges
                0x00000300       0xf0 build/stm32f1xx_hal_adc.o
 .debug_aranges
                0x000003f0       0x20 build/stm32f1xx_hal_spi_ex.o
 .debug_aranges
                0x00000410      0x368 build/stm32f1xx_hal_tim.o
 .debug_aranges
                0x00000778      0x138 build/stm32f1xx_hal_tim_ex.o
 .debug_aranges
                0x000008b0      0x1d0 build/stm32f1xx_hal_uart.o
 .debug_aranges
                0x00000a80       0xd0 build/stm32f1xx_hal.o
 .debug_aranges
                0x00000b50       0x90 build/stm32f1xx_hal_rcc.o
 .debug_aranges
                0x00000be0       0x30 build/stm32f1xx_hal_rcc_ex.o
 .debug_aranges
                0x00000c10       0x58 build/stm32f1xx_hal_gpio.o
 .debug_aranges
                0x00000c68       0x80 build/stm32f1xx_hal_dma.o
 .debug_aranges
                0x00000ce8       0x90 build/stm32f1xx_hal_cortex.o
 .debug_aranges
                0x00000d78       0x28 build/system_stm32f1xx.o
 .debug_aranges
                0x00000da0       0x50 build/heap_4.o
 .debug_aranges
                0x00000df0       0x78 build/port.o
 .debug_aranges
                0x00000e68       0xe0 build/queue.o
 .debug_aranges
                0x00000f48      0x190 build/tasks.o
 .debug_aranges
                0x000010d8       0x40 build/list.o
 .debug_aranges
                0x00001118      0x1d8 build/cmsis_os.o
 .debug_aranges
                0x000012f0       0x28 build/startup_stm32f103xe.o

.debug_ranges   0x00000000     0x12f8
 .debug_ranges  0x00000000       0x18 build/syscalls.o
 .debug_ranges  0x00000018       0x30 build/main.o
 .debug_ranges  0x00000048       0x10 build/gpio.o
 .debug_ranges  0x00000058       0x20 build/adc.o
 .debug_ranges  0x00000078       0x10 build/dma.o
 .debug_ranges  0x00000088       0x38 build/freertos.o
 .debug_ranges  0x000000c0       0x20 build/spi.o
 .debug_ranges  0x000000e0       0x38 build/tim.o
 .debug_ranges  0x00000118       0x60 build/usart.o
 .debug_ranges  0x00000178       0x98 build/stm32f1xx_it.o
 .debug_ranges  0x00000210       0x10 build/stm32f1xx_hal_msp.o
 .debug_ranges  0x00000220       0x20 build/stm32f1xx_hal_timebase_TIM.o
 .debug_ranges  0x00000240       0xe0 build/stm32f1xx_hal_adc.o
 .debug_ranges  0x00000320       0x10 build/stm32f1xx_hal_spi_ex.o
 .debug_ranges  0x00000330      0x358 build/stm32f1xx_hal_tim.o
 .debug_ranges  0x00000688      0x128 build/stm32f1xx_hal_tim_ex.o
 .debug_ranges  0x000007b0      0x1c0 build/stm32f1xx_hal_uart.o
 .debug_ranges  0x00000970       0xc0 build/stm32f1xx_hal.o
 .debug_ranges  0x00000a30       0xa0 build/stm32f1xx_hal_rcc.o
 .debug_ranges  0x00000ad0       0x38 build/stm32f1xx_hal_rcc_ex.o
 .debug_ranges  0x00000b08       0x48 build/stm32f1xx_hal_gpio.o
 .debug_ranges  0x00000b50       0x70 build/stm32f1xx_hal_dma.o
 .debug_ranges  0x00000bc0       0xe0 build/stm32f1xx_hal_cortex.o
 .debug_ranges  0x00000ca0       0x18 build/system_stm32f1xx.o
 .debug_ranges  0x00000cb8       0x40 build/heap_4.o
 .debug_ranges  0x00000cf8       0x68 build/port.o
 .debug_ranges  0x00000d60      0x170 build/queue.o
 .debug_ranges  0x00000ed0      0x210 build/tasks.o
 .debug_ranges  0x000010e0       0x30 build/list.o
 .debug_ranges  0x00001110      0x1c8 build/cmsis_os.o
 .debug_ranges  0x000012d8       0x20 build/startup_stm32f103xe.o

.debug_line     0x00000000     0xa24d
 .debug_line    0x00000000      0x2bf build/syscalls.o
 .debug_line    0x000002bf      0x430 build/main.o
 .debug_line    0x000006ef      0x26a build/gpio.o
 .debug_line    0x00000959      0x319 build/adc.o
 .debug_line    0x00000c72      0x21d build/dma.o
 .debug_line    0x00000e8f      0x3c0 build/freertos.o
 .debug_line    0x0000124f      0x2f1 build/spi.o
 .debug_line    0x00001540      0x3a5 build/tim.o
 .debug_line    0x000018e5      0x425 build/usart.o
 .debug_line    0x00001d0a      0x52e build/stm32f1xx_it.o
 .debug_line    0x00002238      0x26f build/stm32f1xx_hal_msp.o
 .debug_line    0x000024a7      0x2fc build/stm32f1xx_hal_timebase_TIM.o
 .debug_line    0x000027a3      0x843 build/stm32f1xx_hal_adc.o
 .debug_line    0x00002fe6      0x2c6 build/stm32f1xx_hal_spi_ex.o
 .debug_line    0x000032ac     0x1327 build/stm32f1xx_hal_tim.o
 .debug_line    0x000045d3      0x845 build/stm32f1xx_hal_tim_ex.o
 .debug_line    0x00004e18      0xbb8 build/stm32f1xx_hal_uart.o
 .debug_line    0x000059d0      0x44c build/stm32f1xx_hal.o
 .debug_line    0x00005e1c      0x5b3 build/stm32f1xx_hal_rcc.o
 .debug_line    0x000063cf      0x37f build/stm32f1xx_hal_rcc_ex.o
 .debug_line    0x0000674e      0x457 build/stm32f1xx_hal_gpio.o
 .debug_line    0x00006ba5      0x890 build/stm32f1xx_hal_dma.o
 .debug_line    0x00007435      0x40e build/stm32f1xx_hal_cortex.o
 .debug_line    0x00007843      0x278 build/system_stm32f1xx.o
 .debug_line    0x00007abb      0x3ec build/heap_4.o
 .debug_line    0x00007ea7      0x310 build/port.o
 .debug_line    0x000081b7      0x82d build/queue.o
 .debug_line    0x000089e4      0xba3 build/tasks.o
 .debug_line    0x00009587      0x343 build/list.o
 .debug_line    0x000098ca      0x911 build/cmsis_os.o
 .debug_line    0x0000a1db       0x72 build/startup_stm32f103xe.o

.debug_str      0x00000000     0x5dee
 .debug_str     0x00000000      0x8d2 build/syscalls.o
                                0x981 (size before relaxing)
 .debug_str     0x000008d2      0xbdf build/main.o
                               0x1549 (size before relaxing)
 .debug_str     0x000014b1       0xd0 build/gpio.o
                                0x6a1 (size before relaxing)
 .debug_str     0x00001581       0xd4 build/adc.o
                                0xa46 (size before relaxing)
 .debug_str     0x00001655        0xf build/dma.o
                                0x607 (size before relaxing)
 .debug_str     0x00001664      0x3d4 build/freertos.o
                                0x98e (size before relaxing)
 .debug_str     0x00001a38       0x48 build/spi.o
                                0xa90 (size before relaxing)
 .debug_str     0x00001a80      0x229 build/tim.o
                               0x105f (size before relaxing)
 .debug_str     0x00001ca9      0x130 build/usart.o
                               0x10f3 (size before relaxing)
 .debug_str     0x00001dd9      0x20e build/stm32f1xx_it.o
                                0xf36 (size before relaxing)
 .debug_str     0x00001fe7       0x46 build/stm32f1xx_hal_msp.o
                                0xa2e (size before relaxing)
 .debug_str     0x0000202d       0xf4 build/stm32f1xx_hal_timebase_TIM.o
                                0xf07 (size before relaxing)
 .debug_str     0x00002121      0x345 build/stm32f1xx_hal_adc.o
                                0xcb1 (size before relaxing)
 .debug_str     0x00002466       0x3d build/stm32f1xx_hal_spi_ex.o
                                0x9eb (size before relaxing)
 .debug_str     0x000024a3      0xbc1 build/stm32f1xx_hal_tim.o
                               0x1759 (size before relaxing)
 .debug_str     0x00003064      0x47e build/stm32f1xx_hal_tim_ex.o
                                0xffb (size before relaxing)
 .debug_str     0x000034e2      0x4eb build/stm32f1xx_hal_uart.o
                                0xf72 (size before relaxing)
 .debug_str     0x000039cd      0x251 build/stm32f1xx_hal.o
                                0xcf3 (size before relaxing)
 .debug_str     0x00003c1e      0x173 build/stm32f1xx_hal_rcc.o
                                0xa01 (size before relaxing)
 .debug_str     0x00003d91       0x81 build/stm32f1xx_hal_rcc_ex.o
                                0x823 (size before relaxing)
 .debug_str     0x00003e12       0xf9 build/stm32f1xx_hal_gpio.o
                                0x82a (size before relaxing)
 .debug_str     0x00003f0b      0x1d8 build/stm32f1xx_hal_dma.o
                                0xa21 (size before relaxing)
 .debug_str     0x000040e3      0x282 build/stm32f1xx_hal_cortex.o
                                0xda1 (size before relaxing)
 .debug_str     0x00004365       0x4f build/system_stm32f1xx.o
                                0x698 (size before relaxing)
 .debug_str     0x000043b4      0x24f build/heap_4.o
                                0x7ba (size before relaxing)
 .debug_str     0x00004603      0x25c build/port.o
                                0x430 (size before relaxing)
 .debug_str     0x0000485f      0x5e3 build/queue.o
                                0xcdb (size before relaxing)
 .debug_str     0x00004e42      0x885 build/tasks.o
                               0x11e1 (size before relaxing)
 .debug_str     0x000056c7       0x6c build/list.o
                                0x6d1 (size before relaxing)
 .debug_str     0x00005733      0x697 build/cmsis_os.o
                               0x1184 (size before relaxing)
 .debug_str     0x00005dca       0x24 build/startup_stm32f103xe.o
                                 0x52 (size before relaxing)

.comment        0x00000000       0x7f
 .comment       0x00000000       0x7f build/syscalls.o
                                 0x80 (size before relaxing)
 .comment       0x0000007f       0x80 build/main.o
 .comment       0x0000007f       0x80 build/gpio.o
 .comment       0x0000007f       0x80 build/adc.o
 .comment       0x0000007f       0x80 build/dma.o
 .comment       0x0000007f       0x80 build/freertos.o
 .comment       0x0000007f       0x80 build/spi.o
 .comment       0x0000007f       0x80 build/tim.o
 .comment       0x0000007f       0x80 build/usart.o
 .comment       0x0000007f       0x80 build/stm32f1xx_it.o
 .comment       0x0000007f       0x80 build/stm32f1xx_hal_msp.o
 .comment       0x0000007f       0x80 build/stm32f1xx_hal_timebase_TIM.o
 .comment       0x0000007f       0x80 build/stm32f1xx_hal_adc.o
 .comment       0x0000007f       0x80 build/stm32f1xx_hal_spi_ex.o
 .comment       0x0000007f       0x80 build/stm32f1xx_hal_tim.o
 .comment       0x0000007f       0x80 build/stm32f1xx_hal_tim_ex.o
 .comment       0x0000007f       0x80 build/stm32f1xx_hal_uart.o
 .comment       0x0000007f       0x80 build/stm32f1xx_hal.o
 .comment       0x0000007f       0x80 build/stm32f1xx_hal_rcc.o
 .comment       0x0000007f       0x80 build/stm32f1xx_hal_rcc_ex.o
 .comment       0x0000007f       0x80 build/stm32f1xx_hal_gpio.o
 .comment       0x0000007f       0x80 build/stm32f1xx_hal_dma.o
 .comment       0x0000007f       0x80 build/stm32f1xx_hal_cortex.o
 .comment       0x0000007f       0x80 build/system_stm32f1xx.o
 .comment       0x0000007f       0x80 build/heap_4.o
 .comment       0x0000007f       0x80 build/port.o
 .comment       0x0000007f       0x80 build/queue.o
 .comment       0x0000007f       0x80 build/tasks.o
 .comment       0x0000007f       0x80 build/list.o
 .comment       0x0000007f       0x80 build/cmsis_os.o

.debug_frame    0x00000000     0x3fec
 .debug_frame   0x00000000       0x4c build/syscalls.o
 .debug_frame   0x0000004c       0x94 build/main.o
 .debug_frame   0x000000e0       0x3c build/gpio.o
 .debug_frame   0x0000011c       0x70 build/adc.o
 .debug_frame   0x0000018c       0x28 build/dma.o
 .debug_frame   0x000001b4       0xbc build/freertos.o
 .debug_frame   0x00000270       0x68 build/spi.o
 .debug_frame   0x000002d8       0xc4 build/tim.o
 .debug_frame   0x0000039c      0x16c build/usart.o
 .debug_frame   0x00000508      0x1f0 build/stm32f1xx_it.o
 .debug_frame   0x000006f8       0x30 build/stm32f1xx_hal_msp.o
 .debug_frame   0x00000728       0x50 build/stm32f1xx_hal_timebase_TIM.o
 .debug_frame   0x00000778      0x31c build/stm32f1xx_hal_adc.o
 .debug_frame   0x00000a94       0x30 build/stm32f1xx_hal_spi_ex.o
 .debug_frame   0x00000ac4      0xb04 build/stm32f1xx_hal_tim.o
 .debug_frame   0x000015c8      0x3e4 build/stm32f1xx_hal_tim_ex.o
 .debug_frame   0x000019ac      0x57c build/stm32f1xx_hal_uart.o
 .debug_frame   0x00001f28      0x1c0 build/stm32f1xx_hal.o
 .debug_frame   0x000020e8      0x194 build/stm32f1xx_hal_rcc.o
 .debug_frame   0x0000227c       0x74 build/stm32f1xx_hal_rcc_ex.o
 .debug_frame   0x000022f0       0xe8 build/stm32f1xx_hal_gpio.o
 .debug_frame   0x000023d8      0x168 build/stm32f1xx_hal_dma.o
 .debug_frame   0x00002540      0x13c build/stm32f1xx_hal_cortex.o
 .debug_frame   0x0000267c       0x30 build/system_stm32f1xx.o
 .debug_frame   0x000026ac       0xbc build/heap_4.o
 .debug_frame   0x00002768       0xe8 build/port.o
 .debug_frame   0x00002850      0x318 build/queue.o
 .debug_frame   0x00002b68      0x588 build/tasks.o
 .debug_frame   0x000030f0       0x70 build/list.o
 .debug_frame   0x00003160      0x62c build/cmsis_os.o
 .debug_frame   0x0000378c       0x2c c:/program files (x86)/gnu tools arm embedded/7 2018-q2-update/bin/../lib/gcc/arm-none-eabi/7.3.1/../../../../arm-none-eabi/lib/thumb/v7-m\libc_nano.a(lib_a-init.o)
 .debug_frame   0x000037b8       0x28 c:/program files (x86)/gnu tools arm embedded/7 2018-q2-update/bin/../lib/gcc/arm-none-eabi/7.3.1/../../../../arm-none-eabi/lib/thumb/v7-m\libc_nano.a(lib_a-memcpy-stub.o)
 .debug_frame   0x000037e0       0x20 c:/program files (x86)/gnu tools arm embedded/7 2018-q2-update/bin/../lib/gcc/arm-none-eabi/7.3.1/../../../../arm-none-eabi/lib/thumb/v7-m\libc_nano.a(lib_a-memset.o)
 .debug_frame   0x00003800       0x74 c:/program files (x86)/gnu tools arm embedded/7 2018-q2-update/bin/../lib/gcc/arm-none-eabi/7.3.1/../../../../arm-none-eabi/lib/thumb/v7-m\libc_nano.a(lib_a-printf.o)
 .debug_frame   0x00003874       0x3c c:/program files (x86)/gnu tools arm embedded/7 2018-q2-update/bin/../lib/gcc/arm-none-eabi/7.3.1/../../../../arm-none-eabi/lib/thumb/v7-m\libc_nano.a(lib_a-puts.o)
 .debug_frame   0x000038b0       0x40 c:/program files (x86)/gnu tools arm embedded/7 2018-q2-update/bin/../lib/gcc/arm-none-eabi/7.3.1/../../../../arm-none-eabi/lib/thumb/v7-m\libc_nano.a(lib_a-wbuf.o)
 .debug_frame   0x000038f0       0x2c c:/program files (x86)/gnu tools arm embedded/7 2018-q2-update/bin/../lib/gcc/arm-none-eabi/7.3.1/../../../../arm-none-eabi/lib/thumb/v7-m\libc_nano.a(lib_a-wsetup.o)
 .debug_frame   0x0000391c       0x68 c:/program files (x86)/gnu tools arm embedded/7 2018-q2-update/bin/../lib/gcc/arm-none-eabi/7.3.1/../../../../arm-none-eabi/lib/thumb/v7-m\libc_nano.a(lib_a-fflush.o)
 .debug_frame   0x00003984      0x11c c:/program files (x86)/gnu tools arm embedded/7 2018-q2-update/bin/../lib/gcc/arm-none-eabi/7.3.1/../../../../arm-none-eabi/lib/thumb/v7-m\libc_nano.a(lib_a-findfp.o)
 .debug_frame   0x00003aa0       0x54 c:/program files (x86)/gnu tools arm embedded/7 2018-q2-update/bin/../lib/gcc/arm-none-eabi/7.3.1/../../../../arm-none-eabi/lib/thumb/v7-m\libc_nano.a(lib_a-fwalk.o)
 .debug_frame   0x00003af4       0x58 c:/program files (x86)/gnu tools arm embedded/7 2018-q2-update/bin/../lib/gcc/arm-none-eabi/7.3.1/../../../../arm-none-eabi/lib/thumb/v7-m\libc_nano.a(lib_a-makebuf.o)
 .debug_frame   0x00003b4c       0x38 c:/program files (x86)/gnu tools arm embedded/7 2018-q2-update/bin/../lib/gcc/arm-none-eabi/7.3.1/../../../../arm-none-eabi/lib/thumb/v7-m\libc_nano.a(lib_a-nano-freer.o)
 .debug_frame   0x00003b84       0x2c c:/program files (x86)/gnu tools arm embedded/7 2018-q2-update/bin/../lib/gcc/arm-none-eabi/7.3.1/../../../../arm-none-eabi/lib/thumb/v7-m\libc_nano.a(lib_a-nano-mallocr.o)
 .debug_frame   0x00003bb0       0xac c:/program files (x86)/gnu tools arm embedded/7 2018-q2-update/bin/../lib/gcc/arm-none-eabi/7.3.1/../../../../arm-none-eabi/lib/thumb/v7-m\libc_nano.a(lib_a-nano-vfprintf.o)
 .debug_frame   0x00003c5c       0x60 c:/program files (x86)/gnu tools arm embedded/7 2018-q2-update/bin/../lib/gcc/arm-none-eabi/7.3.1/../../../../arm-none-eabi/lib/thumb/v7-m\libc_nano.a(lib_a-nano-vfprintf_i.o)
 .debug_frame   0x00003cbc       0x2c c:/program files (x86)/gnu tools arm embedded/7 2018-q2-update/bin/../lib/gcc/arm-none-eabi/7.3.1/../../../../arm-none-eabi/lib/thumb/v7-m\libc_nano.a(lib_a-sbrkr.o)
 .debug_frame   0x00003ce8       0x88 c:/program files (x86)/gnu tools arm embedded/7 2018-q2-update/bin/../lib/gcc/arm-none-eabi/7.3.1/../../../../arm-none-eabi/lib/thumb/v7-m\libc_nano.a(lib_a-stdio.o)
 .debug_frame   0x00003d70       0x2c c:/program files (x86)/gnu tools arm embedded/7 2018-q2-update/bin/../lib/gcc/arm-none-eabi/7.3.1/../../../../arm-none-eabi/lib/thumb/v7-m\libc_nano.a(lib_a-writer.o)
 .debug_frame   0x00003d9c       0x2c c:/program files (x86)/gnu tools arm embedded/7 2018-q2-update/bin/../lib/gcc/arm-none-eabi/7.3.1/../../../../arm-none-eabi/lib/thumb/v7-m\libc_nano.a(lib_a-closer.o)
 .debug_frame   0x00003dc8       0x2c c:/program files (x86)/gnu tools arm embedded/7 2018-q2-update/bin/../lib/gcc/arm-none-eabi/7.3.1/../../../../arm-none-eabi/lib/thumb/v7-m\libc_nano.a(lib_a-fstatr.o)
 .debug_frame   0x00003df4       0x2c c:/program files (x86)/gnu tools arm embedded/7 2018-q2-update/bin/../lib/gcc/arm-none-eabi/7.3.1/../../../../arm-none-eabi/lib/thumb/v7-m\libc_nano.a(lib_a-isattyr.o)
 .debug_frame   0x00003e20       0x2c c:/program files (x86)/gnu tools arm embedded/7 2018-q2-update/bin/../lib/gcc/arm-none-eabi/7.3.1/../../../../arm-none-eabi/lib/thumb/v7-m\libc_nano.a(lib_a-lseekr.o)
 .debug_frame   0x00003e4c       0x28 c:/program files (x86)/gnu tools arm embedded/7 2018-q2-update/bin/../lib/gcc/arm-none-eabi/7.3.1/../../../../arm-none-eabi/lib/thumb/v7-m\libc_nano.a(lib_a-memchr-stub.o)
 .debug_frame   0x00003e74       0x30 c:/program files (x86)/gnu tools arm embedded/7 2018-q2-update/bin/../lib/gcc/arm-none-eabi/7.3.1/../../../../arm-none-eabi/lib/thumb/v7-m\libc_nano.a(lib_a-mlock.o)
 .debug_frame   0x00003ea4       0x2c c:/program files (x86)/gnu tools arm embedded/7 2018-q2-update/bin/../lib/gcc/arm-none-eabi/7.3.1/../../../../arm-none-eabi/lib/thumb/v7-m\libc_nano.a(lib_a-readr.o)
 .debug_frame   0x00003ed0       0x5c c:/program files (x86)/gnu tools arm embedded/7 2018-q2-update/bin/../lib/gcc/arm-none-eabi/7.3.1/../../../../arm-none-eabi/lib/thumb/v7-m\libc_nano.a(lib_a-reent.o)
 .debug_frame   0x00003f2c       0x20 c:/program files (x86)/gnu tools arm embedded/7 2018-q2-update/bin/../lib/gcc/arm-none-eabi/7.3.1/../../../../arm-none-eabi/lib/thumb/v7-m\libnosys.a(close.o)
 .debug_frame   0x00003f4c       0x20 c:/program files (x86)/gnu tools arm embedded/7 2018-q2-update/bin/../lib/gcc/arm-none-eabi/7.3.1/../../../../arm-none-eabi/lib/thumb/v7-m\libnosys.a(fstat.o)
 .debug_frame   0x00003f6c       0x20 c:/program files (x86)/gnu tools arm embedded/7 2018-q2-update/bin/../lib/gcc/arm-none-eabi/7.3.1/../../../../arm-none-eabi/lib/thumb/v7-m\libnosys.a(isatty.o)
 .debug_frame   0x00003f8c       0x20 c:/program files (x86)/gnu tools arm embedded/7 2018-q2-update/bin/../lib/gcc/arm-none-eabi/7.3.1/../../../../arm-none-eabi/lib/thumb/v7-m\libnosys.a(lseek.o)
 .debug_frame   0x00003fac       0x20 c:/program files (x86)/gnu tools arm embedded/7 2018-q2-update/bin/../lib/gcc/arm-none-eabi/7.3.1/../../../../arm-none-eabi/lib/thumb/v7-m\libnosys.a(read.o)
 .debug_frame   0x00003fcc       0x20 c:/program files (x86)/gnu tools arm embedded/7 2018-q2-update/bin/../lib/gcc/arm-none-eabi/7.3.1/../../../../arm-none-eabi/lib/thumb/v7-m\libnosys.a(sbrk.o)

.stab           0x00000000       0x84
 .stab          0x00000000       0x24 c:/program files (x86)/gnu tools arm embedded/7 2018-q2-update/bin/../lib/gcc/arm-none-eabi/7.3.1/../../../../arm-none-eabi/lib/thumb/v7-m\libnosys.a(close.o)
 .stab          0x00000024       0x18 c:/program files (x86)/gnu tools arm embedded/7 2018-q2-update/bin/../lib/gcc/arm-none-eabi/7.3.1/../../../../arm-none-eabi/lib/thumb/v7-m\libnosys.a(fstat.o)
                                 0x24 (size before relaxing)
 .stab          0x0000003c       0x18 c:/program files (x86)/gnu tools arm embedded/7 2018-q2-update/bin/../lib/gcc/arm-none-eabi/7.3.1/../../../../arm-none-eabi/lib/thumb/v7-m\libnosys.a(isatty.o)
                                 0x24 (size before relaxing)